
## How GC affect object headers

```

Gc
Address changed: 1
java.lang.Object object internals:
 OFFSET  SIZE   TYPE DESCRIPTION                               VALUE
      0     4        (object header)                           0d 00 00 00 (00001101 00000000 00000000 00000000) (13)
      4     4        (object header)                           00 00 00 00 (00000000 00000000 00000000 00000000) (0)
      8     4        (object header)                           8f 04 00 00 (10001111 00000100 00000000 00000000) (1167)
     12     4        (loss due to the next object alignment)
Instance size: 16 bytes
Space losses: 0 bytes internal + 4 bytes external = 4 bytes total

Address changed: 2
java.lang.Object object internals:
 OFFSET  SIZE   TYPE DESCRIPTION                               VALUE
      0     4        (object header)                           15 00 00 00 (00010101 00000000 00000000 00000000) (21)
      4     4        (object header)                           00 00 00 00 (00000000 00000000 00000000 00000000) (0)
      8     4        (object header)                           8f 04 00 00 (10001111 00000100 00000000 00000000) (1167)
     12     4        (loss due to the next object alignment)
Instance size: 16 bytes
Space losses: 0 bytes internal + 4 bytes external = 4 bytes total

Address changed: 3
java.lang.Object object internals:
 OFFSET  SIZE   TYPE DESCRIPTION                               VALUE
      0     4        (object header)                           1d 00 00 00 (00011101 00000000 00000000 00000000) (29)
      4     4        (object header)                           00 00 00 00 (00000000 00000000 00000000 00000000) (0)
      8     4        (object header)                           8f 04 00 00 (10001111 00000100 00000000 00000000) (1167)
     12     4        (loss due to the next object alignment)
Instance size: 16 bytes
Space losses: 0 bytes internal + 4 bytes external = 4 bytes total

Address changed: 4
java.lang.Object object internals:
 OFFSET  SIZE   TYPE DESCRIPTION                               VALUE
      0     4        (object header)                           25 00 00 00 (00100101 00000000 00000000 00000000) (37)
      4     4        (object header)                           00 00 00 00 (00000000 00000000 00000000 00000000) (0)
      8     4        (object header)                           8f 04 00 00 (10001111 00000100 00000000 00000000) (1167)
     12     4        (loss due to the next object alignment)
Instance size: 16 bytes
Space losses: 0 bytes internal + 4 bytes external = 4 bytes total

Address changed: 5
java.lang.Object object internals:
 OFFSET  SIZE   TYPE DESCRIPTION                               VALUE
      0     4        (object header)                           2d 00 00 00 (00101101 00000000 00000000 00000000) (45)
      4     4        (object header)                           00 00 00 00 (00000000 00000000 00000000 00000000) (0)
      8     4        (object header)                           8f 04 00 00 (10001111 00000100 00000000 00000000) (1167)
     12     4        (loss due to the next object alignment)
Instance size: 16 bytes
Space losses: 0 bytes internal + 4 bytes external = 4 bytes total

Address changed: 6
java.lang.Object object internals:
 OFFSET  SIZE   TYPE DESCRIPTION                               VALUE
      0     4        (object header)                           35 00 00 00 (00110101 00000000 00000000 00000000) (53)
      4     4        (object header)                           00 00 00 00 (00000000 00000000 00000000 00000000) (0)
      8     4        (object header)                           8f 04 00 00 (10001111 00000100 00000000 00000000) (1167)
     12     4        (loss due to the next object alignment)
Instance size: 16 bytes
Space losses: 0 bytes internal + 4 bytes external = 4 bytes total

Address changed: 7
java.lang.Object object internals:
 OFFSET  SIZE   TYPE DESCRIPTION                               VALUE
      0     4        (object header)                           3d 00 00 00 (00111101 00000000 00000000 00000000) (61)
      4     4        (object header)                           00 00 00 00 (00000000 00000000 00000000 00000000) (0)
      8     4        (object header)                           8f 04 00 00 (10001111 00000100 00000000 00000000) (1167)
     12     4        (loss due to the next object alignment)
Instance size: 16 bytes
Space losses: 0 bytes internal + 4 bytes external = 4 bytes total

Address changed: 8
java.lang.Object object internals:
 OFFSET  SIZE   TYPE DESCRIPTION                               VALUE
      0     4        (object header)                           45 00 00 00 (01000101 00000000 00000000 00000000) (69)
      4     4        (object header)                           00 00 00 00 (00000000 00000000 00000000 00000000) (0)
      8     4        (object header)                           8f 04 00 00 (10001111 00000100 00000000 00000000) (1167)
     12     4        (loss due to the next object alignment)
Instance size: 16 bytes
Space losses: 0 bytes internal + 4 bytes external = 4 bytes total

Address changed: 9
java.lang.Object object internals:
 OFFSET  SIZE   TYPE DESCRIPTION                               VALUE
      0     4        (object header)                           4d 00 00 00 (01001101 00000000 00000000 00000000) (77)
      4     4        (object header)                           00 00 00 00 (00000000 00000000 00000000 00000000) (0)
      8     4        (object header)                           8f 04 00 00 (10001111 00000100 00000000 00000000) (1167)
     12     4        (loss due to the next object alignment)
Instance size: 16 bytes
Space losses: 0 bytes internal + 4 bytes external = 4 bytes total

Address changed: 10
java.lang.Object object internals:
 OFFSET  SIZE   TYPE DESCRIPTION                               VALUE
      0     4        (object header)                           55 00 00 00 (01010101 00000000 00000000 00000000) (85)
      4     4        (object header)                           00 00 00 00 (00000000 00000000 00000000 00000000) (0)
      8     4        (object header)                           8f 04 00 00 (10001111 00000100 00000000 00000000) (1167)
     12     4        (loss due to the next object alignment)
Instance size: 16 bytes
Space losses: 0 bytes internal + 4 bytes external = 4 bytes total

Address changed: 11
java.lang.Object object internals:
 OFFSET  SIZE   TYPE DESCRIPTION                               VALUE
      0     4        (object header)                           5d 00 00 00 (01011101 00000000 00000000 00000000) (93)
      4     4        (object header)                           00 00 00 00 (00000000 00000000 00000000 00000000) (0)
      8     4        (object header)                           8f 04 00 00 (10001111 00000100 00000000 00000000) (1167)
     12     4        (loss due to the next object alignment)
Instance size: 16 bytes
Space losses: 0 bytes internal + 4 bytes external = 4 bytes total

Address changed: 12
java.lang.Object object internals:
 OFFSET  SIZE   TYPE DESCRIPTION                               VALUE
      0     4        (object header)                           65 00 00 00 (01100101 00000000 00000000 00000000) (101)
      4     4        (object header)                           00 00 00 00 (00000000 00000000 00000000 00000000) (0)
      8     4        (object header)                           8f 04 00 00 (10001111 00000100 00000000 00000000) (1167)
     12     4        (loss due to the next object alignment)
Instance size: 16 bytes
Space losses: 0 bytes internal + 4 bytes external = 4 bytes total

Address changed: 13
java.lang.Object object internals:
 OFFSET  SIZE   TYPE DESCRIPTION                               VALUE
      0     4        (object header)                           6d 00 00 00 (01101101 00000000 00000000 00000000) (109)
      4     4        (object header)                           00 00 00 00 (00000000 00000000 00000000 00000000) (0)
      8     4        (object header)                           8f 04 00 00 (10001111 00000100 00000000 00000000) (1167)
     12     4        (loss due to the next object alignment)
Instance size: 16 bytes
Space losses: 0 bytes internal + 4 bytes external = 4 bytes total

Address changed: 14
java.lang.Object object internals:
 OFFSET  SIZE   TYPE DESCRIPTION                               VALUE
      0     4        (object header)                           75 00 00 00 (01110101 00000000 00000000 00000000) (117)
      4     4        (object header)                           00 00 00 00 (00000000 00000000 00000000 00000000) (0)
      8     4        (object header)                           8f 04 00 00 (10001111 00000100 00000000 00000000) (1167)
     12     4        (loss due to the next object alignment)
Instance size: 16 bytes
Space losses: 0 bytes internal + 4 bytes external = 4 bytes total

Address changed: 15
java.lang.Object object internals:
 OFFSET  SIZE   TYPE DESCRIPTION                               VALUE
      0     4        (object header)                           7d 00 00 00 (01111101 00000000 00000000 00000000) (125)
      4     4        (object header)                           00 00 00 00 (00000000 00000000 00000000 00000000) (0)
      8     4        (object header)                           8f 04 00 00 (10001111 00000100 00000000 00000000) (1167)
     12     4        (loss due to the next object alignment)
Instance size: 16 bytes
Space losses: 0 bytes internal + 4 bytes external = 4 bytes total

Address changed: 16
java.lang.Object object internals:
 OFFSET  SIZE   TYPE DESCRIPTION                               VALUE
      0     4        (object header)                           7d 00 00 00 (01111101 00000000 00000000 00000000) (125)
      4     4        (object header)                           00 00 00 00 (00000000 00000000 00000000 00000000) (0)
      8     4        (object header)                           8f 04 00 00 (10001111 00000100 00000000 00000000) (1167)
     12     4        (loss due to the next object alignment)
Instance size: 16 bytes
Space losses: 0 bytes internal + 4 bytes external = 4 bytes total
```

The first byte is used for GC track, so it doesn't conflict with identityHashCode().

0[1111]101


## identityHashCode(), then gc

0[0001]001: The middle 4 bits are used to track GC.

```
Gc
java.lang.Object object internals:
 OFFSET  SIZE   TYPE DESCRIPTION                               VALUE
      0     4        (object header)                           05 00 00 00 (00000101 00000000 00000000 00000000) (5)
      4     4        (object header)                           00 00 00 00 (00000000 00000000 00000000 00000000) (0)
      8     4        (object header)                           8f 04 00 00 (10001111 00000100 00000000 00000000) (1167)
     12     4        (loss due to the next object alignment)
Instance size: 16 bytes
Space losses: 0 bytes internal + 4 bytes external = 4 bytes total

513169028
java.lang.Object object internals:
 OFFSET  SIZE   TYPE DESCRIPTION                               VALUE
      0     4        (object header)                           01 84 56 96 (00000001 10000100 01010110 10010110) (-1772715007)
      4     4        (object header)                           1e 00 00 00 (00011110 00000000 00000000 00000000) (30)
      8     4        (object header)                           8f 04 00 00 (10001111 00000100 00000000 00000000) (1167)
     12     4        (loss due to the next object alignment)
Instance size: 16 bytes
Space losses: 0 bytes internal + 4 bytes external = 4 bytes total

Address changed: 1
java.lang.Object object internals:
 OFFSET  SIZE   TYPE DESCRIPTION                               VALUE
      0     4        (object header)                           09 84 56 96 (00001001 10000100 01010110 10010110) (-1772714999)
      4     4        (object header)                           1e 00 00 00 (00011110 00000000 00000000 00000000) (30)
      8     4        (object header)                           8f 04 00 00 (10001111 00000100 00000000 00000000) (1167)
     12     4        (loss due to the next object alignment)
Instance size: 16 bytes
Space losses: 0 bytes internal + 4 bytes external = 4 bytes total

Address changed: 2
java.lang.Object object internals:
 OFFSET  SIZE   TYPE DESCRIPTION                               VALUE
      0     4        (object header)                           11 84 56 96 (00010001 10000100 01010110 10010110) (-1772714991)
      4     4        (object header)                           1e 00 00 00 (00011110 00000000 00000000 00000000) (30)
      8     4        (object header)                           8f 04 00 00 (10001111 00000100 00000000 00000000) (1167)
     12     4        (loss due to the next object alignment)
Instance size: 16 bytes
Space losses: 0 bytes internal + 4 bytes external = 4 bytes total

Address changed: 3
java.lang.Object object internals:
 OFFSET  SIZE   TYPE DESCRIPTION                               VALUE
      0     4        (object header)                           19 84 56 96 (00011001 10000100 01010110 10010110) (-1772714983)
      4     4        (object header)                           1e 00 00 00 (00011110 00000000 00000000 00000000) (30)
      8     4        (object header)                           8f 04 00 00 (10001111 00000100 00000000 00000000) (1167)
     12     4        (loss due to the next object alignment)
Instance size: 16 bytes
Space losses: 0 bytes internal + 4 bytes external = 4 bytes total

Address changed: 4
java.lang.Object object internals:
 OFFSET  SIZE   TYPE DESCRIPTION                               VALUE
      0     4        (object header)                           21 84 56 96 (00100001 10000100 01010110 10010110) (-1772714975)
      4     4        (object header)                           1e 00 00 00 (00011110 00000000 00000000 00000000) (30)
      8     4        (object header)                           8f 04 00 00 (10001111 00000100 00000000 00000000) (1167)
     12     4        (loss due to the next object alignment)
Instance size: 16 bytes
Space losses: 0 bytes internal + 4 bytes external = 4 bytes total

Address changed: 5
java.lang.Object object internals:
 OFFSET  SIZE   TYPE DESCRIPTION                               VALUE
      0     4        (object header)                           29 84 56 96 (00101001 10000100 01010110 10010110) (-1772714967)
      4     4        (object header)                           1e 00 00 00 (00011110 00000000 00000000 00000000) (30)
      8     4        (object header)                           8f 04 00 00 (10001111 00000100 00000000 00000000) (1167)
     12     4        (loss due to the next object alignment)
Instance size: 16 bytes
Space losses: 0 bytes internal + 4 bytes external = 4 bytes total

Address changed: 6
java.lang.Object object internals:
 OFFSET  SIZE   TYPE DESCRIPTION                               VALUE
      0     4        (object header)                           31 84 56 96 (00110001 10000100 01010110 10010110) (-1772714959)
      4     4        (object header)                           1e 00 00 00 (00011110 00000000 00000000 00000000) (30)
      8     4        (object header)                           8f 04 00 00 (10001111 00000100 00000000 00000000) (1167)
     12     4        (loss due to the next object alignment)
Instance size: 16 bytes
Space losses: 0 bytes internal + 4 bytes external = 4 bytes total

Address changed: 7
java.lang.Object object internals:
 OFFSET  SIZE   TYPE DESCRIPTION                               VALUE
      0     4        (object header)                           39 84 56 96 (00111001 10000100 01010110 10010110) (-1772714951)
      4     4        (object header)                           1e 00 00 00 (00011110 00000000 00000000 00000000) (30)
      8     4        (object header)                           8f 04 00 00 (10001111 00000100 00000000 00000000) (1167)
     12     4        (loss due to the next object alignment)
Instance size: 16 bytes
Space losses: 0 bytes internal + 4 bytes external = 4 bytes total

Address changed: 8
java.lang.Object object internals:
 OFFSET  SIZE   TYPE DESCRIPTION                               VALUE
      0     4        (object header)                           41 84 56 96 (01000001 10000100 01010110 10010110) (-1772714943)
      4     4        (object header)                           1e 00 00 00 (00011110 00000000 00000000 00000000) (30)
      8     4        (object header)                           8f 04 00 00 (10001111 00000100 00000000 00000000) (1167)
     12     4        (loss due to the next object alignment)
Instance size: 16 bytes
Space losses: 0 bytes internal + 4 bytes external = 4 bytes total

Address changed: 9
java.lang.Object object internals:
 OFFSET  SIZE   TYPE DESCRIPTION                               VALUE
      0     4        (object header)                           49 84 56 96 (01001001 10000100 01010110 10010110) (-1772714935)
      4     4        (object header)                           1e 00 00 00 (00011110 00000000 00000000 00000000) (30)
      8     4        (object header)                           8f 04 00 00 (10001111 00000100 00000000 00000000) (1167)
     12     4        (loss due to the next object alignment)
Instance size: 16 bytes
Space losses: 0 bytes internal + 4 bytes external = 4 bytes total

Address changed: 10
java.lang.Object object internals:
 OFFSET  SIZE   TYPE DESCRIPTION                               VALUE
      0     4        (object header)                           51 84 56 96 (01010001 10000100 01010110 10010110) (-1772714927)
      4     4        (object header)                           1e 00 00 00 (00011110 00000000 00000000 00000000) (30)
      8     4        (object header)                           8f 04 00 00 (10001111 00000100 00000000 00000000) (1167)
     12     4        (loss due to the next object alignment)
Instance size: 16 bytes
Space losses: 0 bytes internal + 4 bytes external = 4 bytes total

Address changed: 11
java.lang.Object object internals:
 OFFSET  SIZE   TYPE DESCRIPTION                               VALUE
      0     4        (object header)                           59 84 56 96 (01011001 10000100 01010110 10010110) (-1772714919)
      4     4        (object header)                           1e 00 00 00 (00011110 00000000 00000000 00000000) (30)
      8     4        (object header)                           8f 04 00 00 (10001111 00000100 00000000 00000000) (1167)
     12     4        (loss due to the next object alignment)
Instance size: 16 bytes
Space losses: 0 bytes internal + 4 bytes external = 4 bytes total

Address changed: 12
java.lang.Object object internals:
 OFFSET  SIZE   TYPE DESCRIPTION                               VALUE
      0     4        (object header)                           61 84 56 96 (01100001 10000100 01010110 10010110) (-1772714911)
      4     4        (object header)                           1e 00 00 00 (00011110 00000000 00000000 00000000) (30)
      8     4        (object header)                           8f 04 00 00 (10001111 00000100 00000000 00000000) (1167)
     12     4        (loss due to the next object alignment)
Instance size: 16 bytes
Space losses: 0 bytes internal + 4 bytes external = 4 bytes total

Address changed: 13
java.lang.Object object internals:
 OFFSET  SIZE   TYPE DESCRIPTION                               VALUE
      0     4        (object header)                           69 84 56 96 (01101001 10000100 01010110 10010110) (-1772714903)
      4     4        (object header)                           1e 00 00 00 (00011110 00000000 00000000 00000000) (30)
      8     4        (object header)                           8f 04 00 00 (10001111 00000100 00000000 00000000) (1167)
     12     4        (loss due to the next object alignment)
Instance size: 16 bytes
Space losses: 0 bytes internal + 4 bytes external = 4 bytes total

Address changed: 14
java.lang.Object object internals:
 OFFSET  SIZE   TYPE DESCRIPTION                               VALUE
      0     4        (object header)                           71 84 56 96 (01110001 10000100 01010110 10010110) (-1772714895)
      4     4        (object header)                           1e 00 00 00 (00011110 00000000 00000000 00000000) (30)
      8     4        (object header)                           8f 04 00 00 (10001111 00000100 00000000 00000000) (1167)
     12     4        (loss due to the next object alignment)
Instance size: 16 bytes
Space losses: 0 bytes internal + 4 bytes external = 4 bytes total

Address changed: 15
java.lang.Object object internals:
 OFFSET  SIZE   TYPE DESCRIPTION                               VALUE
      0     4        (object header)                           79 84 56 96 (01111001 10000100 01010110 10010110) (-1772714887)
      4     4        (object header)                           1e 00 00 00 (00011110 00000000 00000000 00000000) (30)
      8     4        (object header)                           8f 04 00 00 (10001111 00000100 00000000 00000000) (1167)
     12     4        (loss due to the next object alignment)
Instance size: 16 bytes
Space losses: 0 bytes internal + 4 bytes external = 4 bytes total

Address changed: 16
java.lang.Object object internals:
 OFFSET  SIZE   TYPE DESCRIPTION                               VALUE
      0     4        (object header)                           79 84 56 96 (01111001 10000100 01010110 10010110) (-1772714887)
      4     4        (object header)                           1e 00 00 00 (00011110 00000000 00000000 00000000) (30)
      8     4        (object header)                           8f 04 00 00 (10001111 00000100 00000000 00000000) (1167)
     12     4        (loss due to the next object alignment)
Instance size: 16 bytes
Space losses: 0 bytes internal + 4 bytes external = 4 bytes total
```

0[1111]101 00000000 00000000 00000000
0[1111]001 10000100 01010110 10010110 (identityHashCode)
