[0.044s][info][gc,heap] Heap region size: 1M
[0.061s][info][gc     ] Using G1
[0.061s][info][gc,heap,coops] Heap address: 0x00000000e0000000, size: 512 MB, Compressed Oops mode: 32-bit
[3.609s][info][gc,start     ] GC(0) Pause Young (Normal) (G1 Evacuation Pause)
[3.615s][info][gc,task      ] GC(0) Using 6 workers of 18 for evacuation
[3.639s][info][gc,phases    ] GC(0)   Pre Evacuate Collection Set: 0.0ms
[3.640s][info][gc,phases    ] GC(0)   Evacuate Collection Set: 24.2ms
[3.640s][info][gc,phases    ] GC(0)   Post Evacuate Collection Set: 0.3ms
[3.640s][info][gc,phases    ] GC(0)   Other: 5.7ms
[3.640s][info][gc,heap      ] GC(0) Eden regions: 24->0(13)
[3.640s][info][gc,heap      ] GC(0) Survivor regions: 0->3(3)
[3.640s][info][gc,heap      ] GC(0) Old regions: 0->20
[3.640s][info][gc,heap      ] GC(0) Humongous regions: 0->0
[3.640s][info][gc,metaspace ] GC(0) Metaspace: 5217K->5217K(1056768K)
[3.641s][info][gc           ] GC(0) Pause Young (Normal) (G1 Evacuation Pause) 24M->22M(256M) 31.250ms
[3.641s][info][gc,cpu       ] GC(0) User=0.08s Sys=0.03s Real=0.03s
[3.712s][info][gc,start     ] GC(1) Pause Young (Normal) (G1 Evacuation Pause)
[3.712s][info][gc,task      ] GC(1) Using 6 workers of 18 for evacuation
[3.734s][info][gc,phases    ] GC(1)   Pre Evacuate Collection Set: 0.0ms
[3.734s][info][gc,phases    ] GC(1)   Evacuate Collection Set: 21.1ms
[3.734s][info][gc,phases    ] GC(1)   Post Evacuate Collection Set: 0.3ms
[3.734s][info][gc,phases    ] GC(1)   Other: 0.4ms
[3.734s][info][gc,heap      ] GC(1) Eden regions: 13->0(22)
[3.734s][info][gc,heap      ] GC(1) Survivor regions: 3->2(2)
[3.734s][info][gc,heap      ] GC(1) Old regions: 20->34
[3.734s][info][gc,heap      ] GC(1) Humongous regions: 0->0
[3.734s][info][gc,metaspace ] GC(1) Metaspace: 5218K->5218K(1056768K)
[3.734s][info][gc           ] GC(1) Pause Young (Normal) (G1 Evacuation Pause) 35M->35M(256M) 22.355ms
[3.734s][info][gc,cpu       ] GC(1) User=0.00s Sys=0.09s Real=0.02s
[3.854s][info][gc,start     ] GC(2) Pause Young (Normal) (G1 Evacuation Pause)
[3.854s][info][gc,task      ] GC(2) Using 6 workers of 18 for evacuation
[3.874s][info][gc,phases    ] GC(2)   Pre Evacuate Collection Set: 0.0ms
[3.875s][info][gc,phases    ] GC(2)   Evacuate Collection Set: 19.6ms
[3.875s][info][gc,phases    ] GC(2)   Post Evacuate Collection Set: 0.3ms
[3.875s][info][gc,phases    ] GC(2)   Other: 0.5ms
[3.875s][info][gc,heap      ] GC(2) Eden regions: 22->0(36)
[3.875s][info][gc,heap      ] GC(2) Survivor regions: 2->3(3)
[3.875s][info][gc,heap      ] GC(2) Old regions: 34->56
[3.875s][info][gc,heap      ] GC(2) Humongous regions: 0->0
[3.875s][info][gc,metaspace ] GC(2) Metaspace: 5218K->5218K(1056768K)
[3.875s][info][gc           ] GC(2) Pause Young (Normal) (G1 Evacuation Pause) 57M->58M(256M) 21.139ms
[3.875s][info][gc,cpu       ] GC(2) User=0.00s Sys=0.09s Real=0.02s
[4.073s][info][gc,start     ] GC(3) Pause Young (Normal) (G1 Evacuation Pause)
[4.073s][info][gc,task      ] GC(3) Using 6 workers of 18 for evacuation
[4.108s][info][gc,phases    ] GC(3)   Pre Evacuate Collection Set: 0.0ms
[4.108s][info][gc,phases    ] GC(3)   Evacuate Collection Set: 34.5ms
[4.108s][info][gc,phases    ] GC(3)   Post Evacuate Collection Set: 0.2ms
[4.108s][info][gc,phases    ] GC(3)   Other: 0.3ms
[4.108s][info][gc,heap      ] GC(3) Eden regions: 36->0(41)
[4.109s][info][gc,heap      ] GC(3) Survivor regions: 3->5(5)
[4.109s][info][gc,heap      ] GC(3) Old regions: 56->91
[4.109s][info][gc,heap      ] GC(3) Humongous regions: 0->0
[4.109s][info][gc,metaspace ] GC(3) Metaspace: 5219K->5219K(1056768K)
[4.109s][info][gc           ] GC(3) Pause Young (Normal) (G1 Evacuation Pause) 94M->95M(256M) 35.439ms
[4.109s][info][gc,cpu       ] GC(3) User=0.05s Sys=0.14s Real=0.04s
[4.488s][info][gc,start     ] GC(4) Pause Young (Normal) (G1 Evacuation Pause)
[4.488s][info][gc,task      ] GC(4) Using 6 workers of 18 for evacuation
[4.522s][info][gc,phases    ] GC(4)   Pre Evacuate Collection Set: 0.0ms
[4.522s][info][gc,phases    ] GC(4)   Evacuate Collection Set: 32.8ms
[4.522s][info][gc,phases    ] GC(4)   Post Evacuate Collection Set: 0.2ms
[4.522s][info][gc,phases    ] GC(4)   Other: 0.5ms
[4.522s][info][gc,heap      ] GC(4) Eden regions: 41->0(29)
[4.522s][info][gc,heap      ] GC(4) Survivor regions: 5->6(6)
[4.522s][info][gc,heap      ] GC(4) Old regions: 91->131
[4.522s][info][gc,heap      ] GC(4) Humongous regions: 0->0
[4.522s][info][gc,metaspace ] GC(4) Metaspace: 5223K->5223K(1056768K)
[4.522s][info][gc           ] GC(4) Pause Young (Normal) (G1 Evacuation Pause) 136M->137M(256M) 34.046ms
[4.522s][info][gc,cpu       ] GC(4) User=0.05s Sys=0.14s Real=0.03s
[4.674s][info][gc,start     ] GC(5) Pause Young (Concurrent Start) (G1 Evacuation Pause)
[4.674s][info][gc,task      ] GC(5) Using 6 workers of 18 for evacuation
[4.704s][info][gc,phases    ] GC(5)   Pre Evacuate Collection Set: 0.0ms
[4.704s][info][gc,phases    ] GC(5)   Evacuate Collection Set: 29.8ms
[4.705s][info][gc,phases    ] GC(5)   Post Evacuate Collection Set: 0.2ms
[4.705s][info][gc,phases    ] GC(5)   Other: 0.8ms
[4.705s][info][gc,heap      ] GC(5) Eden regions: 29->0(19)
[4.705s][info][gc,heap      ] GC(5) Survivor regions: 6->5(5)
[4.705s][info][gc,heap      ] GC(5) Old regions: 131->162
[4.705s][info][gc,heap      ] GC(5) Humongous regions: 0->0
[4.705s][info][gc,metaspace ] GC(5) Metaspace: 5223K->5223K(1056768K)
[4.705s][info][gc           ] GC(5) Pause Young (Concurrent Start) (G1 Evacuation Pause) 166M->166M(256M) 31.251ms
[4.705s][info][gc,cpu       ] GC(5) User=0.05s Sys=0.14s Real=0.03s
[4.705s][info][gc           ] GC(6) Concurrent Cycle
[4.705s][info][gc,marking   ] GC(6) Concurrent Clear Claimed Marks
[4.705s][info][gc,marking   ] GC(6) Concurrent Clear Claimed Marks 0.047ms
[4.705s][info][gc,marking   ] GC(6) Concurrent Scan Root Regions
[4.712s][info][gc,marking   ] GC(6) Concurrent Scan Root Regions 7.151ms
[4.713s][info][gc,marking   ] GC(6) Concurrent Mark (4.712s)
[4.713s][info][gc,marking   ] GC(6) Concurrent Mark From Roots
[4.713s][info][gc,task      ] GC(6) Using 5 workers of 5 for marking
[4.717s][info][gc,marking   ] GC(6) Concurrent Mark From Roots 4.192ms
[4.717s][info][gc,marking   ] GC(6) Concurrent Preclean
[4.717s][info][gc,marking   ] GC(6) Concurrent Preclean 0.312ms
[4.717s][info][gc,marking   ] GC(6) Concurrent Mark (4.712s, 4.717s) 4.872ms
[4.718s][info][gc,start     ] GC(6) Pause Remark
[4.718s][info][gc,stringtable] GC(6) Cleaned string and symbol table, strings: 2126 processed, 2 removed, symbols: 21272 processed, 0 removed
[4.718s][info][gc            ] GC(6) Pause Remark 168M->168M(256M) 0.884ms
[4.718s][info][gc,cpu        ] GC(6) User=0.00s Sys=0.00s Real=0.00s
[4.719s][info][gc,marking    ] GC(6) Concurrent Rebuild Remembered Sets
[4.723s][info][gc,marking    ] GC(6) Concurrent Rebuild Remembered Sets 4.094ms
[4.723s][info][gc,start      ] GC(6) Pause Cleanup
[4.723s][info][gc            ] GC(6) Pause Cleanup 169M->169M(256M) 0.193ms
[4.723s][info][gc,cpu        ] GC(6) User=0.00s Sys=0.00s Real=0.00s
[4.723s][info][gc,marking    ] GC(6) Concurrent Cleanup for Next Mark
[4.724s][info][gc,marking    ] GC(6) Concurrent Cleanup for Next Mark 0.348ms
[4.724s][info][gc            ] GC(6) Concurrent Cycle 18.742ms
[4.807s][info][gc,start      ] GC(7) Pause Young (Normal) (G1 Evacuation Pause)
[4.808s][info][gc,task       ] GC(7) Using 6 workers of 18 for evacuation
[4.834s][info][gc,phases     ] GC(7)   Pre Evacuate Collection Set: 0.0ms
[4.835s][info][gc,phases     ] GC(7)   Evacuate Collection Set: 26.4ms
[4.835s][info][gc,phases     ] GC(7)   Post Evacuate Collection Set: 0.3ms
[4.835s][info][gc,phases     ] GC(7)   Other: 0.5ms
[4.835s][info][gc,heap       ] GC(7) Eden regions: 19->0(13)
[4.835s][info][gc,heap       ] GC(7) Survivor regions: 5->3(3)
[4.835s][info][gc,heap       ] GC(7) Old regions: 162->185
[4.835s][info][gc,heap       ] GC(7) Humongous regions: 0->0
[4.835s][info][gc,metaspace  ] GC(7) Metaspace: 5223K->5223K(1056768K)
[4.835s][info][gc            ] GC(7) Pause Young (Normal) (G1 Evacuation Pause) 185M->187M(256M) 27.911ms
[4.836s][info][gc,cpu        ] GC(7) User=0.05s Sys=0.14s Real=0.03s
[4.905s][info][gc,start      ] GC(8) Pause Young (Concurrent Start) (G1 Evacuation Pause)
[4.905s][info][gc,task       ] GC(8) Using 6 workers of 18 for evacuation
[4.917s][info][gc,phases     ] GC(8)   Pre Evacuate Collection Set: 0.0ms
[4.917s][info][gc,phases     ] GC(8)   Evacuate Collection Set: 11.8ms
[4.917s][info][gc,phases     ] GC(8)   Post Evacuate Collection Set: 0.2ms
[4.917s][info][gc,phases     ] GC(8)   Other: 0.4ms
[4.917s][info][gc,heap       ] GC(8) Eden regions: 13->0(10)
[4.917s][info][gc,heap       ] GC(8) Survivor regions: 3->2(2)
[4.917s][info][gc,heap       ] GC(8) Old regions: 185->199
[4.917s][info][gc,heap       ] GC(8) Humongous regions: 0->0
[4.917s][info][gc,metaspace  ] GC(8) Metaspace: 5223K->5223K(1056768K)
[4.917s][info][gc            ] GC(8) Pause Young (Concurrent Start) (G1 Evacuation Pause) 200M->201M(256M) 12.812ms
[4.918s][info][gc,cpu        ] GC(8) User=0.02s Sys=0.08s Real=0.01s
[4.918s][info][gc            ] GC(9) Concurrent Cycle
[4.918s][info][gc,marking    ] GC(9) Concurrent Clear Claimed Marks
[4.918s][info][gc,marking    ] GC(9) Concurrent Clear Claimed Marks 0.046ms
[4.918s][info][gc,marking    ] GC(9) Concurrent Scan Root Regions
[4.918s][info][gc,marking    ] GC(9) Concurrent Scan Root Regions 0.160ms
[4.918s][info][gc,marking    ] GC(9) Concurrent Mark (4.918s)
[4.918s][info][gc,marking    ] GC(9) Concurrent Mark From Roots
[4.918s][info][gc,task       ] GC(9) Using 5 workers of 5 for marking
[4.923s][info][gc,marking    ] GC(9) Concurrent Mark From Roots 5.007ms
[4.923s][info][gc,marking    ] GC(9) Concurrent Preclean
[4.924s][info][gc,marking    ] GC(9) Concurrent Preclean 0.317ms
[4.924s][info][gc,marking    ] GC(9) Concurrent Mark (4.918s, 4.924s) 5.575ms
[4.924s][info][gc,start      ] GC(9) Pause Remark
[4.924s][info][gc,stringtable] GC(9) Cleaned string and symbol table, strings: 2124 processed, 0 removed, symbols: 21272 processed, 0 removed
[4.925s][info][gc            ] GC(9) Pause Remark 202M->202M(256M) 0.831ms
[4.925s][info][gc,cpu        ] GC(9) User=0.00s Sys=0.00s Real=0.00s
[4.925s][info][gc,marking    ] GC(9) Concurrent Rebuild Remembered Sets
[4.930s][info][gc,marking    ] GC(9) Concurrent Rebuild Remembered Sets 5.619ms
[4.931s][info][gc,start      ] GC(9) Pause Cleanup
[4.931s][info][gc            ] GC(9) Pause Cleanup 203M->203M(256M) 0.208ms
[4.931s][info][gc,cpu        ] GC(9) User=0.00s Sys=0.00s Real=0.00s
[4.931s][info][gc,marking    ] GC(9) Concurrent Cleanup for Next Mark
[4.931s][info][gc,marking    ] GC(9) Concurrent Cleanup for Next Mark 0.445ms
[4.932s][info][gc            ] GC(9) Concurrent Cycle 13.914ms
[4.973s][info][gc,start      ] GC(10) Pause Young (Normal) (G1 Evacuation Pause)
[4.974s][info][gc,task       ] GC(10) Using 6 workers of 18 for evacuation
[4.979s][info][gc,phases     ] GC(10)   Pre Evacuate Collection Set: 0.0ms
[4.979s][info][gc,phases     ] GC(10)   Evacuate Collection Set: 5.4ms
[4.979s][info][gc,phases     ] GC(10)   Post Evacuate Collection Set: 0.2ms
[4.980s][info][gc,phases     ] GC(10)   Other: 0.3ms
[4.980s][info][gc,heap       ] GC(10) Eden regions: 10->0(10)
[4.980s][info][gc,heap       ] GC(10) Survivor regions: 2->2(2)
[4.980s][info][gc,heap       ] GC(10) Old regions: 199->211
[4.980s][info][gc,heap       ] GC(10) Humongous regions: 0->0
[4.980s][info][gc,metaspace  ] GC(10) Metaspace: 5223K->5223K(1056768K)
[4.980s][info][gc            ] GC(10) Pause Young (Normal) (G1 Evacuation Pause) 211M->212M(256M) 6.302ms
[4.980s][info][gc,cpu        ] GC(10) User=0.00s Sys=0.00s Real=0.01s
[4.991s][info][gc,start      ] GC(11) Pause Young (Concurrent Start) (G1 Humongous Allocation)
[4.991s][info][gc,task       ] GC(11) Using 6 workers of 18 for evacuation
[4.992s][info][gc,phases     ] GC(11)   Pre Evacuate Collection Set: 0.0ms
[4.992s][info][gc,phases     ] GC(11)   Evacuate Collection Set: 1.2ms
[4.993s][info][gc,phases     ] GC(11)   Post Evacuate Collection Set: 0.1ms
[4.993s][info][gc,phases     ] GC(11)   Other: 0.3ms
[4.993s][info][gc,heap       ] GC(11) Eden regions: 3->0(10)
[4.993s][info][gc,heap       ] GC(11) Survivor regions: 2->2(2)
[4.993s][info][gc,heap       ] GC(11) Old regions: 211->214
[4.993s][info][gc,heap       ] GC(11) Humongous regions: 0->0
[4.993s][info][gc,metaspace  ] GC(11) Metaspace: 5223K->5223K(1056768K)
[4.993s][info][gc            ] GC(11) Pause Young (Concurrent Start) (G1 Humongous Allocation) 214M->215M(256M) 2.185ms
[4.993s][info][gc,cpu        ] GC(11) User=0.00s Sys=0.00s Real=0.00s
[4.993s][info][gc            ] GC(12) Concurrent Cycle
[4.993s][info][gc,marking    ] GC(12) Concurrent Clear Claimed Marks
[4.993s][info][gc,marking    ] GC(12) Concurrent Clear Claimed Marks 0.046ms
[4.993s][info][gc,marking    ] GC(12) Concurrent Scan Root Regions
[4.999s][info][gc,marking    ] GC(12) Concurrent Scan Root Regions 6.327ms
[5.000s][info][gc,marking    ] GC(12) Concurrent Mark (5.000s)
[5.000s][info][gc,marking    ] GC(12) Concurrent Mark From Roots
[5.000s][info][gc,task       ] GC(12) Using 5 workers of 5 for marking
[5.006s][info][gc,marking    ] GC(12) Concurrent Mark From Roots 6.477ms
[5.006s][info][gc,marking    ] GC(12) Concurrent Preclean
[5.007s][info][gc,marking    ] GC(12) Concurrent Preclean 0.320ms
[5.007s][info][gc,marking    ] GC(12) Concurrent Mark (5.000s, 5.007s) 7.037ms
[5.007s][info][gc,start      ] GC(12) Pause Remark
[5.007s][info][gc,stringtable] GC(12) Cleaned string and symbol table, strings: 2124 processed, 0 removed, symbols: 21272 processed, 0 removed
[5.008s][info][gc            ] GC(12) Pause Remark 216M->216M(256M) 0.830ms
[5.008s][info][gc,cpu        ] GC(12) User=0.00s Sys=0.00s Real=0.00s
[5.008s][info][gc,marking    ] GC(12) Concurrent Rebuild Remembered Sets
[5.013s][info][gc,marking    ] GC(12) Concurrent Rebuild Remembered Sets 5.217ms
[5.013s][info][gc,start      ] GC(12) Pause Cleanup
[5.014s][info][gc            ] GC(12) Pause Cleanup 216M->216M(256M) 0.246ms
[5.014s][info][gc,cpu        ] GC(12) User=0.00s Sys=0.00s Real=0.00s
[5.014s][info][gc,marking    ] GC(12) Concurrent Cleanup for Next Mark
[5.014s][info][gc,marking    ] GC(12) Concurrent Cleanup for Next Mark 0.388ms
[5.014s][info][gc            ] GC(12) Concurrent Cycle 21.140ms
[5.108s][info][gc,start      ] GC(13) Pause Young (Normal) (G1 Evacuation Pause)
[5.108s][info][gc,task       ] GC(13) Using 6 workers of 18 for evacuation
[5.111s][info][gc,phases     ] GC(13)   Pre Evacuate Collection Set: 0.0ms
[5.111s][info][gc,phases     ] GC(13)   Evacuate Collection Set: 2.1ms
[5.111s][info][gc,phases     ] GC(13)   Post Evacuate Collection Set: 0.2ms
[5.111s][info][gc,phases     ] GC(13)   Other: 0.3ms
[5.111s][info][gc,heap       ] GC(13) Eden regions: 10->0(10)
[5.111s][info][gc,heap       ] GC(13) Survivor regions: 2->2(2)
[5.111s][info][gc,heap       ] GC(13) Old regions: 214->224
[5.111s][info][gc,heap       ] GC(13) Humongous regions: 1->1
[5.111s][info][gc,metaspace  ] GC(13) Metaspace: 5223K->5223K(1056768K)
[5.111s][info][gc            ] GC(13) Pause Young (Normal) (G1 Evacuation Pause) 226M->226M(256M) 3.042ms
[5.111s][info][gc,cpu        ] GC(13) User=0.09s Sys=0.00s Real=0.00s
[5.163s][info][gc,start      ] GC(14) Pause Young (Concurrent Start) (G1 Evacuation Pause)
[5.163s][info][gc,task       ] GC(14) Using 6 workers of 18 for evacuation
[5.165s][info][gc,phases     ] GC(14)   Pre Evacuate Collection Set: 0.0ms
[5.165s][info][gc,phases     ] GC(14)   Evacuate Collection Set: 2.0ms
[5.165s][info][gc,phases     ] GC(14)   Post Evacuate Collection Set: 0.2ms
[5.165s][info][gc,phases     ] GC(14)   Other: 0.4ms
[5.165s][info][gc,heap       ] GC(14) Eden regions: 10->0(10)
[5.165s][info][gc,heap       ] GC(14) Survivor regions: 2->2(2)
[5.165s][info][gc,heap       ] GC(14) Old regions: 224->234
[5.165s][info][gc,heap       ] GC(14) Humongous regions: 1->1
[5.165s][info][gc,metaspace  ] GC(14) Metaspace: 5223K->5223K(1056768K)
[5.166s][info][gc            ] GC(14) Pause Young (Concurrent Start) (G1 Evacuation Pause) 236M->237M(256M) 2.995ms
[5.166s][info][gc,cpu        ] GC(14) User=0.00s Sys=0.00s Real=0.00s
[5.166s][info][gc            ] GC(15) Concurrent Cycle
[5.166s][info][gc,marking    ] GC(15) Concurrent Clear Claimed Marks
[5.166s][info][gc,marking    ] GC(15) Concurrent Clear Claimed Marks 0.046ms
[5.166s][info][gc,marking    ] GC(15) Concurrent Scan Root Regions
[5.167s][info][gc,marking    ] GC(15) Concurrent Scan Root Regions 1.205ms
[5.167s][info][gc,marking    ] GC(15) Concurrent Mark (5.167s)
[5.167s][info][gc,marking    ] GC(15) Concurrent Mark From Roots
[5.167s][info][gc,task       ] GC(15) Using 5 workers of 5 for marking
[5.174s][info][gc,marking    ] GC(15) Concurrent Mark From Roots 6.342ms
[5.174s][info][gc,marking    ] GC(15) Concurrent Preclean
[5.174s][info][gc,marking    ] GC(15) Concurrent Preclean 0.304ms
[5.174s][info][gc,marking    ] GC(15) Concurrent Mark (5.167s, 5.174s) 6.875ms
[5.174s][info][gc,start      ] GC(15) Pause Remark
[5.175s][info][gc,stringtable] GC(15) Cleaned string and symbol table, strings: 2124 processed, 0 removed, symbols: 21272 processed, 0 removed
[5.175s][info][gc            ] GC(15) Pause Remark 238M->238M(256M) 0.855ms
[5.175s][info][gc,cpu        ] GC(15) User=0.00s Sys=0.00s Real=0.00s
[5.175s][info][gc,marking    ] GC(15) Concurrent Rebuild Remembered Sets
[5.181s][info][gc,marking    ] GC(15) Concurrent Rebuild Remembered Sets 5.875ms
[5.182s][info][gc,start      ] GC(15) Pause Cleanup
[5.182s][info][gc            ] GC(15) Pause Cleanup 240M->240M(256M) 0.283ms
[5.182s][info][gc,cpu        ] GC(15) User=0.00s Sys=0.00s Real=0.00s
[5.182s][info][gc,marking    ] GC(15) Concurrent Cleanup for Next Mark
[5.182s][info][gc,marking    ] GC(15) Concurrent Cleanup for Next Mark 0.396ms
[5.183s][info][gc            ] GC(15) Concurrent Cycle 16.720ms
[5.218s][info][gc,start      ] GC(16) Pause Young (Normal) (G1 Evacuation Pause)
[5.219s][info][gc,task       ] GC(16) Using 6 workers of 18 for evacuation
[5.222s][info][gc,phases     ] GC(16)   Pre Evacuate Collection Set: 0.0ms
[5.223s][info][gc,phases     ] GC(16)   Evacuate Collection Set: 3.5ms
[5.223s][info][gc,phases     ] GC(16)   Post Evacuate Collection Set: 0.2ms
[5.223s][info][gc,phases     ] GC(16)   Other: 0.3ms
[5.223s][info][gc,heap       ] GC(16) Eden regions: 10->0(11)
[5.223s][info][gc,heap       ] GC(16) Survivor regions: 2->2(2)
[5.223s][info][gc,heap       ] GC(16) Old regions: 234->245
[5.223s][info][gc,heap       ] GC(16) Humongous regions: 1->1
[5.223s][info][gc,metaspace  ] GC(16) Metaspace: 5223K->5223K(1056768K)
[5.223s][info][gc            ] GC(16) Pause Young (Normal) (G1 Evacuation Pause) 247M->247M(260M) 4.466ms
[5.223s][info][gc,cpu        ] GC(16) User=0.08s Sys=0.02s Real=0.00s
[5.279s][info][gc,start      ] GC(17) Pause Young (Concurrent Start) (G1 Evacuation Pause)
[5.279s][info][gc,task       ] GC(17) Using 6 workers of 18 for evacuation
[5.288s][info][gc,phases     ] GC(17)   Pre Evacuate Collection Set: 0.0ms
[5.288s][info][gc,phases     ] GC(17)   Evacuate Collection Set: 8.7ms
[5.288s][info][gc,phases     ] GC(17)   Post Evacuate Collection Set: 0.1ms
[5.288s][info][gc,phases     ] GC(17)   Other: 0.4ms
[5.288s][info][gc,heap       ] GC(17) Eden regions: 11->0(11)
[5.289s][info][gc,heap       ] GC(17) Survivor regions: 2->2(2)
[5.289s][info][gc,heap       ] GC(17) Old regions: 245->257
[5.289s][info][gc,heap       ] GC(17) Humongous regions: 1->1
[5.289s][info][gc,metaspace  ] GC(17) Metaspace: 5223K->5223K(1056768K)
[5.289s][info][gc            ] GC(17) Pause Young (Concurrent Start) (G1 Evacuation Pause) 258M->259M(273M) 9.738ms
[5.289s][info][gc,cpu        ] GC(17) User=0.05s Sys=0.05s Real=0.01s
[5.289s][info][gc            ] GC(18) Concurrent Cycle
[5.289s][info][gc,marking    ] GC(18) Concurrent Clear Claimed Marks
[5.289s][info][gc,marking    ] GC(18) Concurrent Clear Claimed Marks 0.046ms
[5.289s][info][gc,marking    ] GC(18) Concurrent Scan Root Regions
[5.292s][info][gc,marking    ] GC(18) Concurrent Scan Root Regions 2.805ms
[5.292s][info][gc,marking    ] GC(18) Concurrent Mark (5.292s)
[5.292s][info][gc,marking    ] GC(18) Concurrent Mark From Roots
[5.292s][info][gc,task       ] GC(18) Using 5 workers of 5 for marking
[5.298s][info][gc,marking    ] GC(18) Concurrent Mark From Roots 6.446ms
[5.299s][info][gc,marking    ] GC(18) Concurrent Preclean
[5.299s][info][gc,marking    ] GC(18) Concurrent Preclean 0.310ms
[5.299s][info][gc,marking    ] GC(18) Concurrent Mark (5.292s, 5.299s) 6.998ms
[5.299s][info][gc,start      ] GC(18) Pause Remark
[5.300s][info][gc,stringtable] GC(18) Cleaned string and symbol table, strings: 2124 processed, 0 removed, symbols: 21272 processed, 0 removed
[5.300s][info][gc            ] GC(18) Pause Remark 261M->261M(273M) 0.920ms
[5.300s][info][gc,cpu        ] GC(18) User=0.00s Sys=0.00s Real=0.00s
[5.300s][info][gc,marking    ] GC(18) Concurrent Rebuild Remembered Sets
[5.308s][info][gc,marking    ] GC(18) Concurrent Rebuild Remembered Sets 7.676ms
[5.308s][info][gc,start      ] GC(18) Pause Cleanup
[5.309s][info][gc            ] GC(18) Pause Cleanup 263M->263M(273M) 0.271ms
[5.309s][info][gc,cpu        ] GC(18) User=0.00s Sys=0.00s Real=0.00s
[5.309s][info][gc,marking    ] GC(18) Concurrent Cleanup for Next Mark
[5.309s][info][gc,marking    ] GC(18) Concurrent Cleanup for Next Mark 0.343ms
[5.309s][info][gc            ] GC(18) Concurrent Cycle 20.195ms
[5.347s][info][gc,start      ] GC(19) Pause Young (Normal) (G1 Evacuation Pause)
[5.347s][info][gc,task       ] GC(19) Using 6 workers of 18 for evacuation
[5.358s][info][gc,phases     ] GC(19)   Pre Evacuate Collection Set: 0.0ms
[5.358s][info][gc,phases     ] GC(19)   Evacuate Collection Set: 10.8ms
[5.358s][info][gc,phases     ] GC(19)   Post Evacuate Collection Set: 0.2ms
[5.359s][info][gc,phases     ] GC(19)   Other: 0.3ms
[5.359s][info][gc,heap       ] GC(19) Eden regions: 11->0(12)
[5.359s][info][gc,heap       ] GC(19) Survivor regions: 2->2(2)
[5.359s][info][gc,heap       ] GC(19) Old regions: 257->269
[5.359s][info][gc,heap       ] GC(19) Humongous regions: 1->1
[5.359s][info][gc,metaspace  ] GC(19) Metaspace: 5223K->5223K(1056768K)
[5.359s][info][gc            ] GC(19) Pause Young (Normal) (G1 Evacuation Pause) 270M->271M(285M) 11.806ms
[5.359s][info][gc,cpu        ] GC(19) User=0.00s Sys=0.00s Real=0.01s
[5.420s][info][gc,start      ] GC(20) Pause Young (Concurrent Start) (G1 Evacuation Pause)
[5.421s][info][gc,task       ] GC(20) Using 6 workers of 18 for evacuation
[5.430s][info][gc,phases     ] GC(20)   Pre Evacuate Collection Set: 0.0ms
[5.430s][info][gc,phases     ] GC(20)   Evacuate Collection Set: 8.8ms
[5.430s][info][gc,phases     ] GC(20)   Post Evacuate Collection Set: 0.2ms
[5.430s][info][gc,phases     ] GC(20)   Other: 0.4ms
[5.430s][info][gc,heap       ] GC(20) Eden regions: 12->0(12)
[5.430s][info][gc,heap       ] GC(20) Survivor regions: 2->2(2)
[5.430s][info][gc,heap       ] GC(20) Old regions: 269->282
[5.430s][info][gc,heap       ] GC(20) Humongous regions: 1->1
[5.430s][info][gc,metaspace  ] GC(20) Metaspace: 5223K->5223K(1056768K)
[5.430s][info][gc            ] GC(20) Pause Young (Concurrent Start) (G1 Evacuation Pause) 283M->284M(299M) 9.864ms
[5.430s][info][gc,cpu        ] GC(20) User=0.03s Sys=0.06s Real=0.01s
[5.430s][info][gc            ] GC(21) Concurrent Cycle
[5.430s][info][gc,marking    ] GC(21) Concurrent Clear Claimed Marks
[5.430s][info][gc,marking    ] GC(21) Concurrent Clear Claimed Marks 0.046ms
[5.431s][info][gc,marking    ] GC(21) Concurrent Scan Root Regions
[5.431s][info][gc,marking    ] GC(21) Concurrent Scan Root Regions 0.156ms
[5.431s][info][gc,marking    ] GC(21) Concurrent Mark (5.431s)
[5.431s][info][gc,marking    ] GC(21) Concurrent Mark From Roots
[5.431s][info][gc,task       ] GC(21) Using 5 workers of 5 for marking
[5.439s][info][gc,marking    ] GC(21) Concurrent Mark From Roots 8.509ms
[5.439s][info][gc,marking    ] GC(21) Concurrent Preclean
[5.440s][info][gc,marking    ] GC(21) Concurrent Preclean 0.307ms
[5.440s][info][gc,marking    ] GC(21) Concurrent Mark (5.431s, 5.440s) 9.064ms
[5.440s][info][gc,start      ] GC(21) Pause Remark
[5.441s][info][gc,stringtable] GC(21) Cleaned string and symbol table, strings: 2124 processed, 0 removed, symbols: 21272 processed, 0 removed
[5.441s][info][gc            ] GC(21) Pause Remark 286M->286M(299M) 1.306ms
[5.441s][info][gc,cpu        ] GC(21) User=0.00s Sys=0.00s Real=0.00s
[5.441s][info][gc,marking    ] GC(21) Concurrent Rebuild Remembered Sets
[5.449s][info][gc,marking    ] GC(21) Concurrent Rebuild Remembered Sets 7.798ms
[5.450s][info][gc,start      ] GC(21) Pause Cleanup
[5.450s][info][gc            ] GC(21) Pause Cleanup 287M->287M(299M) 0.308ms
[5.450s][info][gc,cpu        ] GC(21) User=0.00s Sys=0.00s Real=0.00s
[5.450s][info][gc,marking    ] GC(21) Concurrent Cleanup for Next Mark
[5.451s][info][gc,marking    ] GC(21) Concurrent Cleanup for Next Mark 0.449ms
[5.451s][info][gc            ] GC(21) Concurrent Cycle 20.215ms
[5.493s][info][gc,start      ] GC(22) Pause Young (Normal) (G1 Evacuation Pause)
[5.494s][info][gc,task       ] GC(22) Using 7 workers of 18 for evacuation
[5.501s][info][gc,phases     ] GC(22)   Pre Evacuate Collection Set: 0.0ms
[5.501s][info][gc,phases     ] GC(22)   Evacuate Collection Set: 6.8ms
[5.501s][info][gc,phases     ] GC(22)   Post Evacuate Collection Set: 0.2ms
[5.501s][info][gc,phases     ] GC(22)   Other: 1.5ms
[5.501s][info][gc,heap       ] GC(22) Eden regions: 12->0(13)
[5.501s][info][gc,heap       ] GC(22) Survivor regions: 2->2(2)
[5.502s][info][gc,heap       ] GC(22) Old regions: 282->295
[5.502s][info][gc,heap       ] GC(22) Humongous regions: 1->1
[5.502s][info][gc,metaspace  ] GC(22) Metaspace: 5223K->5223K(1056768K)
[5.502s][info][gc            ] GC(22) Pause Young (Normal) (G1 Evacuation Pause) 296M->297M(312M) 8.929ms
[5.502s][info][gc,cpu        ] GC(22) User=0.03s Sys=0.03s Real=0.01s
[5.569s][info][gc,start      ] GC(23) Pause Young (Concurrent Start) (G1 Evacuation Pause)
[5.569s][info][gc,task       ] GC(23) Using 7 workers of 18 for evacuation
[5.577s][info][gc,phases     ] GC(23)   Pre Evacuate Collection Set: 0.0ms
[5.577s][info][gc,phases     ] GC(23)   Evacuate Collection Set: 8.0ms
[5.577s][info][gc,phases     ] GC(23)   Post Evacuate Collection Set: 0.2ms
[5.577s][info][gc,phases     ] GC(23)   Other: 0.4ms
[5.577s][info][gc,heap       ] GC(23) Eden regions: 13->0(14)
[5.577s][info][gc,heap       ] GC(23) Survivor regions: 2->2(2)
[5.577s][info][gc,heap       ] GC(23) Old regions: 295->309
[5.577s][info][gc,heap       ] GC(23) Humongous regions: 1->1
[5.578s][info][gc,metaspace  ] GC(23) Metaspace: 5223K->5223K(1056768K)
[5.578s][info][gc            ] GC(23) Pause Young (Concurrent Start) (G1 Evacuation Pause) 310M->311M(327M) 9.066ms
[5.578s][info][gc,cpu        ] GC(23) User=0.00s Sys=0.00s Real=0.01s
[5.578s][info][gc            ] GC(24) Concurrent Cycle
[5.578s][info][gc,marking    ] GC(24) Concurrent Clear Claimed Marks
[5.578s][info][gc,marking    ] GC(24) Concurrent Clear Claimed Marks 0.046ms
[5.578s][info][gc,marking    ] GC(24) Concurrent Scan Root Regions
[5.578s][info][gc,marking    ] GC(24) Concurrent Scan Root Regions 0.161ms
[5.578s][info][gc,marking    ] GC(24) Concurrent Mark (5.578s)
[5.578s][info][gc,marking    ] GC(24) Concurrent Mark From Roots
[5.578s][info][gc,task       ] GC(24) Using 5 workers of 5 for marking
[5.586s][info][gc,marking    ] GC(24) Concurrent Mark From Roots 7.465ms
[5.586s][info][gc,marking    ] GC(24) Concurrent Preclean
[5.586s][info][gc,marking    ] GC(24) Concurrent Preclean 0.304ms
[5.586s][info][gc,marking    ] GC(24) Concurrent Mark (5.578s, 5.586s) 8.003ms
[5.586s][info][gc,start      ] GC(24) Pause Remark
[5.587s][info][gc,stringtable] GC(24) Cleaned string and symbol table, strings: 2124 processed, 0 removed, symbols: 21272 processed, 0 removed
[5.587s][info][gc            ] GC(24) Pause Remark 313M->313M(327M) 0.942ms
[5.587s][info][gc,cpu        ] GC(24) User=0.00s Sys=0.00s Real=0.00s
[5.587s][info][gc,marking    ] GC(24) Concurrent Rebuild Remembered Sets
[5.595s][info][gc,marking    ] GC(24) Concurrent Rebuild Remembered Sets 7.120ms
[5.595s][info][gc,start      ] GC(24) Pause Cleanup
[5.595s][info][gc            ] GC(24) Pause Cleanup 314M->314M(327M) 0.333ms
[5.595s][info][gc,cpu        ] GC(24) User=0.00s Sys=0.00s Real=0.00s
[5.595s][info][gc,marking    ] GC(24) Concurrent Cleanup for Next Mark
[5.596s][info][gc,marking    ] GC(24) Concurrent Cleanup for Next Mark 0.471ms
[5.596s][info][gc            ] GC(24) Concurrent Cycle 18.123ms
[5.652s][info][gc,start      ] GC(25) Pause Young (Normal) (G1 Evacuation Pause)
[5.652s][info][gc,task       ] GC(25) Using 7 workers of 18 for evacuation
[5.661s][info][gc,phases     ] GC(25)   Pre Evacuate Collection Set: 0.0ms
[5.662s][info][gc,phases     ] GC(25)   Evacuate Collection Set: 8.0ms
[5.662s][info][gc,phases     ] GC(25)   Post Evacuate Collection Set: 1.4ms
[5.662s][info][gc,phases     ] GC(25)   Other: 0.3ms
[5.662s][info][gc,heap       ] GC(25) Eden regions: 14->0(16)
[5.662s][info][gc,heap       ] GC(25) Survivor regions: 2->2(2)
[5.662s][info][gc,heap       ] GC(25) Old regions: 309->324
[5.662s][info][gc,heap       ] GC(25) Humongous regions: 1->1
[5.662s][info][gc,metaspace  ] GC(25) Metaspace: 5223K->5223K(1056768K)
[5.662s][info][gc            ] GC(25) Pause Young (Normal) (G1 Evacuation Pause) 325M->326M(364M) 10.177ms
[5.662s][info][gc,cpu        ] GC(25) User=0.03s Sys=0.08s Real=0.01s
[5.665s][info][gc,start      ] GC(26) Pause Young (Concurrent Start) (G1 Humongous Allocation)
[5.666s][info][gc,task       ] GC(26) Using 8 workers of 18 for evacuation
[5.668s][info][gc,phases     ] GC(26)   Pre Evacuate Collection Set: 0.0ms
[5.668s][info][gc,phases     ] GC(26)   Evacuate Collection Set: 1.5ms
[5.668s][info][gc,phases     ] GC(26)   Post Evacuate Collection Set: 0.1ms
[5.668s][info][gc,phases     ] GC(26)   Other: 1.5ms
[5.668s][info][gc,heap       ] GC(26) Eden regions: 1->0(17)
[5.668s][info][gc,heap       ] GC(26) Survivor regions: 2->1(3)
[5.668s][info][gc,heap       ] GC(26) Old regions: 324->327
[5.668s][info][gc,heap       ] GC(26) Humongous regions: 1->1
[5.668s][info][gc,metaspace  ] GC(26) Metaspace: 5223K->5223K(1056768K)
[5.668s][info][gc            ] GC(26) Pause Young (Concurrent Start) (G1 Humongous Allocation) 327M->328M(364M) 3.552ms
[5.668s][info][gc,cpu        ] GC(26) User=0.00s Sys=0.00s Real=0.00s
[5.668s][info][gc            ] GC(27) Concurrent Cycle
[5.668s][info][gc,marking    ] GC(27) Concurrent Clear Claimed Marks
[5.668s][info][gc,marking    ] GC(27) Concurrent Clear Claimed Marks 0.045ms
[5.668s][info][gc,marking    ] GC(27) Concurrent Scan Root Regions
[5.675s][info][gc,marking    ] GC(27) Concurrent Scan Root Regions 6.668ms
[5.675s][info][gc,marking    ] GC(27) Concurrent Mark (5.675s)
[5.675s][info][gc,marking    ] GC(27) Concurrent Mark From Roots
[5.675s][info][gc,task       ] GC(27) Using 5 workers of 5 for marking
[5.684s][info][gc,marking    ] GC(27) Concurrent Mark From Roots 8.393ms
[5.684s][info][gc,marking    ] GC(27) Concurrent Preclean
[5.684s][info][gc,marking    ] GC(27) Concurrent Preclean 0.313ms
[5.684s][info][gc,marking    ] GC(27) Concurrent Mark (5.675s, 5.684s) 8.962ms
[5.684s][info][gc,start      ] GC(27) Pause Remark
[5.685s][info][gc,stringtable] GC(27) Cleaned string and symbol table, strings: 2124 processed, 0 removed, symbols: 21272 processed, 0 removed
[5.685s][info][gc            ] GC(27) Pause Remark 330M->330M(364M) 0.948ms
[5.685s][info][gc,cpu        ] GC(27) User=0.00s Sys=0.00s Real=0.00s
[5.685s][info][gc,marking    ] GC(27) Concurrent Rebuild Remembered Sets
[5.695s][info][gc,marking    ] GC(27) Concurrent Rebuild Remembered Sets 9.381ms
[5.695s][info][gc,start      ] GC(27) Pause Cleanup
[5.695s][info][gc            ] GC(27) Pause Cleanup 330M->330M(364M) 0.295ms
[5.695s][info][gc,cpu        ] GC(27) User=0.00s Sys=0.00s Real=0.00s
[5.696s][info][gc,marking    ] GC(27) Concurrent Cleanup for Next Mark
[5.696s][info][gc,marking    ] GC(27) Concurrent Cleanup for Next Mark 0.458ms
[5.696s][info][gc            ] GC(27) Concurrent Cycle 27.978ms
[6.414s][info][gc,start      ] GC(28) Pause Young (Prepare Mixed) (G1 Evacuation Pause)
[6.414s][info][gc,task       ] GC(28) Using 8 workers of 18 for evacuation
[6.419s][info][gc,phases     ] GC(28)   Pre Evacuate Collection Set: 0.0ms
[6.419s][info][gc,phases     ] GC(28)   Evacuate Collection Set: 4.8ms
[6.419s][info][gc,phases     ] GC(28)   Post Evacuate Collection Set: 0.2ms
[6.419s][info][gc,phases     ] GC(28)   Other: 0.3ms
[6.420s][info][gc,heap       ] GC(28) Eden regions: 17->0(15)
[6.420s][info][gc,heap       ] GC(28) Survivor regions: 1->3(3)
[6.420s][info][gc,heap       ] GC(28) Old regions: 327->342
[6.420s][info][gc,heap       ] GC(28) Humongous regions: 3->3
[6.420s][info][gc,metaspace  ] GC(28) Metaspace: 5223K->5223K(1056768K)
[6.420s][info][gc            ] GC(28) Pause Young (Prepare Mixed) (G1 Evacuation Pause) 347M->347M(366M) 5.865ms
[6.420s][info][gc,cpu        ] GC(28) User=0.00s Sys=0.00s Real=0.01s
[6.496s][info][gc,start      ] GC(29) Pause Young (Mixed) (G1 Evacuation Pause)
[6.496s][info][gc,task       ] GC(29) Using 8 workers of 18 for evacuation
[6.504s][info][gc,phases     ] GC(29)   Pre Evacuate Collection Set: 0.0ms
[6.504s][info][gc,phases     ] GC(29)   Evacuate Collection Set: 7.1ms
[6.504s][info][gc,phases     ] GC(29)   Post Evacuate Collection Set: 0.2ms
[6.504s][info][gc,phases     ] GC(29)   Other: 0.4ms
[6.504s][info][gc,heap       ] GC(29) Eden regions: 15->0(16)
[6.504s][info][gc,heap       ] GC(29) Survivor regions: 3->3(3)
[6.504s][info][gc,heap       ] GC(29) Old regions: 342->357
[6.504s][info][gc,heap       ] GC(29) Humongous regions: 3->3
[6.504s][info][gc,metaspace  ] GC(29) Metaspace: 5223K->5223K(1056768K)
[6.504s][info][gc            ] GC(29) Pause Young (Mixed) (G1 Evacuation Pause) 362M->362M(382M) 8.133ms
[6.504s][info][gc,cpu        ] GC(29) User=0.06s Sys=0.06s Real=0.01s
[6.585s][info][gc,start      ] GC(30) Pause Young (Concurrent Start) (G1 Evacuation Pause)
[6.587s][info][gc,task       ] GC(30) Using 9 workers of 18 for evacuation
[6.595s][info][gc,phases     ] GC(30)   Pre Evacuate Collection Set: 0.0ms
[6.595s][info][gc,phases     ] GC(30)   Evacuate Collection Set: 7.6ms
[6.595s][info][gc,phases     ] GC(30)   Post Evacuate Collection Set: 0.2ms
[6.595s][info][gc,phases     ] GC(30)   Other: 1.7ms
[6.595s][info][gc,heap       ] GC(30) Eden regions: 16->0(16)
[6.595s][info][gc,heap       ] GC(30) Survivor regions: 3->3(3)
[6.595s][info][gc,heap       ] GC(30) Old regions: 357->374
[6.595s][info][gc,heap       ] GC(30) Humongous regions: 3->3
[6.595s][info][gc,metaspace  ] GC(30) Metaspace: 5223K->5223K(1056768K)
[6.596s][info][gc            ] GC(30) Pause Young (Concurrent Start) (G1 Evacuation Pause) 378M->379M(399M) 10.304ms
[6.596s][info][gc,cpu        ] GC(30) User=0.02s Sys=0.00s Real=0.01s
[6.596s][info][gc            ] GC(31) Concurrent Cycle
[6.596s][info][gc,marking    ] GC(31) Concurrent Clear Claimed Marks
[6.596s][info][gc,marking    ] GC(31) Concurrent Clear Claimed Marks 0.055ms
[6.596s][info][gc,marking    ] GC(31) Concurrent Scan Root Regions
[6.599s][info][gc,marking    ] GC(31) Concurrent Scan Root Regions 3.035ms
[6.599s][info][gc,marking    ] GC(31) Concurrent Mark (6.599s)
[6.599s][info][gc,marking    ] GC(31) Concurrent Mark From Roots
[6.599s][info][gc,task       ] GC(31) Using 5 workers of 5 for marking
[6.608s][info][gc,marking    ] GC(31) Concurrent Mark From Roots 9.156ms
[6.608s][info][gc,marking    ] GC(31) Concurrent Preclean
[6.609s][info][gc,marking    ] GC(31) Concurrent Preclean 0.314ms
[6.609s][info][gc,marking    ] GC(31) Concurrent Mark (6.599s, 6.609s) 9.728ms
[6.609s][info][gc,start      ] GC(31) Pause Remark
[6.610s][info][gc,stringtable] GC(31) Cleaned string and symbol table, strings: 2124 processed, 0 removed, symbols: 21272 processed, 0 removed
[6.611s][info][gc            ] GC(31) Pause Remark 382M->381M(399M) 1.433ms
[6.611s][info][gc,cpu        ] GC(31) User=0.14s Sys=0.00s Real=0.00s
[6.611s][info][gc,marking    ] GC(31) Concurrent Rebuild Remembered Sets
[6.619s][info][gc,marking    ] GC(31) Concurrent Rebuild Remembered Sets 8.640ms
[6.620s][info][gc,start      ] GC(31) Pause Cleanup
[6.620s][info][gc            ] GC(31) Pause Cleanup 382M->382M(399M) 0.380ms
[6.620s][info][gc,cpu        ] GC(31) User=0.00s Sys=0.00s Real=0.00s
[6.620s][info][gc,marking    ] GC(31) Concurrent Cleanup for Next Mark
[6.621s][info][gc,marking    ] GC(31) Concurrent Cleanup for Next Mark 0.470ms
[6.621s][info][gc            ] GC(31) Concurrent Cycle 24.932ms
[6.679s][info][gc,start      ] GC(32) Pause Young (Prepare Mixed) (G1 Evacuation Pause)
[6.679s][info][gc,task       ] GC(32) Using 9 workers of 18 for evacuation
[6.686s][info][gc,phases     ] GC(32)   Pre Evacuate Collection Set: 0.0ms
[6.686s][info][gc,phases     ] GC(32)   Evacuate Collection Set: 6.7ms
[6.686s][info][gc,phases     ] GC(32)   Post Evacuate Collection Set: 0.2ms
[6.687s][info][gc,phases     ] GC(32)   Other: 0.3ms
[6.687s][info][gc,heap       ] GC(32) Eden regions: 16->0(17)
[6.687s][info][gc,heap       ] GC(32) Survivor regions: 3->3(3)
[6.687s][info][gc,heap       ] GC(32) Old regions: 374->391
[6.687s][info][gc,heap       ] GC(32) Humongous regions: 2->2
[6.687s][info][gc,metaspace  ] GC(32) Metaspace: 5223K->5223K(1056768K)
[6.687s][info][gc            ] GC(32) Pause Young (Prepare Mixed) (G1 Evacuation Pause) 394M->396M(415M) 7.659ms
[6.687s][info][gc,cpu        ] GC(32) User=0.00s Sys=0.00s Real=0.01s
[6.772s][info][gc,start      ] GC(33) Pause Young (Mixed) (G1 Evacuation Pause)
[6.772s][info][gc,task       ] GC(33) Using 9 workers of 18 for evacuation
[6.780s][info][gc,phases     ] GC(33)   Pre Evacuate Collection Set: 0.0ms
[6.781s][info][gc,phases     ] GC(33)   Evacuate Collection Set: 7.8ms
[6.781s][info][gc,phases     ] GC(33)   Post Evacuate Collection Set: 0.2ms
[6.781s][info][gc,phases     ] GC(33)   Other: 0.4ms
[6.781s][info][gc,heap       ] GC(33) Eden regions: 17->0(18)
[6.781s][info][gc,heap       ] GC(33) Survivor regions: 3->3(3)
[6.781s][info][gc,heap       ] GC(33) Old regions: 391->409
[6.781s][info][gc,heap       ] GC(33) Humongous regions: 2->2
[6.781s][info][gc,metaspace  ] GC(33) Metaspace: 5223K->5223K(1056768K)
[6.781s][info][gc            ] GC(33) Pause Young (Mixed) (G1 Evacuation Pause) 413M->414M(434M) 8.886ms
[6.781s][info][gc,cpu        ] GC(33) User=0.00s Sys=0.00s Real=0.01s
[6.874s][info][gc,start      ] GC(34) Pause Young (Concurrent Start) (G1 Evacuation Pause)
[6.875s][info][gc,task       ] GC(34) Using 10 workers of 18 for evacuation
[6.885s][info][gc,phases     ] GC(34)   Pre Evacuate Collection Set: 0.0ms
[6.885s][info][gc,phases     ] GC(34)   Evacuate Collection Set: 9.4ms
[6.885s][info][gc,phases     ] GC(34)   Post Evacuate Collection Set: 0.2ms
[6.885s][info][gc,phases     ] GC(34)   Other: 1.6ms
[6.885s][info][gc,heap       ] GC(34) Eden regions: 18->0(19)
[6.885s][info][gc,heap       ] GC(34) Survivor regions: 3->3(3)
[6.885s][info][gc,heap       ] GC(34) Old regions: 409->429
[6.885s][info][gc,heap       ] GC(34) Humongous regions: 2->2
[6.885s][info][gc,metaspace  ] GC(34) Metaspace: 5223K->5223K(1056768K)
[6.885s][info][gc            ] GC(34) Pause Young (Concurrent Start) (G1 Evacuation Pause) 432M->433M(455M) 11.679ms
[6.885s][info][gc,cpu        ] GC(34) User=0.16s Sys=0.00s Real=0.01s
[6.885s][info][gc            ] GC(35) Concurrent Cycle
[6.886s][info][gc,marking    ] GC(35) Concurrent Clear Claimed Marks
[6.886s][info][gc,marking    ] GC(35) Concurrent Clear Claimed Marks 0.047ms
[6.886s][info][gc,marking    ] GC(35) Concurrent Scan Root Regions
[6.886s][info][gc,marking    ] GC(35) Concurrent Scan Root Regions 0.163ms
[6.886s][info][gc,marking    ] GC(35) Concurrent Mark (6.886s)
[6.886s][info][gc,marking    ] GC(35) Concurrent Mark From Roots
[6.886s][info][gc,task       ] GC(35) Using 5 workers of 5 for marking
[6.895s][info][gc,marking    ] GC(35) Concurrent Mark From Roots 9.494ms
[6.896s][info][gc,marking    ] GC(35) Concurrent Preclean
[6.896s][info][gc,marking    ] GC(35) Concurrent Preclean 0.317ms
[6.896s][info][gc,marking    ] GC(35) Concurrent Mark (6.886s, 6.896s) 10.060ms
[6.896s][info][gc,start      ] GC(35) Pause Remark
[6.897s][info][gc,stringtable] GC(35) Cleaned string and symbol table, strings: 2124 processed, 0 removed, symbols: 21272 processed, 0 removed
[6.897s][info][gc            ] GC(35) Pause Remark 435M->435M(455M) 0.913ms
[6.897s][info][gc,cpu        ] GC(35) User=0.00s Sys=0.00s Real=0.00s
[6.897s][info][gc,marking    ] GC(35) Concurrent Rebuild Remembered Sets
[6.907s][info][gc,marking    ] GC(35) Concurrent Rebuild Remembered Sets 9.863ms
[6.907s][info][gc,start      ] GC(35) Pause Cleanup
[6.908s][info][gc            ] GC(35) Pause Cleanup 437M->437M(455M) 0.332ms
[6.908s][info][gc,cpu        ] GC(35) User=0.00s Sys=0.00s Real=0.00s
[6.908s][info][gc,marking    ] GC(35) Concurrent Cleanup for Next Mark
[6.908s][info][gc,marking    ] GC(35) Concurrent Cleanup for Next Mark 0.573ms
[6.909s][info][gc            ] GC(35) Concurrent Cycle 23.051ms
[9.530s][info][gc,start      ] GC(36) Pause Young (Prepare Mixed) (G1 Evacuation Pause)
[9.530s][info][gc,task       ] GC(36) Using 10 workers of 18 for evacuation
[9.540s][info][gc,phases     ] GC(36)   Pre Evacuate Collection Set: 0.0ms
[9.540s][info][gc,phases     ] GC(36)   Evacuate Collection Set: 8.9ms
[9.540s][info][gc,phases     ] GC(36)   Post Evacuate Collection Set: 0.3ms
[9.540s][info][gc,phases     ] GC(36)   Other: 0.5ms
[9.540s][info][gc,heap       ] GC(36) Eden regions: 19->0(20)
[9.540s][info][gc,heap       ] GC(36) Survivor regions: 3->3(3)
[9.540s][info][gc,heap       ] GC(36) Old regions: 429->449
[9.540s][info][gc,heap       ] GC(36) Humongous regions: 4->4
[9.541s][info][gc,metaspace  ] GC(36) Metaspace: 5223K->5223K(1056768K)
[9.541s][info][gc            ] GC(36) Pause Young (Prepare Mixed) (G1 Evacuation Pause) 454M->455M(478M) 10.469ms
[9.541s][info][gc,cpu        ] GC(36) User=0.03s Sys=0.06s Real=0.01s
[9.649s][info][gc,start      ] GC(37) Pause Young (Mixed) (G1 Evacuation Pause)
[9.651s][info][gc,task       ] GC(37) Using 11 workers of 18 for evacuation
[9.667s][info][gc,phases     ] GC(37)   Pre Evacuate Collection Set: 0.0ms
[9.667s][info][gc,phases     ] GC(37)   Evacuate Collection Set: 15.1ms
[9.667s][info][gc,phases     ] GC(37)   Post Evacuate Collection Set: 0.3ms
[9.667s][info][gc,phases     ] GC(37)   Other: 2.0ms
[9.667s][info][gc,heap       ] GC(37) Eden regions: 20->0(22)
[9.667s][info][gc,heap       ] GC(37) Survivor regions: 3->3(3)
[9.667s][info][gc,heap       ] GC(37) Old regions: 449->468
[9.667s][info][gc,heap       ] GC(37) Humongous regions: 4->4
[9.667s][info][gc,metaspace  ] GC(37) Metaspace: 5223K->5223K(1056768K)
[9.667s][info][gc            ] GC(37) Pause Young (Mixed) (G1 Evacuation Pause) 475M->474M(500M) 18.252ms
[9.668s][info][gc,cpu        ] GC(37) User=0.05s Sys=0.13s Real=0.02s
[9.785s][info][gc,start      ] GC(38) Pause Young (Concurrent Start) (G1 Evacuation Pause)
[9.786s][info][gc,task       ] GC(38) Using 12 workers of 18 for evacuation
[9.799s][info][gc            ] GC(38) To-space exhausted
[9.799s][info][gc,phases     ] GC(38)   Pre Evacuate Collection Set: 0.0ms
[9.799s][info][gc,phases     ] GC(38)   Evacuate Collection Set: 11.7ms
[9.799s][info][gc,phases     ] GC(38)   Post Evacuate Collection Set: 0.6ms
[9.799s][info][gc,phases     ] GC(38)   Other: 1.9ms
[9.799s][info][gc,heap       ] GC(38) Eden regions: 22->0(21)
[9.799s][info][gc,heap       ] GC(38) Survivor regions: 3->4(4)
[9.800s][info][gc,heap       ] GC(38) Old regions: 468->492
[9.800s][info][gc,heap       ] GC(38) Humongous regions: 4->4
[9.800s][info][gc,metaspace  ] GC(38) Metaspace: 5223K->5223K(1056768K)
[9.800s][info][gc            ] GC(38) Pause Young (Concurrent Start) (G1 Evacuation Pause) 496M->500M(512M) 14.882ms
[9.800s][info][gc,cpu        ] GC(38) User=0.09s Sys=0.09s Real=0.01s
[9.800s][info][gc            ] GC(39) Concurrent Cycle
[9.800s][info][gc,marking    ] GC(39) Concurrent Clear Claimed Marks
[9.800s][info][gc,marking    ] GC(39) Concurrent Clear Claimed Marks 0.058ms
[9.800s][info][gc,marking    ] GC(39) Concurrent Scan Root Regions
[9.804s][info][gc,marking    ] GC(39) Concurrent Scan Root Regions 3.666ms
[9.804s][info][gc,marking    ] GC(39) Concurrent Mark (9.804s)
[9.804s][info][gc,marking    ] GC(39) Concurrent Mark From Roots
[9.804s][info][gc,task       ] GC(39) Using 5 workers of 5 for marking
[9.807s][info][gc,marking    ] GC(39) Concurrent Mark From Roots 3.181ms
[9.807s][info][gc,marking    ] GC(39) Concurrent Preclean
[9.808s][info][gc,marking    ] GC(39) Concurrent Preclean 0.307ms
[9.808s][info][gc,marking    ] GC(39) Concurrent Mark (9.804s, 9.808s) 3.752ms
[9.808s][info][gc,start      ] GC(39) Pause Remark
[9.809s][info][gc,stringtable] GC(39) Cleaned string and symbol table, strings: 2124 processed, 0 removed, symbols: 21272 processed, 0 removed
[9.810s][info][gc            ] GC(39) Pause Remark 501M->76M(512M) 1.426ms
[9.810s][info][gc,cpu        ] GC(39) User=0.00s Sys=0.00s Real=0.00s
[9.810s][info][gc,marking    ] GC(39) Concurrent Rebuild Remembered Sets
[9.811s][info][gc,marking    ] GC(39) Concurrent Rebuild Remembered Sets 1.719ms
[9.812s][info][gc,start      ] GC(39) Pause Cleanup
[9.812s][info][gc            ] GC(39) Pause Cleanup 77M->77M(512M) 0.244ms
[9.812s][info][gc,cpu        ] GC(39) User=0.00s Sys=0.00s Real=0.00s
[9.812s][info][gc,marking    ] GC(39) Concurrent Cleanup for Next Mark
[9.813s][info][gc,marking    ] GC(39) Concurrent Cleanup for Next Mark 0.953ms
[9.813s][info][gc            ] GC(39) Concurrent Cycle 13.010ms
[9.909s][info][gc,start      ] GC(40) Pause Young (Normal) (G1 Evacuation Pause)
[9.909s][info][gc,task       ] GC(40) Using 12 workers of 18 for evacuation
[9.915s][info][gc,phases     ] GC(40)   Pre Evacuate Collection Set: 0.0ms
[9.915s][info][gc,phases     ] GC(40)   Evacuate Collection Set: 5.2ms
[9.915s][info][gc,phases     ] GC(40)   Post Evacuate Collection Set: 0.3ms
[9.915s][info][gc,phases     ] GC(40)   Other: 0.3ms
[9.915s][info][gc,heap       ] GC(40) Eden regions: 21->0(113)
[9.915s][info][gc,heap       ] GC(40) Survivor regions: 4->4(4)
[9.915s][info][gc,heap       ] GC(40) Old regions: 71->93
[9.915s][info][gc,heap       ] GC(40) Humongous regions: 0->0
[9.915s][info][gc,metaspace  ] GC(40) Metaspace: 5223K->5223K(1056768K)
[9.916s][info][gc            ] GC(40) Pause Young (Normal) (G1 Evacuation Pause) 96M->97M(512M) 6.266ms
[9.916s][info][gc,cpu        ] GC(40) User=0.00s Sys=0.00s Real=0.01s
[12.219s][info][gc,heap,exit  ] Heap
[12.219s][info][gc,heap,exit  ]  garbage-first heap   total 524288K, used 125952K [0x00000000e0000000, 0x0000000100000000)
[12.219s][info][gc,heap,exit  ]   region size 1024K, 31 young (31744K), 4 survivors (4096K)
[12.219s][info][gc,heap,exit  ]  Metaspace       used 5232K, capacity 5341K, committed 5376K, reserved 1056768K
[12.219s][info][gc,heap,exit  ]   class space    used 440K, capacity 479K, committed 512K, reserved 1048576K
