OpenJDK 64-Bit Server VM (25.265-b01) for linux-amd64 JRE (1.8.0_265-b01), built on Jul 27 2020 07:33:48 by "openjdk" with gcc 4.4.7 20120313 (Red Hat 4.4.7-23)
Memory: 4k page, physical 15569112k(3181792k free), swap 999420k(999420k free)
CommandLine flags: -XX:InitialHeapSize=268435456 -XX:MaxHeapSize=536870912 -XX:MaxNewSize=178958336 -XX:MaxTenuringThreshold=6 -XX:NewSize=178958336 -XX:OldPLABSize=16 -XX:OldSize=357912576 -XX:+PrintGC -XX:+PrintGCApplicationStoppedTime -XX:+PrintGCDetails -XX:+PrintGCTimeStamps -XX:+PrintReferenceGC -XX:+PrintTenuringDistribution -XX:+UseCompressedClassPointers -XX:+UseCompressedOops -XX:+UseConcMarkSweepGC -XX:+UseParNewGC 
1.014: Total time for which application threads were stopped: 0.0001666 seconds, Stopping threads took: 0.0000409 seconds
4.045: Total time for which application threads were stopped: 0.0000939 seconds, Stopping threads took: 0.0000228 seconds
29.048: Total time for which application threads were stopped: 0.0000982 seconds, Stopping threads took: 0.0000307 seconds
29.499: [GC (Allocation Failure) 29.499: [ParNew29.551: [SoftReference, 0 refs, 0.0000439 secs]29.551: [WeakReference, 116 refs, 0.0000211 secs]29.551: [FinalReference, 7 refs, 0.0000290 secs]29.551: [PhantomReference, 0 refs, 0 refs, 0.0000064 secs]29.551: [JNI Weak Reference, 0.0000126 secs]
Desired survivor size 8945664 bytes, new threshold 1 (max 6)
- age   1:   17884304 bytes,   17884304 total
: 139776K->17471K(157248K), 0.0521974 secs] 139776K->133783K(273856K), 0.0523116 secs] [Times: user=0.08 sys=0.08, real=0.05 secs] 
29.551: Total time for which application threads were stopped: 0.0524215 seconds, Stopping threads took: 0.0000306 seconds
29.551: [GC (CMS Initial Mark) [1 CMS-initial-mark: 116311K(116608K)] 136553K(273856K), 0.0028721 secs] [Times: user=0.01 sys=0.00, real=0.00 secs] 
29.554: Total time for which application threads were stopped: 0.0029476 seconds, Stopping threads took: 0.0000361 seconds
29.554: [CMS-concurrent-mark-start]
29.562: [CMS-concurrent-mark: 0.007/0.007 secs] [Times: user=0.02 sys=0.00, real=0.01 secs] 
29.562: [CMS-concurrent-preclean-start]
29.562: [Preclean SoftReferences, 0.0000045 secs]29.562: [Preclean WeakReferences, 0.0000033 secs]29.562: [Preclean FinalReferences, 0.0000035 secs]29.562: [Preclean PhantomReferences, 0.0000033 secs]29.562: [CMS-concurrent-preclean: 0.000/0.000 secs] [Times: user=0.00 sys=0.00, real=0.00 secs] 
29.562: [CMS-concurrent-abortable-preclean-start]
29.883: [CMS-concurrent-abortable-preclean: 0.021/0.321 secs] [Times: user=0.21 sys=0.00, real=0.32 secs] 
29.883: [GC (CMS Final Remark) [YG occupancy: 95402 K (157248 K)]29.883: [Rescan (parallel) , 0.0074340 secs]29.891: [weak refs processing29.891: [SoftReference, 0 refs, 0.0000065 secs]29.891: [WeakReference, 0 refs, 0.0000040 secs]29.891: [FinalReference, 0 refs, 0.0000039 secs]29.891: [PhantomReference, 0 refs, 0 refs, 0.0000044 secs]29.891: [JNI Weak Reference, 0.0000073 secs], 0.0000471 secs]29.891: [class unloading, 0.0004005 secs]29.891: [scrub symbol table, 0.0003694 secs]29.892: [scrub string table, 0.0001781 secs][1 CMS-remark: 116311K(116608K)] 211714K(273856K), 0.0085949 secs] [Times: user=0.05 sys=0.00, real=0.01 secs] 
29.892: Total time for which application threads were stopped: 0.0086971 seconds, Stopping threads took: 0.0000430 seconds
29.892: [CMS-concurrent-sweep-start]
29.899: [CMS-concurrent-sweep: 0.007/0.007 secs] [Times: user=0.01 sys=0.00, real=0.01 secs] 
29.899: [CMS-concurrent-reset-start]
29.900: [CMS-concurrent-reset: 0.001/0.001 secs] [Times: user=0.00 sys=0.00, real=0.00 secs] 
30.327: [GC (Allocation Failure) 30.327: [ParNew30.386: [SoftReference, 0 refs, 0.0000384 secs]30.386: [WeakReference, 0 refs, 0.0000049 secs]30.386: [FinalReference, 0 refs, 0.0000046 secs]30.386: [PhantomReference, 0 refs, 0 refs, 0.0000054 secs]30.386: [JNI Weak Reference, 0.0000141 secs]
Desired survivor size 8945664 bytes, new threshold 1 (max 6)
- age   1:   17654424 bytes,   17654424 total
: 157247K->17472K(157248K), 0.0596192 secs] 273559K->271440K(412928K), 0.0596616 secs] [Times: user=0.15 sys=0.08, real=0.06 secs] 
30.387: Total time for which application threads were stopped: 0.0597572 seconds, Stopping threads took: 0.0000149 seconds
30.387: [GC (CMS Initial Mark) [1 CMS-initial-mark: 253968K(255680K)] 274219K(412928K), 0.0037252 secs] [Times: user=0.00 sys=0.00, real=0.01 secs] 
30.390: Total time for which application threads were stopped: 0.0038045 seconds, Stopping threads took: 0.0000323 seconds
30.390: [CMS-concurrent-mark-start]
30.404: [CMS-concurrent-mark: 0.014/0.014 secs] [Times: user=0.04 sys=0.00, real=0.01 secs] 
30.404: [CMS-concurrent-preclean-start]
30.404: [Preclean SoftReferences, 0.0000041 secs]30.404: [Preclean WeakReferences, 0.0000049 secs]30.404: [Preclean FinalReferences, 0.0000029 secs]30.404: [Preclean PhantomReferences, 0.0000028 secs]30.405: [CMS-concurrent-preclean: 0.000/0.000 secs] [Times: user=0.00 sys=0.00, real=0.00 secs] 
30.405: [CMS-concurrent-abortable-preclean-start]
31.853: [CMS-concurrent-abortable-preclean: 0.147/1.449 secs] [Times: user=0.32 sys=0.00, real=1.45 secs] 
31.854: [GC (CMS Final Remark) [YG occupancy: 98450 K (157248 K)]31.854: [Rescan (parallel) , 0.0034859 secs]31.857: [weak refs processing31.857: [SoftReference, 0 refs, 0.0000054 secs]31.857: [WeakReference, 0 refs, 0.0000030 secs]31.857: [FinalReference, 1 refs, 0.0000173 secs]31.857: [PhantomReference, 0 refs, 0 refs, 0.0000033 secs]31.857: [JNI Weak Reference, 0.0000059 secs], 0.0000540 secs]31.857: [class unloading, 0.0003508 secs]31.858: [scrub symbol table, 0.0003373 secs]31.858: [scrub string table, 0.0001465 secs][1 CMS-remark: 253968K(255680K)] 352418K(412928K), 0.0044712 secs] [Times: user=0.02 sys=0.00, real=0.01 secs] 
31.858: Total time for which application threads were stopped: 0.0045584 seconds, Stopping threads took: 0.0000472 seconds
31.858: [CMS-concurrent-sweep-start]
31.871: [CMS-concurrent-sweep: 0.013/0.013 secs] [Times: user=0.02 sys=0.00, real=0.01 secs] 
31.871: [CMS-concurrent-reset-start]
31.872: [CMS-concurrent-reset: 0.000/0.000 secs] [Times: user=0.00 sys=0.00, real=0.00 secs] 
31.991: [GC (Allocation Failure) 31.991: [ParNew: 157248K->157248K(157248K), 0.0000332 secs]31.991: [CMS32.005: [SoftReference, 0 refs, 0.0000245 secs]32.005: [WeakReference, 64 refs, 0.0000095 secs]32.005: [FinalReference, 0 refs, 0.0000042 secs]32.005: [PhantomReference, 0 refs, 0 refs, 0.0000045 secs]32.005: [JNI Weak Reference, 0.0000097 secs]: 253961K->349567K(349568K), 0.1423914 secs] 411209K->405378K(506816K), [Metaspace: 3750K->3750K(1056768K)], 0.1425377 secs] [Times: user=0.13 sys=0.01, real=0.14 secs] 
32.134: Total time for which application threads were stopped: 0.1426352 seconds, Stopping threads took: 0.0000160 seconds
32.134: [GC (CMS Initial Mark) [1 CMS-initial-mark: 349567K(349568K)] 408144K(506816K), 0.0036297 secs] [Times: user=0.00 sys=0.00, real=0.01 secs] 
32.138: Total time for which application threads were stopped: 0.0036893 seconds, Stopping threads took: 0.0000282 seconds
32.138: [CMS-concurrent-mark-start]
32.159: [CMS-concurrent-mark: 0.022/0.022 secs] [Times: user=0.06 sys=0.00, real=0.02 secs] 
32.160: [CMS-concurrent-preclean-start]
32.160: [Preclean SoftReferences, 0.0000044 secs]32.160: [Preclean WeakReferences, 0.0000071 secs]32.160: [Preclean FinalReferences, 0.0000029 secs]32.160: [Preclean PhantomReferences, 0.0000029 secs]32.180: [CMS-concurrent-preclean: 0.020/0.020 secs] [Times: user=0.04 sys=0.00, real=0.02 secs] 
32.180: [CMS-concurrent-abortable-preclean-start]
32.180: [CMS-concurrent-abortable-preclean: 0.000/0.000 secs] [Times: user=0.00 sys=0.00, real=0.00 secs] 
32.180: [GC (CMS Final Remark) [YG occupancy: 71436 K (157248 K)]32.180: [Rescan (parallel) , 0.0045545 secs]32.185: [weak refs processing32.185: [SoftReference, 0 refs, 0.0000053 secs]32.185: [WeakReference, 0 refs, 0.0000032 secs]32.185: [FinalReference, 0 refs, 0.0000031 secs]32.185: [PhantomReference, 0 refs, 0 refs, 0.0000033 secs]32.185: [JNI Weak Reference, 0.0000072 secs], 0.0000397 secs]32.185: [class unloading, 0.0003456 secs]32.185: [scrub symbol table, 0.0003536 secs]32.186: [scrub string table, 0.0001343 secs][1 CMS-remark: 349567K(349568K)] 421003K(506816K), 0.0055255 secs] [Times: user=0.03 sys=0.00, real=0.00 secs] 
32.186: Total time for which application threads were stopped: 0.0055726 seconds, Stopping threads took: 0.0000143 seconds
32.186: [CMS-concurrent-sweep-start]
32.203: [CMS-concurrent-sweep: 0.017/0.017 secs] [Times: user=0.02 sys=0.00, real=0.02 secs] 
32.203: [CMS-concurrent-reset-start]
32.203: [CMS-concurrent-reset: 0.000/0.000 secs] [Times: user=0.00 sys=0.00, real=0.00 secs] 
34.203: [GC (CMS Initial Mark) [1 CMS-initial-mark: 349567K(349568K)] 421003K(506816K), 0.0100239 secs] [Times: user=0.02 sys=0.00, real=0.01 secs] 
34.213: Total time for which application threads were stopped: 0.0101584 seconds, Stopping threads took: 0.0000434 seconds
34.213: [CMS-concurrent-mark-start]
34.230: [CMS-concurrent-mark: 0.017/0.017 secs] [Times: user=0.04 sys=0.00, real=0.02 secs] 
34.230: [CMS-concurrent-preclean-start]
34.230: [Preclean SoftReferences, 0.0000040 secs]34.230: [Preclean WeakReferences, 0.0000056 secs]34.230: [Preclean FinalReferences, 0.0000026 secs]34.230: [Preclean PhantomReferences, 0.0000187 secs]34.231: [CMS-concurrent-preclean: 0.000/0.000 secs] [Times: user=0.00 sys=0.00, real=0.00 secs] 
34.231: [CMS-concurrent-abortable-preclean-start]
34.231: [CMS-concurrent-abortable-preclean: 0.000/0.000 secs] [Times: user=0.00 sys=0.00, real=0.00 secs] 
34.231: [GC (CMS Final Remark) [YG occupancy: 71436 K (157248 K)]34.231: [Rescan (parallel) , 0.0042768 secs]34.235: [weak refs processing34.235: [SoftReference, 0 refs, 0.0000054 secs]34.235: [WeakReference, 0 refs, 0.0000032 secs]34.235: [FinalReference, 0 refs, 0.0000031 secs]34.235: [PhantomReference, 0 refs, 0 refs, 0.0000038 secs]34.235: [JNI Weak Reference, 0.0000087 secs], 0.0000447 secs]34.235: [class unloading, 0.0003865 secs]34.236: [scrub symbol table, 0.0003843 secs]34.236: [scrub string table, 0.0001865 secs][1 CMS-remark: 349567K(349568K)] 421003K(506816K), 0.0053704 secs] [Times: user=0.03 sys=0.00, real=0.00 secs] 
34.236: Total time for which application threads were stopped: 0.0054338 seconds, Stopping threads took: 0.0000290 seconds
34.236: [CMS-concurrent-sweep-start]
34.254: [CMS-concurrent-sweep: 0.017/0.017 secs] [Times: user=0.02 sys=0.00, real=0.02 secs] 
34.254: [CMS-concurrent-reset-start]
34.254: [CMS-concurrent-reset: 0.000/0.000 secs] [Times: user=0.00 sys=0.00, real=0.00 secs] 
35.812: [GC (Allocation Failure) 35.812: [ParNew: 157247K->157247K(157248K), 0.0000205 secs]35.812: [CMS35.815: [SoftReference, 0 refs, 0.0000154 secs]35.815: [WeakReference, 64 refs, 0.0000061 secs]35.815: [FinalReference, 0 refs, 0.0000028 secs]35.815: [PhantomReference, 0 refs, 0 refs, 0.0000030 secs]35.815: [JNI Weak Reference, 0.0000073 secs]: 348367K->86154K(349568K), 0.0506306 secs] 505615K->86154K(506816K), [Metaspace: 3750K->3750K(1056768K)], 0.0507318 secs] [Times: user=0.06 sys=0.00, real=0.05 secs] 
35.863: Total time for which application threads were stopped: 0.0508238 seconds, Stopping threads took: 0.0000159 seconds
Heap
 par new generation   total 157248K, used 22856K [0x00000000e0000000, 0x00000000eaaa0000, 0x00000000eaaa0000)
  eden space 139776K,  16% used [0x00000000e0000000, 0x00000000e1652258, 0x00000000e8880000)
  from space 17472K,   0% used [0x00000000e8880000, 0x00000000e8880000, 0x00000000e9990000)
  to   space 17472K,   0% used [0x00000000e9990000, 0x00000000e9990000, 0x00000000eaaa0000)
 concurrent mark-sweep generation total 349568K, used 86154K [0x00000000eaaa0000, 0x0000000100000000, 0x0000000100000000)
 Metaspace       used 3756K, capacity 4634K, committed 4864K, reserved 1056768K
  class space    used 398K, capacity 458K, committed 512K, reserved 1048576K
