 num     #instances         #bytes  class name (module)
-------------------------------------------------------
   1:        752935       25013552  [B (java.base@11)
   2:        749692       17992608  java.lang.String (java.base@11)
   3:        160116       13546448  [Ljava.lang.Object; (java.base@11)
   4:        118202        9456160  java.net.URI (java.base@11)
   5:        240342        7690944  java.util.concurrent.ConcurrentHashMap$Node (java.base@11)
   6:         18186        4934032  [J (java.base@11)
   7:        100000        4000000  org.apache.http.client.methods.HttpGet
   8:        226877        3630032  java.util.concurrent.atomic.AtomicReference (java.base@11)
   9:        121857        2924568  java.util.ArrayList (java.base@11)
  10:         20880        2847264  [I (java.base@11)
  11:        118125        2835000  org.apache.http.message.HeaderGroup
  12:         18443        2807152  [Ljava.util.concurrent.ConcurrentHashMap$Node; (java.base@11)
  13:        172575        2761200  java.util.concurrent.atomic.AtomicBoolean (java.base@11)
  14:         36711        2349504  java.util.concurrent.ConcurrentHashMap (java.base@11)
  15:        118125        1890000  [Lorg.apache.http.Header;
  16:         18125        1885000  org.apache.http.impl.nio.client.DefaultClientExchangeHandlerImpl
  17:         18132        1450496  [S (java.base@11)
  18:         54375        1305000  org.apache.http.message.BasicHeader
  19:         36250        1160000  org.apache.http.HttpHost
  20:         36250        1160000  org.apache.http.auth.AuthState
  21:         18125        1160000  org.apache.http.impl.nio.client.InternalState
  22:         18125         870000  org.apache.http.client.methods.HttpRequestWrapper
  23:         18125         725000  java.net.ConnectException (java.base@11)
  24:         18125         725000  org.apache.http.conn.routing.HttpRoute
  25:         36251         580016  org.apache.http.params.BasicHttpParams
  26:         18125         580000  org.apache.http.concurrent.BasicFuture
  27:         18125         580000  org.apache.http.cookie.CookieOrigin
  28:         18125         580000  org.apache.http.nio.protocol.BasicAsyncResponseConsumer
  29:          4732         561376  java.lang.Class (java.base@11)
  30:         18125         435000  huaminglin.demo.tool.memory.leak.MemoryLeakDemo$1
  31:         18125         435000  org.apache.http.message.BasicRequestLine
  32:         18125         435000  org.apache.http.nio.client.methods.HttpAsyncMethods$RequestProducerImpl
  33:         18125         435000  org.apache.http.protocol.BasicHttpContext
  34:         10930         349760  java.util.HashMap$Node (java.base@11)
  35:         18178         290848  java.util.concurrent.ConcurrentHashMap$EntrySetView (java.base@11)
  36:         18125         290000  org.apache.http.client.protocol.HttpClientContext
  37:          3004         218632  [Ljava.util.HashMap$Node; (java.base@11)
  38:          3290         157920  java.util.HashMap (java.base@11)
  39:          3679         147160  java.util.LinkedHashMap$Entry (java.base@11)
  40:          8361         133776  java.lang.Object (java.base@11)
  41:          1476          70848  sun.util.locale.LocaleObjectCache$CacheEntry (java.base@11)
  42:            63          69448  [C (java.base@11)
  43:          1572          62880  java.lang.ref.SoftReference (java.base@11)
  44:           867          62424  java.lang.reflect.Field (java.base@11)
  45:          1491          59640  org.codehaus.plexus.util.xml.Xpp3Dom
  46:           888          49728  java.util.LinkedHashMap (java.base@11)
  47:          1037          41480  org.eclipse.aether.artifact.DefaultArtifact
  48:           646          41344  org.apache.maven.model.Plugin
  49:           841          33640  java.math.BigInteger (java.base@11)
  50:          1048          33536  java.util.Collections$UnmodifiableMap (java.base@11)
  51:          1030          32960  org.eclipse.aether.graph.Dependency
  52:           389          31120  java.lang.reflect.Constructor (java.base@11)
  53:           331          29128  java.lang.reflect.Method (java.base@11)
  54:          1185          28440  com.google.inject.TypeLiteral
  55:           834          26688  com.google.inject.Key
  56:           769          24608  sun.security.util.DerInputBuffer (java.base@11)
  57:           769          24608  sun.security.util.DerValue (java.base@11)
  58:           737          23584  sun.util.locale.BaseLocale (java.base@11)
  59:           737          23584  sun.util.locale.BaseLocale$Key (java.base@11)
  60:           691          22112  com.google.common.cache.LocalCache$StrongEntry
  61:           649          20768  com.google.inject.spi.ElementSource
  62:           834          20016  com.google.common.base.Suppliers$MemoizingSupplier
  63:           402          19296  com.google.inject.internal.ProviderInstanceBindingImpl
  64:           335          18760  sun.security.ssl.CipherSuite (java.base@11)
  65:           769          18456  sun.security.util.DerInputStream (java.base@11)
  66:           758          18192  [Lsun.security.x509.AVA; (java.base@11)
  67:           758          18192  sun.security.x509.AVA (java.base@11)
  68:           758          18192  sun.security.x509.RDN (java.base@11)
  69:           679          17424  [Ljava.lang.Class; (java.base@11)
  70:           361          17328  java.lang.invoke.MemberName (java.base@11)
  71:           395          15800  java.util.TreeMap$Entry (java.base@11)
  72:           272          15232  org.apache.maven.model.Developer
  73:           470          15040  com.google.inject.spi.Dependency
  74:           222          14208  java.net.URL (java.base@11)
  75:           422          13504  sun.security.util.ObjectIdentifier (java.base@11)
  76:           834          13344  com.google.inject.Key$1
  77:           227          12712  org.apache.maven.model.Dependency
  78:           299          11960  java.lang.invoke.MethodType (java.base@11)
  79:           108          11520  [Ljava.util.WeakHashMap$Entry; (java.base@11)
  80:           708          11328  com.google.common.cache.LocalCache$StrongValueReference
  81:           340          10880  jdk.internal.reflect.UnsafeObjectFieldAccessorImpl (java.base@11)
  82:           113          10504  [Z (java.base@11)
  83:           325          10400  com.google.inject.spi.InjectionPoint
  84:           226          10264  [Ljava.lang.String; (java.base@11)
  85:           427          10248  sun.reflect.annotation.AnnotationInvocationHandler (java.base@11)
  86:           316          10112  java.lang.invoke.MethodType$ConcurrentWeakInternSet$WeakEntry (java.base@11)
  87:           148          10064  [Ljava.lang.ref.SoftReference; (java.base@11)
  88:           291           9312  java.lang.Package (java.base@11)
  89:           194           9312  sun.security.x509.X500Name (java.base@11)
  90:           286           9152  java.lang.ref.WeakReference (java.base@11)
  91:           380           9120  java.lang.Class$AnnotationData (java.base@11)
  92:            95           9120  java.util.jar.JarFile$JarFileEntry (java.base@11)
  93:           184           8832  org.apache.maven.model.PluginExecution
  94:           276           8832  sun.security.x509.AlgorithmId (java.base@11)
  95:           220           8800  com.google.inject.internal.Initializer$InjectableReference
  96:           366           8784  com.google.inject.internal.ProvisionListenerStackCallback
  97:           366           8776  [Lcom.google.inject.spi.ProvisionListener;
  98:           365           8760  com.google.inject.internal.ProvisionListenerCallbackStore$KeyBinding
  99:           365           8760  java.util.Arrays$ArrayList (java.base@11)
 100:           354           8496  java.lang.module.ModuleDescriptor$Exports (java.base@11)
 101:            65           8320  sun.nio.fs.UnixFileAttributes (java.base@11)
 102:           249           7968  java.util.concurrent.locks.ReentrantLock$NonfairSync (java.base@11)
 103:            52           7904  org.apache.maven.model.Model
 104:           163           7824  jdk.internal.ref.CleanerImpl$PhantomCleanableRef (java.base@11)
 105:           191           7640  java.util.WeakHashMap$Entry (java.base@11)
 106:           190           7600  com.google.inject.internal.SingletonScope$1
 107:            92           7360  sun.security.x509.X509CertImpl (java.base@11)
 108:           182           7280  com.google.inject.internal.MembersInjectorImpl
 109:           302           7248  java.lang.Long (java.base@11)
 110:            19           7144  java.lang.Thread (java.base@11)
 111:            99           7128  org.apache.maven.model.Profile
 112:           293           7032  java.lang.invoke.ResolvedMethodName (java.base@11)
 113:           144           6912  com.google.inject.internal.ConstructorBindingImpl
 114:           194           6640  [Lsun.security.x509.RDN; (java.base@11)
 115:           137           6576  org.apache.maven.model.ReportPlugin
 116:           159           6360  java.lang.Package$VersionInfo (java.base@11)
 117:           192           6144  java.lang.ref.ReferenceQueue (java.base@11)
 118:           190           6080  com.google.inject.internal.CycleDetectingLock$CycleDetectingLockFactory$ReentrantCycleDetectingLock
 119:            95           6080  java.util.zip.Inflater (java.base@11)
 120:           189           6048  java.lang.invoke.LambdaForm$Name (java.base@11)
 121:           182           5824  java.io.File (java.base@11)
 122:           236           5680  [Ljava.lang.reflect.Type; (java.base@11)
 123:           236           5664  java.util.ImmutableCollections$Set12 (java.base@11)
 124:           230           5520  java.security.Provider$ServiceKey (java.base@11)
 125:            98           5488  org.eclipse.aether.repository.RemoteRepository
 126:           338           5408  java.lang.Integer (java.base@11)
 127:           221           5304  com.google.common.collect.SingletonImmutableSet
 128:           219           5256  org.eclipse.sisu.space.NamedClass
 129:            93           5208  java.lang.invoke.MethodTypeForm (java.base@11)
 130:            92           5152  sun.security.util.MemoryCache$SoftCacheEntry (java.base@11)
 131:            92           5152  sun.security.x509.X509CertInfo (java.base@11)
 132:           107           5136  java.util.WeakHashMap (java.base@11)
 133:           210           5040  com.google.common.collect.SingletonImmutableList
 134:            63           5040  org.apache.maven.artifact.DefaultArtifact
 135:           202           4848  com.google.inject.internal.InjectorImpl$2
 136:            86           4816  java.lang.Module (java.base@11)
 137:           199           4776  com.google.inject.internal.InternalFactoryToInitializableAdapter
 138:           197           4728  com.google.inject.internal.InternalFactoryToProviderAdapter
 139:           197           4728  com.google.inject.internal.ProviderToInternalFactoryAdapter
 140:           197           4728  org.eclipse.aether.repository.RepositoryPolicy
 141:           144           4608  com.google.inject.internal.ConstructorBindingImpl$Factory
 142:           144           4608  com.google.inject.internal.ConstructorInjector
 143:            96           4608  java.util.TreeMap (java.base@11)
 144:            82           4592  java.util.Properties (java.base@11)
 145:           191           4584  java.util.Date (java.base@11)
 146:           190           4560  com.google.inject.internal.ConstructionContext
 147:           182           4368  org.eclipse.sisu.plexus.ProvidedPropertyBinding
 148:           182           4368  sun.reflect.generics.tree.SimpleClassTypeSignature (java.base@11)
 149:           178           4272  com.google.inject.internal.MoreTypes$ParameterizedTypeImpl
 150:            76           4256  java.security.Provider$Service (java.base@11)
 151:           132           4224  java.lang.module.ModuleDescriptor$Requires (java.base@11)
 152:            52           4160  com.google.common.cache.LocalCache$Segment
 153:           260           4160  java.util.HashSet (java.base@11)
 154:            65           4160  java.util.jar.JarFile (java.base@11)
 155:            65           4160  java.util.zip.ZipFile$Source (java.base@11)
 156:            48           4144  [Ljava.lang.invoke.MethodHandle; (java.base@11)
 157:             1           4112  [Ljava.nio.ByteBuffer; (java.base@11)
 158:           256           4096  java.lang.Byte (java.base@11)
 159:           128           4096  sun.nio.fs.UnixPath (java.base@11)
 160:           162           3888  jdk.internal.module.ServicesCatalog$ServiceProvider (java.base@11)
 161:            81           3888  sun.security.rsa.RSAPublicKeyImpl (java.base@11)
 162:            60           3840  java.lang.module.ModuleDescriptor (java.base@11)
 163:           118           3776  java.lang.invoke.LambdaForm$NamedFunction (java.base@11)
 164:            67           3752  java.io.FileCleanable (java.base@11)
 165:           143           3432  org.eclipse.sisu.plexus.PlexusRequirements$RequirementProvider
 166:           212           3392  java.util.LinkedHashMap$LinkedValues (java.base@11)
 167:           182           3376  [Lsun.reflect.generics.tree.TypeArgument; (java.base@11)
 168:            60           3360  jdk.internal.module.ModuleReferenceImpl (java.base@11)
 169:            60           3360  org.apache.maven.model.BuildBase
 170:            82           3280  java.security.ProtectionDomain (java.base@11)
 171:            82           3280  org.apache.maven.model.MailingList
 172:           135           3240  java.util.ImmutableCollections$SetN (java.base@11)
 173:            80           3200  java.security.CodeSource (java.base@11)
 174:           197           3152  java.util.concurrent.locks.ReentrantLock (java.base@11)
 175:            65           3120  jdk.internal.loader.URLClassPath$JarLoader (java.base@11)
 176:            39           3120  org.apache.maven.model.Build
 177:           194           3104  java.lang.ref.ReferenceQueue$Lock (java.base@11)
 178:            97           3104  org.eclipse.sisu.inject.MildElements$Weak
 179:            95           3040  org.eclipse.sisu.inject.LocatedBeans
 180:            53           2968  org.apache.maven.plugin.descriptor.Parameter
 181:            61           2928  java.util.logging.LogManager$LoggerWeakRef (java.logging@11)
 182:            91           2912  java.util.Collections$SynchronizedMap (java.base@11)
 183:            91           2912  org.apache.maven.model.InputLocation
 184:           121           2904  com.google.inject.internal.DefaultConstructionProxyFactory$1
 185:           121           2904  com.google.inject.internal.cglib.reflect.$FastConstructor
 186:           181           2896  sun.reflect.generics.tree.ClassTypeSignature (java.base@11)
 187:            89           2848  java.lang.invoke.DirectMethodHandle (java.base@11)
 188:            71           2840  java.io.FileDescriptor (java.base@11)
 189:            87           2784  sun.security.pkcs11.SunPKCS11$Descriptor (jdk.crypto.cryptoki@11)
 190:            87           2784  sun.security.x509.BasicConstraintsExtension (java.base@11)
 191:           113           2712  java.io.ExpiringCache$Entry (java.base@11)
 192:           113           2712  java.util.ArrayDeque (java.base@11)
 193:           169           2704  org.eclipse.sisu.bean.BeanPropertyField
 194:            56           2688  java.lang.invoke.LambdaForm (java.base@11)
 195:            84           2688  sun.security.x509.SubjectKeyIdentifierExtension (java.base@11)
 196:            61           2680  [Ljava.lang.invoke.LambdaForm$Name; (java.base@11)
 197:            80           2560  sun.security.x509.KeyUsageExtension (java.base@11)
 198:            52           2496  java.lang.StackTraceElement (java.base@11)
 199:            62           2480  org.apache.maven.artifact.versioning.DefaultArtifactVersion
 200:           102           2448  java.util.concurrent.CopyOnWriteArrayList (java.base@11)
 201:            30           2400  sun.net.www.protocol.jar.URLJarFile (java.base@11)
 202:            99           2376  java.util.Collections$SetFromMap (java.base@11)
 203:           147           2352  org.apache.maven.artifact.versioning.ComparableVersion$IntegerItem
 204:           146           2336  com.sun.proxy.$Proxy12
 205:           144           2304  com.google.inject.internal.DefaultConstructionProxyFactory
 206:            72           2304  org.eclipse.sisu.plexus.RequirementImpl
 207:            95           2280  java.util.zip.Inflater$InflaterZStreamRef (java.base@11)
 208:            95           2280  org.eclipse.sisu.inject.BeanCache
 209:            56           2240  org.eclipse.aether.internal.impl.collect.DataPool$GoodDescriptor
 210:            92           2208  sun.security.util.BitArray (java.base@11)
 211:            92           2208  sun.security.util.Cache$EqualByteArray (java.base@11)
 212:            92           2208  sun.security.x509.CertificateValidity (java.base@11)
 213:            55           2200  com.google.inject.internal.LinkedBindingImpl
 214:            90           2160  com.google.inject.internal.SingleParameterInjector
 215:            53           2120  java.io.FilePermission (java.base@11)
 216:            53           2120  sun.security.util.NamedCurve (java.base@11)
 217:            44           2112  com.google.inject.internal.InstanceBindingImpl
 218:            66           2112  java.lang.invoke.LambdaForm$Kind (java.base@11)
 219:            87           2088  sun.security.x509.CertificateExtensions (java.base@11)
 220:            65           2080  java.io.RandomAccessFile (java.base@11)
 221:            65           2080  java.util.zip.ZipFile$CleanableResource (java.base@11)
 222:           128           2048  java.lang.Character (java.base@11)
 223:            82           1968  java.security.Provider$UString (java.base@11)
 224:            41           1968  org.apache.maven.model.DeploymentRepository
 225:            59           1904  [Lorg.eclipse.sisu.bean.PropertyBinding;
 226:            47           1880  java.io.ObjectStreamField (java.base@11)
 227:            58           1856  java.security.Permissions (java.base@11)
 228:            75           1800  java.lang.ProcessEnvironment$Value (java.base@11)
 229:            75           1800  java.lang.ProcessEnvironment$Variable (java.base@11)
 230:            45           1800  java.lang.invoke.DirectMethodHandle$Accessor (java.base@11)
 231:            45           1800  org.apache.maven.model.building.ModelData
 232:            45           1800  org.eclipse.sisu.inject.MildValues$Weak
 233:            73           1752  org.apache.maven.artifact.versioning.ComparableVersion$ListItem
 234:            54           1728  java.util.logging.LogManager$LogNode (java.logging@11)
 235:           107           1712  sun.security.x509.KeyIdentifier (java.base@11)
 236:            53           1696  java.security.spec.EllipticCurve (java.base@11)
 237:            70           1680  java.util.ImmutableCollections$List12 (java.base@11)
 238:            13           1664  com.google.common.cache.LocalCache
 239:             2           1648  [[B (java.base@11)
 240:           103           1648  org.apache.maven.model.interpolation.StringSearchModelInterpolator$InterpolateObjectAction$StringField
 241:           102           1632  sun.security.x509.SerialNumber (java.base@11)
 242:            29           1624  java.util.logging.Logger (java.logging@11)
 243:            24           1616  [Ljava.util.Hashtable$Entry; (java.base@11)
 244:            50           1600  com.google.inject.internal.FactoryProxy
 245:            40           1600  org.apache.maven.artifact.handler.DefaultArtifactHandler
 246:            99           1584  com.google.inject.Key$AnnotationInstanceStrategy
 247:            66           1584  org.codehaus.plexus.classworlds.realm.Entry
 248:            65           1560  java.security.spec.ECPoint (java.base@11)
 249:            65           1560  java.util.zip.ZipFile$Source$Key (java.base@11)
 250:            96           1536  java.util.WeakHashMap$KeySet (java.base@11)
 251:            48           1536  org.codehaus.plexus.configuration.xml.XmlPlexusConfiguration
 252:            38           1520  org.apache.maven.model.Scm
 253:            63           1512  org.apache.maven.artifact.versioning.VersionRange
 254:            94           1504  com.sun.proxy.$Proxy20
 255:            47           1504  org.codehaus.plexus.component.repository.ComponentDependency
 256:            62           1488  org.apache.maven.artifact.versioning.ComparableVersion
 257:            62           1488  sun.reflect.generics.factory.CoreReflectionFactory (java.base@11)
 258:            92           1472  sun.security.x509.CertificateAlgorithmId (java.base@11)
 259:            92           1472  sun.security.x509.CertificateSerialNumber (java.base@11)
 260:            92           1472  sun.security.x509.CertificateVersion (java.base@11)
 261:            92           1472  sun.security.x509.CertificateX509Key (java.base@11)
 262:            43           1440  [Lorg.apache.maven.model.interpolation.StringSearchModelInterpolator$InterpolateObjectAction$CacheField;
 263:            60           1440  java.lang.module.ResolvedModule (java.base@11)
 264:            60           1440  jdk.internal.module.SystemModuleFinders$2 (java.base@11)
 265:            60           1440  jdk.internal.module.SystemModuleFinders$SystemModuleReader (java.base@11)
 266:            59           1416  jdk.internal.loader.BuiltinClassLoader$LoadedModule (java.base@11)
 267:            16           1408  java.util.regex.Pattern (java.base@11)
 268:            25           1400  sun.security.ec.SunEC$ProviderService (jdk.crypto.ec@11)
 269:            43           1376  org.apache.maven.model.Reporting
 270:            43           1376  org.apache.maven.repository.internal.DefaultModelCache$Key
 271:            57           1368  java.util.LinkedList$Node (java.base@11)
 272:             1           1360  [Lsun.security.ssl.CipherSuite; (java.base@11)
 273:            42           1344  java.lang.ThreadLocal$ThreadLocalMap$Entry (java.base@11)
 274:            56           1344  java.lang.module.ModuleDescriptor$Provides (java.base@11)
 275:            82           1312  [Ljava.security.Principal; (java.base@11)
 276:            82           1312  java.security.ProtectionDomain$Key (java.base@11)
 277:            32           1280  java.lang.ref.Finalizer (java.base@11)
 278:            40           1280  java.util.Hashtable$Entry (java.base@11)
 279:            53           1272  java.io.FilePermissionCollection (java.base@11)
 280:            79           1264  org.eclipse.sisu.wire.EntrySetAdapter
 281:            31           1240  org.apache.maven.model.ReportSet
 282:            38           1216  com.google.inject.internal.asm.$Type
 283:            76           1216  java.util.HashMap$EntrySet (java.base@11)
 284:            30           1200  java.util.logging.Logger$ConfigurationData (java.logging@11)
 285:            50           1200  sun.reflect.generics.scope.ClassScope (java.base@11)
 286:            38           1184  [Ljava.math.BigInteger; (java.base@11)
 287:            73           1168  com.google.inject.name.NamedImpl
 288:            29           1160  org.apache.maven.model.DistributionManagement
 289:            28           1120  java.security.AccessControlContext (java.base@11)
 290:            28           1120  org.apache.maven.model.Activation
 291:            35           1120  org.eclipse.aether.graph.Exclusion
 292:            13           1104  [Ljava.lang.ThreadLocal$ThreadLocalMap$Entry; (java.base@11)
 293:            46           1104  com.google.inject.internal.cglib.core.$Signature
 294:            23           1104  java.util.Hashtable (java.base@11)
 295:            46           1104  jdk.internal.loader.AbstractClassLoaderValue$Sub (java.base@11)
 296:            34           1088  org.eclipse.sisu.inject.LazyBeanEntry
 297:            45           1080  jdk.internal.reflect.NativeConstructorAccessorImpl (java.base@11)
 298:             2           1064  [Ljava.lang.Long; (java.base@11)
 299:            12           1056  jdk.internal.reflect.DelegatingClassLoader (java.base@11)
 300:            33           1056  org.apache.maven.model.RepositoryPolicy
 301:             1           1040  [Ljava.lang.Byte; (java.base@11)
 302:             1           1040  [Ljava.lang.Integer; (java.base@11)
 303:            65           1040  sun.nio.fs.UnixFileAttributes$UnixAsBasicFileAttributes (java.base@11)
 304:            43           1032  org.apache.maven.model.interpolation.StringSearchModelInterpolator$InterpolateObjectAction$CacheItem
 305:            43           1032  org.eclipse.sisu.plexus.PlexusXmlMetadata
 306:            64           1024  org.eclipse.aether.internal.impl.DefaultUpdatePolicyAnalyzer
 307:            32           1024  sun.reflect.generics.repository.ClassRepository (java.base@11)
 308:            63           1008  java.util.concurrent.atomic.AtomicInteger (java.base@11)
 309:            42           1008  org.eclipse.sisu.space.WildcardKey$QualifiedImpl
 310:            14           1008  sun.security.ssl.SSLCipher (java.base@11)
 311:            25           1000  org.apache.maven.model.Repository
 312:            34            992  [Lcom.google.inject.internal.SingleParameterInjector;
 313:            31            992  java.lang.invoke.VarHandle$AccessMode (java.base@11)
 314:            41            984  org.eclipse.sisu.plexus.ConfigurationImpl
 315:            30            960  java.security.Provider$EngineDescription (java.base@11)
 316:            40            960  java.util.jar.Attributes$Name (java.base@11)
 317:            30            960  java.util.zip.ZipFile$CleanableResource$FinalizableResource (java.base@11)
 318:            30            960  org.apache.maven.model.Parent
 319:            40            960  org.eclipse.aether.internal.impl.DefaultRemoteRepositoryManager
 320:            40            960  org.slf4j.impl.MavenSimpleLogger
 321:            30            960  sun.nio.fs.UnixFileKey (java.base@11)
 322:            40            960  sun.reflect.generics.reflectiveObjects.ParameterizedTypeImpl (java.base@11)
 323:            59            944  org.eclipse.sisu.bean.BeanInjector
 324:            58            928  jdk.internal.module.SystemModuleFinders$3 (java.base@11)
 325:            23            920  sun.security.x509.AuthorityKeyIdentifierExtension (java.base@11)
 326:            57            912  java.security.SecureClassLoader$CodeSourceKey (java.base@11)
 327:            38            912  java.util.AbstractMap$SimpleImmutableEntry (java.base@11)
 328:             6            912  org.apache.maven.plugin.descriptor.MojoDescriptor
 329:            28            896  java.util.Vector (java.base@11)
 330:            56            896  jdk.internal.reflect.DelegatingConstructorAccessorImpl (java.base@11)
 331:            22            880  java.util.IdentityHashMap (java.base@11)
 332:            44            856  [Lsun.reflect.generics.tree.FormalTypeParameter; (java.base@11)
 333:            35            840  jdk.internal.reflect.NativeMethodAccessorImpl (java.base@11)
 334:            26            832  java.lang.invoke.BoundMethodHandle$Species_L (java.base@11)
 335:            52            832  java.util.concurrent.atomic.AtomicReferenceArray (java.base@11)
 336:            51            816  com.google.inject.util.Providers$ConstantProvider
 337:            34            816  java.util.regex.Pattern$BmpCharProperty (java.base@11)
 338:            34            816  org.eclipse.sisu.wire.BeanProviders$1
 339:            25            800  java.util.Locale (java.base@11)
 340:            20            800  org.apache.maven.model.Resource
 341:            33            792  java.util.regex.Pattern$GroupHead (java.base@11)
 342:            33            792  java.util.regex.Pattern$GroupTail (java.base@11)
 343:             9            792  sun.nio.ch.EPollSelectorImpl (java.base@11)
 344:            37            784  [Lsun.reflect.generics.tree.FieldTypeSignature; (java.base@11)
 345:            49            784  com.sun.proxy.$Proxy4
 346:            49            784  java.util.HashMap$KeySet (java.base@11)
 347:            32            768  sun.reflect.generics.tree.ClassSignature (java.base@11)
 348:            24            768  sun.security.x509.OIDMap$OIDInfo (java.base@11)
 349:            19            760  com.google.common.cache.LocalCache$WeakEntry
 350:            47            752  com.sun.proxy.$Proxy6
 351:            31            744  org.apache.maven.model.PluginManagement
 352:            31            744  org.apache.maven.model.interpolation.StringSearchModelInterpolator$InterpolateObjectAction$ObjectField
 353:             5            720  [Ljava.lang.invoke.MemberName; (java.base@11)
 354:             5            720  java.text.DecimalFormat (java.base@11)
 355:            45            720  org.apache.maven.model.building.FileModelSource
 356:            22            704  sun.reflect.annotation.AnnotationType (java.base@11)
 357:            29            696  java.util.concurrent.ConcurrentLinkedQueue$Node (java.base@11)
 358:            29            696  org.eclipse.sisu.inject.RankedSequence$Content
 359:            29            688  [Ljava.util.Map$Entry; (java.base@11)
 360:            32            688  [Lsun.reflect.generics.tree.ClassTypeSignature; (java.base@11)
 361:            21            672  com.google.common.collect.RegularImmutableList
 362:            28            672  java.util.concurrent.ConcurrentLinkedQueue (java.base@11)
 363:            14            672  org.apache.maven.model.Contributor
 364:             5            640  [D (java.base@11)
 365:            16            640  [Ljava.security.ProtectionDomain; (java.base@11)
 366:            20            640  com.google.inject.internal.SingleFieldInjector
 367:             8            640  org.apache.http.impl.nio.reactor.BaseIOReactor
 368:            40            640  org.eclipse.aether.internal.impl.DefaultChecksumPolicyProvider
 369:            40            640  org.eclipse.aether.internal.impl.DefaultSyncContextFactory
 370:             3            624  [Ljava.lang.invoke.LambdaForm; (java.base@11)
 371:            26            624  com.google.inject.spi.TypeConverterBinding
 372:            26            624  java.security.spec.ECFieldF2m (java.base@11)
 373:            26            624  org.eclipse.sisu.wire.BeanProviders$7
 374:            11            616  sun.util.calendar.ZoneInfo (java.base@11)
 375:            19            608  org.apache.maven.model.License
 376:            19            600  [Lsun.security.ssl.ProtocolVersion; (java.base@11)
 377:            25            600  org.eclipse.sisu.plexus.PlexusConfigurations$ConfigurationProvider
 378:            37            592  org.eclipse.sisu.bean.BeanPropertySetter
 379:            37            592  org.eclipse.sisu.inject.RankedSequence
 380:            36            576  java.util.ImmutableCollections$ListN (java.base@11)
 381:            36            576  jdk.internal.reflect.DelegatingMethodAccessorImpl (java.base@11)
 382:            18            576  org.eclipse.sisu.inject.RankedBindings
 383:            18            576  org.fusesource.jansi.Ansi$Attribute
 384:            18            576  sun.reflect.generics.reflectiveObjects.TypeVariableImpl (java.base@11)
 385:            14            560  java.lang.invoke.VarHandleObjects$FieldInstanceReadWrite (java.base@11)
 386:             7            560  java.util.concurrent.TimeUnit (java.base@11)
 387:            23            552  com.google.inject.internal.DefaultConstructionProxyFactory$2
 388:            23            552  java.util.regex.Pattern$BitClass (java.base@11)
 389:             3            552  org.apache.maven.project.MavenProject
 390:            34            544  org.eclipse.aether.internal.impl.DefaultRepositoryEventDispatcher
 391:            34            544  org.eclipse.sisu.inject.LazyBeanEntry$JsrNamed
 392:            17            544  sun.security.ssl.CipherSuite$KeyExchange (java.base@11)
 393:            17            544  sun.security.x509.URIName (java.base@11)
 394:             1            528  [Ljava.lang.Character; (java.base@11)
 395:            21            528  [Lorg.eclipse.aether.graph.Exclusion;
 396:            22            528  com.google.inject.Key$AnnotationTypeStrategy
 397:            22            528  org.apache.maven.model.Organization
 398:            22            528  org.eclipse.sisu.plexus.PlexusLifecycleManager$2
 399:            22            528  sun.reflect.generics.tree.FormalTypeParameter (java.base@11)
 400:            16            512  java.lang.invoke.VarHandle$AccessDescriptor (java.base@11)
 401:             8            512  java.nio.DirectByteBuffer (java.base@11)
 402:            16            512  java.time.temporal.ChronoUnit (java.base@11)
 403:            16            512  org.apache.maven.model.CiManagement
 404:            16            512  sun.security.x509.DistributionPoint (java.base@11)
 405:            17            504  [Ljava.io.ObjectStreamField; (java.base@11)
 406:             9            504  org.apache.maven.artifact.repository.MavenArtifactRepository
 407:             7            496  [Lsun.invoke.util.Wrapper; (java.base@11)
 408:            14            480  [Ljava.lang.annotation.ElementType; (java.base@11)
 409:            10            480  java.lang.invoke.BoundMethodHandle$SpeciesData (java.base@11)
 410:            15            480  org.apache.maven.model.Site
 411:            10            480  sun.invoke.util.Wrapper (java.base@11)
 412:            29            464  sun.security.x509.GeneralName (java.base@11)
 413:            19            456  com.google.inject.spi.ModuleSource
 414:            19            456  java.lang.RuntimePermission (java.base@11)
 415:            19            456  java.util.regex.Pattern$CharPropertyGreedy (java.base@11)
 416:            19            456  org.apache.commons.logging.impl.Jdk14Logger
 417:            19            456  org.apache.maven.model.IssueManagement
 418:            19            456  org.eclipse.aether.RepositoryEvent$EventType
 419:            19            456  sun.reflect.generics.repository.FieldRepository (java.base@11)
 420:             4            448  java.util.GregorianCalendar (java.base@11)
 421:            14            448  java.util.regex.Pattern$Branch (java.base@11)
 422:            28            448  org.apache.maven.model.interpolation.StringSearchModelInterpolator$InterpolateObjectAction$ListField
 423:            28            448  sun.security.x509.GeneralNames (java.base@11)
 424:            11            440  sun.security.ec.ECPublicKeyImpl (jdk.crypto.ec@11)
 425:            27            432  java.security.spec.ECFieldFp (java.base@11)
 426:            18            432  java.text.DateFormat$Field (java.base@11)
 427:            27            432  java.util.regex.Pattern$$Lambda$10/0x00000001000b0c40 (java.base@11)
 428:            18            432  org.apache.maven.artifact.repository.ArtifactRepositoryPolicy
 429:            27            432  org.apache.maven.cli.logging.Slf4jLogger
 430:            18            432  org.eclipse.sisu.inject.MildElements
 431:            13            416  [Lcom.google.common.cache.LocalCache$Segment;
 432:            26            416  java.util.Collections$UnmodifiableSet (java.base@11)
 433:            13            416  sun.security.x509.CRLDistributionPointsExtension (java.base@11)
 434:            17            408  java.time.Duration (java.base@11)
 435:            17            408  org.apache.maven.execution.ExecutionEvent$Type
 436:            17            408  org.apache.maven.model.DependencyManagement
 437:             3            408  org.codehaus.plexus.classworlds.realm.ClassRealm
 438:            17            408  sun.nio.ch.OptionKey (java.base@11)
 439:            17            408  sun.nio.ch.SocketOptionRegistry$RegistryKey (java.base@11)
 440:            10            400  [Ljava.lang.invoke.BoundMethodHandle$SpeciesData; (java.base@11)
 441:            10            400  java.lang.OutOfMemoryError (java.base@11)
 442:            25            400  java.util.LinkedHashMap$LinkedEntrySet (java.base@11)
 443:             7            392  org.eclipse.aether.internal.impl.DefaultRepositorySystem
 444:            16            384  [Ljava.lang.reflect.TypeVariable; (java.base@11)
 445:             1            384  java.lang.ref.Finalizer$FinalizerThread (java.base@11)
 446:             1            384  java.util.logging.LogManager$Cleaner (java.logging@11)
 447:            16            384  java.util.regex.Pattern$$Lambda$5/0x0000000100062c40 (java.base@11)
 448:             1            384  jdk.internal.misc.InnocuousThread (java.base@11)
 449:            12            384  org.apache.maven.model.Notifier
 450:             8            384  org.eclipse.aether.internal.impl.DefaultArtifactResolver
 451:            24            384  org.eclipse.aether.internal.impl.DefaultOfflineController
 452:            24            384  org.eclipse.aether.internal.impl.DefaultRepositoryConnectorProvider
 453:            24            384  org.eclipse.aether.internal.impl.DefaultUpdateCheckManager
 454:            12            384  sun.reflect.generics.tree.MethodTypeSignature (java.base@11)
 455:            12            384  sun.security.jca.ProviderConfig (java.base@11)
 456:             4            384  sun.util.calendar.Gregorian$Date (java.base@11)
 457:             1            376  java.lang.ref.Reference$ReferenceHandler (java.base@11)
 458:             1            376  org.apache.maven.shared.utils.logging.MessageUtils$1
 459:            23            368  com.google.inject.internal.ConstantFactory
 460:            23            368  java.util.regex.Pattern$$Lambda$2/0x0000000100063c40 (java.base@11)
 461:            23            368  java.util.regex.Pattern$BitClass$$Lambda$1/0x0000000100063840 (java.base@11)
 462:            15            360  java.lang.NamedPackage (java.base@11)
 463:             9            360  java.lang.invoke.DirectMethodHandle$Special (java.base@11)
 464:             5            360  java.text.DecimalFormatSymbols (java.base@11)
 465:            15            360  java.util.regex.Pattern$BmpCharPropertyGreedy (java.base@11)
 466:             9            360  org.eclipse.aether.internal.impl.DefaultMetadataResolver
 467:            14            352  [Ljava.util.regex.Pattern$Node; (java.base@11)
 468:            11            352  java.security.AlgorithmParameters (java.base@11)
 469:            22            352  org.eclipse.aether.internal.impl.DefaultFileProcessor
 470:            14            336  com.google.inject.internal.TypeConverterBindingProcessor$5
 471:            14            336  java.lang.invoke.Invokers (java.base@11)
 472:             6            336  java.nio.DirectLongBufferU (java.base@11)
 473:            14            336  java.util.Collections$SynchronizedSet (java.base@11)
 474:            14            336  java.util.Collections$UnmodifiableRandomAccessList (java.base@11)
 475:            14            336  org.apache.maven.model.ActivationFile
 476:             7            336  org.eclipse.aether.internal.impl.DefaultDeployer
 477:            12            328  [Lsun.reflect.generics.tree.TypeSignature; (java.base@11)
 478:             5            320  java.lang.invoke.BoundMethodHandle$Species_LLLLLLIIL (java.base@11)
 479:             5            320  java.nio.DirectByteBufferR (java.base@11)
 480:            10            320  java.security.cert.PolicyQualifierInfo (java.base@11)
 481:            20            320  org.eclipse.aether.graph.Dependency$Exclusions
 482:            10            320  org.eclipse.sisu.inject.MildKeys$Weak
 483:             7            312  [Ljava.lang.invoke.MethodType; (java.base@11)
 484:            13            312  java.lang.ThreadLocal$ThreadLocalMap (java.base@11)
 485:            13            312  org.apache.maven.lifecycle.mapping.LifecycleMojo
 486:             9            288  com.google.common.collect.RegularImmutableSet
 487:            18            288  com.google.inject.internal.TypeConverterBindingProcessor$6
 488:            12            288  com.google.inject.spi.ProviderLookup
 489:            18            288  com.sun.proxy.$Proxy13
 490:            12            288  java.net.StandardSocketOptions$StdSocketOption (java.base@11)
 491:            18            288  java.util.LinkedHashSet (java.base@11)
 492:             9            288  java.util.LinkedList (java.base@11)
 493:            12            288  java.util.concurrent.ConcurrentHashMap$KeySetView (java.base@11)
 494:             9            288  java.util.logging.Level (java.logging@11)
 495:             9            288  java.util.logging.Level$KnownLevel (java.logging@11)
 496:            12            288  java.util.regex.Pattern$Start (java.base@11)
 497:             9            288  jdk.internal.org.objectweb.asm.Type (java.base@11)
 498:             9            288  org.apache.maven.shared.utils.logging.Style
 499:             9            288  org.fusesource.jansi.Ansi$Color
 500:             9            288  sun.reflect.generics.repository.ConstructorRepository (java.base@11)
 501:             9            288  sun.security.ssl.ProtocolVersion (java.base@11)
 502:             1            280  [Ljava.lang.invoke.LambdaForm$Kind; (java.base@11)
 503:             5            280  [Ljava.text.Format; (java.base@11)
 504:            17            272  sun.invoke.util.ValueConversions$WrapperCache (java.base@11)
 505:            17            272  sun.reflect.generics.tree.TypeVariableSignature (java.base@11)
 506:            17            272  sun.security.x509.DNSName (java.base@11)
 507:             3            264  com.google.inject.internal.BytecodeGen$BridgeClassLoader
 508:            11            264  java.lang.annotation.ElementType (java.base@11)
 509:            11            264  java.lang.invoke.MethodHandleImpl$Intrinsic (java.base@11)
 510:            11            264  org.apache.maven.model.ActivationProperty
 511:            11            264  org.eclipse.sisu.wire.EntryMapAdapter
 512:            16            256  com.google.inject.matcher.Matchers$IdenticalTo
 513:            16            256  com.sun.proxy.$Proxy0
 514:             8            256  java.lang.reflect.ProxyGenerator$PrimitiveTypeInfo (java.base@11)
 515:             4            256  java.text.DateFormatSymbols (java.base@11)
 516:             4            256  java.text.SimpleDateFormat (java.base@11)
 517:            16            256  java.util.regex.Pattern$CharPredicate$$Lambda$6/0x0000000100062440 (java.base@11)
 518:             8            256  java.util.regex.Pattern$Curly (java.base@11)
 519:             8            256  org.codehaus.plexus.component.repository.ComponentRequirement
 520:             8            256  sun.security.x509.CertificatePoliciesExtension (java.base@11)
 521:             6            240  java.lang.ClassLoader$NativeLibrary (java.base@11)
 522:            15            240  java.lang.ThreadLocal (java.base@11)
 523:             5            240  java.nio.HeapByteBuffer (java.base@11)
 524:            10            240  java.nio.charset.CoderResult (java.base@11)
 525:            10            240  java.nio.file.StandardOpenOption (java.base@11)
 526:            10            240  java.security.CryptoPrimitive (java.base@11)
 527:            10            240  java.util.concurrent.atomic.AtomicLong (java.base@11)
 528:            10            240  java.util.regex.Pattern$BmpCharPredicate$$Lambda$4/0x0000000100062840 (java.base@11)
 529:            15            240  org.eclipse.sisu.plexus.DefaultPlexusBeans
 530:            10            240  org.eclipse.sisu.plexus.PlexusRequirements$RequirementMapProvider
 531:            15            240  org.eclipse.sisu.plexus.RealmFilteredBeans
 532:             5            224  [Ljava.lang.Thread; (java.base@11)
 533:             5            224  [Ljava.lang.invoke.LambdaForm$NamedFunction; (java.base@11)
 534:            14            224  java.util.regex.Pattern$BranchConn (java.base@11)
 535:             7            224  org.eclipse.aether.internal.impl.DefaultInstaller
 536:             9            216  sun.reflect.generics.scope.ConstructorScope (java.base@11)
 537:             3            216  sun.security.provider.NativePRNG$RandomIO (java.base@11)
 538:             9            216  sun.security.x509.Extension (java.base@11)
 539:            13            208  com.sun.proxy.$Proxy7
 540:            13            208  org.apache.maven.lifecycle.mapping.LifecyclePhase
 541:             2            200  [Lcom.google.inject.Binding;
 542:             2            200  [Ljava.text.DateFormat$Field; (java.base@11)
 543:             5            200  java.lang.invoke.BoundMethodHandle$Species_LL (java.base@11)
 544:             5            200  java.text.DigitList (java.base@11)
 545:             5            200  java.text.MessageFormat (java.base@11)
 546:             5            200  java.util.EnumMap (java.base@11)
 547:             5            200  java.util.stream.StreamOpFlag (java.base@11)
 548:             5            200  jdk.internal.loader.URLClassPath (java.base@11)
 549:             5            200  sun.security.ssl.CipherSuite$MacAlg (java.base@11)
 550:            12            192  com.google.inject.spi.ProviderLookup$1
 551:             8            192  com.google.inject.spi.ScopeBinding
 552:            12            192  com.sun.proxy.$Proxy1
 553:             4            192  java.lang.ThreadGroup (java.base@11)
 554:             6            192  java.lang.invoke.LambdaForm$BasicType (java.base@11)
 555:             8            192  java.math.RoundingMode (java.base@11)
 556:             8            192  java.util.regex.Pattern$CharProperty (java.base@11)
 557:             8            192  java.util.regex.Pattern$Slice (java.base@11)
 558:             8            192  org.apache.http.impl.nio.reactor.AbstractMultiworkerIOReactor$Worker
 559:             8            192  org.apache.maven.model.Exclusion
 560:             8            192  org.apache.maven.model.Prerequisites
 561:             4            192  sun.nio.cs.StreamEncoder (java.base@11)
 562:             4            192  sun.nio.cs.UTF_8$Encoder (java.base@11)
 563:             8            192  sun.security.util.DisabledAlgorithmConstraints$DisabledConstraint (java.base@11)
 564:             6            192  sun.security.util.MemoryCache (java.base@11)
 565:             8            192  sun.security.x509.PolicyInformation (java.base@11)
 566:             4            192  sun.util.locale.provider.LocaleResources$ResourceReference (java.base@11)
 567:             4            192  sun.util.resources.Bundles$BundleReference (java.base@11)
 568:             1            184  org.apache.maven.execution.DefaultMavenExecutionRequest
 569:            11            176  com.google.common.cache.LocalCache$LocalLoadingCache
 570:            11            176  jdk.internal.reflect.BootstrapConstructorAccessorImpl (java.base@11)
 571:             2            176  org.apache.maven.plugin.descriptor.PluginDescriptor
 572:            11            176  org.eclipse.sisu.wire.EntryMapAdapter$EntrySet
 573:            11            176  sun.security.util.ECParameters (java.base@11)
 574:             2            168  [Ljava.lang.ClassValue$Entry; (java.base@11)
 575:             1            168  [[Ljava.math.BigInteger; (java.base@11)
 576:             7            168  java.net.NetPermission (java.base@11)
 577:             7            168  java.util.BitSet (java.base@11)
 578:             7            168  org.eclipse.aether.internal.impl.collect.DefaultDependencyCollector
 579:             7            168  sun.security.x509.NetscapeCertTypeExtension$MapEntry (java.base@11)
 580:             2            160  [[Ljava.lang.String; (java.base@11)
 581:             4            160  java.io.BufferedWriter (java.base@11)
 582:             4            160  java.io.FileInputStream (java.base@11)
 583:             4            160  java.io.PrintStream (java.base@11)
 584:             5            160  java.lang.invoke.VarHandle$AccessType (java.base@11)
 585:             5            160  java.security.BasicPermissionCollection (java.base@11)
 586:            10            160  java.util.Formatter$Flags (java.base@11)
 587:             5            160  java.util.RegularEnumSet (java.base@11)
 588:             5            160  sun.security.util.DisabledAlgorithmConstraints$KeySizeConstraint (java.base@11)
 589:             5            160  sun.util.locale.provider.LocaleProviderAdapter$Type (java.base@11)
 590:             1            152  org.codehaus.mojo.exec.ExecJavaMojo
 591:             1            144  [Ljava.lang.invoke.VarHandle$AccessMode; (java.base@11)
 592:             6            144  com.google.common.collect.ImmutableMapEntry
 593:             9            144  com.sun.proxy.$Proxy2
 594:             6            144  java.lang.invoke.StringConcatFactory$Strategy (java.base@11)
 595:             9            144  java.nio.channels.spi.AbstractSelector$1 (java.base@11)
 596:             2            144  java.security.SecureRandom (java.base@11)
 597:             6            144  jdk.internal.perf.PerfCounter (java.base@11)
 598:             2            144  org.apache.maven.execution.MavenSession
 599:             9            144  org.apache.maven.model.interpolation.StringSearchModelInterpolator$InterpolateObjectAction$MapField
 600:             6            144  org.eclipse.sisu.wire.BeanProviders$4
 601:             9            144  sun.nio.ch.Util$2 (java.base@11)
 602:             1            144  sun.security.pkcs11.SunPKCS11 (jdk.crypto.cryptoki@11)
 603:             6            144  sun.security.util.DisabledAlgorithmConstraints$Constraint$Operator (java.base@11)
 604:             4            136  [Lsun.invoke.util.ValueConversions$WrapperCache; (java.base@11)
 605:             2            128  java.io.ExpiringCache$1 (java.base@11)
 606:             4            128  java.lang.ClassValue$Entry (java.base@11)
 607:             4            128  java.lang.invoke.VarHandleInts$FieldInstanceReadWrite (java.base@11)
 608:             4            128  java.util.ArrayList$Itr (java.base@11)
 609:             4            128  java.util.ImmutableCollections$MapN (java.base@11)
 610:             8            128  java.util.LinkedHashMap$LinkedKeySet (java.base@11)
 611:             8            128  java.util.TreeSet (java.base@11)
 612:             8            128  org.apache.maven.artifact.versioning.ComparableVersion$StringItem
 613:             8            128  sun.security.x509.CertificatePolicyId (java.base@11)
 614:             4            128  sun.util.resources.Bundles$CacheKey (java.base@11)
 615:             3            120  [Ljava.lang.invoke.LambdaForm$BasicType; (java.base@11)
 616:             3            120  java.lang.invoke.DirectMethodHandle$Interface (java.base@11)
 617:             3            120  java.lang.invoke.MethodHandleImpl$AsVarargsCollector (java.base@11)
 618:             5            120  java.lang.invoke.VarForm (java.base@11)
 619:             5            120  java.util.concurrent.locks.AbstractQueuedSynchronizer$ConditionObject (java.base@11)
 620:             5            120  java.util.stream.StreamOpFlag$Type (java.base@11)
 621:             1            120  jdk.internal.loader.ClassLoaders$AppClassLoader (java.base@11)
 622:             5            120  jdk.internal.math.FloatingDecimal$PreparedASCIIToBinaryBuffer (java.base@11)
 623:             5            120  jdk.net.ExtendedSocketOptions$ExtSocketOption (jdk.net@11)
 624:             5            120  org.apache.http.auth.AuthProtocolState
 625:             5            120  org.apache.http.nio.reactor.IOReactorStatus
 626:             5            120  org.apache.maven.model.InputSource
 627:             1            120  org.eclipse.aether.DefaultRepositorySystemSession
 628:             5            120  org.eclipse.sisu.inject.DescriptionSource
 629:             5            120  org.eclipse.sisu.plexus.PlexusRequirements$RequirementListProvider
 630:             5            120  org.eclipse.sisu.space.BeanScanning
 631:             5            120  org.eclipse.sisu.wire.EntryListAdapter
 632:             5            120  org.slf4j.impl.OutputChoice$OutputChoiceType
 633:             3            120  sun.reflect.generics.repository.MethodRepository (java.base@11)
 634:             5            120  sun.security.jca.ServiceId (java.base@11)
 635:             5            120  sun.security.ssl.SupportedGroupsExtension$NamedGroupType (java.base@11)
 636:             2            112  [Ljava.security.CryptoPrimitive; (java.base@11)
 637:             1            112  [Lorg.codehaus.plexus.component.configurator.converters.ConfigurationConverter;
 638:             2            112  com.google.inject.internal.InheritingState
 639:             2            112  com.google.inject.internal.InjectorImpl
 640:             7            112  com.google.inject.internal.Scoping$6
 641:             2            112  com.sun.security.sasl.gsskerb.JdkSASL$ProviderService (jdk.security.jgss@11)
 642:             2            112  java.nio.DirectIntBufferRU (java.base@11)
 643:             1            112  jdk.internal.loader.ClassLoaders$BootClassLoader (java.base@11)
 644:             1            112  jdk.internal.loader.ClassLoaders$PlatformClassLoader (java.base@11)
 645:             7            112  org.eclipse.aether.internal.impl.DefaultLocalRepositoryProvider
 646:             2            104  [Lcom.google.common.collect.ImmutableMapEntry;
 647:             1            104  com.sun.net.ssl.internal.ssl.Provider (java.base@11)
 648:             1            104  com.sun.security.sasl.gsskerb.JdkSASL (jdk.security.jgss@11)
 649:             1            104  java.net.URLClassLoader (java.base@11)
 650:             1            104  sun.security.ec.SunEC (jdk.crypto.ec@11)
 651:             1            104  sun.security.jca.ProviderList$1 (java.base@11)
 652:             1            104  sun.security.provider.Sun (java.base@11)
 653:             1            104  sun.security.rsa.SunRsaSign (java.base@11)
 654:             2             96  [Lcom.google.common.cache.LocalCache$EntryFactory;
 655:             1             96  [Lorg.eclipse.aether.RepositoryEvent$EventType;
 656:             2             96  [[J (java.base@11)
 657:             2             96  com.google.inject.internal.LinkedProviderBindingImpl
 658:             3             96  com.google.inject.internal.cglib.core.$AbstractClassGenerator$ClassLoaderData
 659:             4             96  java.io.OutputStreamWriter (java.base@11)
 660:             3             96  java.lang.Runtime$Version (java.base@11)
 661:             3             96  java.lang.invoke.SimpleMethodHandle (java.base@11)
 662:             4             96  java.lang.module.ModuleDescriptor$Modifier (java.base@11)
 663:             4             96  java.lang.module.ModuleDescriptor$Opens (java.base@11)
 664:             4             96  java.lang.module.ModuleDescriptor$Requires$Modifier (java.base@11)
 665:             6             96  java.util.Collections$UnmodifiableMap$UnmodifiableEntrySet (java.base@11)
 666:             6             96  java.util.TreeMap$KeySet (java.base@11)
 667:             2             96  java.util.concurrent.LinkedBlockingQueue (java.base@11)
 668:             4             96  java.util.regex.Pattern$Qtype (java.base@11)
 669:             4             96  java.util.regex.Pattern$SliceI (java.base@11)
 670:             4             96  java.util.stream.StreamShape (java.base@11)
 671:             1             96  jdk.internal.jimage.ImageReader$SharedImageReader (java.base@11)
 672:             6             96  jdk.internal.loader.ClassLoaderValue (java.base@11)
 673:             4             96  jdk.internal.logger.BootstrapLogger$LoggingBackend (java.base@11)
 674:             4             96  org.apache.maven.classrealm.ClassRealmRequest$RealmType
 675:             4             96  org.apache.maven.execution.scope.internal.MojoExecutionScope$2
 676:             4             96  org.apache.maven.model.building.ModelProblem$Version
 677:             3             96  org.eclipse.sisu.wire.PlaceholderBeanProvider
 678:             3             96  sun.security.ssl.CipherSuite$HashAlg (java.base@11)
 679:             4             96  sun.security.ssl.CipherType (java.base@11)
 680:             3             96  sun.security.x509.ExtendedKeyUsageExtension (java.base@11)
 681:             3             96  sun.security.x509.NetscapeCertTypeExtension (java.base@11)
 682:             3             96  sun.util.locale.provider.LocaleResources (java.base@11)
 683:             2             88  [Ljava.net.URL; (java.base@11)
 684:             1             88  [Lorg.apache.maven.execution.ExecutionEvent$Type;
 685:             1             88  [Lorg.fusesource.jansi.Ansi$Attribute;
 686:             1             88  [Lsun.security.ssl.CipherSuite$KeyExchange; (java.base@11)
 687:             1             88  org.apache.http.impl.nio.conn.CPool
 688:             1             88  org.apache.http.impl.nio.reactor.DefaultConnectingIOReactor
 689:             1             88  org.codehaus.plexus.DefaultPlexusContainer
 690:             1             88  org.eclipse.sisu.space.CloningClassSpace$CloningClassLoader
 691:             2             80  [F (java.base@11)
 692:             1             80  [Ljava.time.temporal.ChronoUnit; (java.base@11)
 693:             2             80  [Ljava.util.stream.StreamOpFlag$Type; (java.base@11)
 694:             2             80  [Lsun.security.jca.ProviderConfig; (java.base@11)
 695:             2             80  java.io.ExpiringCache (java.base@11)
 696:             2             80  java.io.FileOutputStream (java.base@11)
 697:             2             80  java.lang.ModuleLayer (java.base@11)
 698:             2             80  java.lang.VirtualMachineError (java.base@11)
 699:             2             80  java.lang.invoke.DirectMethodHandle$Constructor (java.base@11)
 700:             2             80  java.lang.module.Configuration (java.base@11)
 701:             5             80  java.util.HashMap$Values (java.base@11)
 702:             2             80  java.util.Locale$Category (java.base@11)
 703:             5             80  java.util.concurrent.ConcurrentHashMap$ValuesView (java.base@11)
 704:             2             80  jdk.internal.math.FloatingDecimal$BinaryToASCIIBuffer (java.base@11)
 705:             2             80  jdk.internal.reflect.UnsafeQualifiedStaticObjectFieldAccessorImpl (java.base@11)
 706:             1             80  org.apache.maven.model.building.DefaultModelBuilder
 707:             5             80  sun.security.ssl.SSLCipher$T10BlockReadCipherGenerator (java.base@11)
 708:             5             80  sun.security.ssl.SSLCipher$T10BlockWriteCipherGenerator (java.base@11)
 709:             1             80  sun.util.cldr.CLDRLocaleProviderAdapter (java.base@11)
 710:             1             80  sun.util.locale.provider.LocaleProviderAdapter$NonExistentAdapter (java.base@11)
 711:             2             72  [Lorg.apache.http.HttpRequestInterceptor;
 712:             1             72  [Lsun.security.ssl.SSLCipher; (java.base@11)
 713:             3             72  com.google.common.collect.ImmutableMapEntry$NonTerminalImmutableMapEntry
 714:             3             72  com.google.inject.Stage
 715:             3             72  com.google.inject.internal.InjectorImpl$JitLimitation
 716:             3             72  com.google.inject.internal.InternalFlags$IncludeStackTraceOption
 717:             3             72  com.google.inject.internal.InternalFlags$NullableProvidesOption
 718:             3             72  com.google.inject.internal.SingleMethodInjector
 719:             3             72  com.google.inject.internal.SingleMethodInjector$1
 720:             3             72  com.google.inject.internal.cglib.core.internal.$LoadingCache
 721:             3             72  com.google.inject.internal.cglib.reflect.$FastMethod
 722:             3             72  com.google.inject.spi.InjectionPoint$Position
 723:             3             72  java.lang.WeakPairMap (java.base@11)
 724:             3             72  java.lang.annotation.RetentionPolicy (java.base@11)
 725:             3             72  java.lang.invoke.MethodHandles$Lookup (java.base@11)
 726:             3             72  java.lang.invoke.StringConcatFactory$Mode (java.base@11)
 727:             3             72  java.nio.file.AccessMode (java.base@11)
 728:             3             72  java.security.SecurityPermission (java.base@11)
 729:             1             72  java.util.concurrent.ThreadPoolExecutor (java.base@11)
 730:             3             72  java.util.regex.Pattern$Dollar (java.base@11)
 731:             3             72  java.util.stream.Collector$Characteristics (java.base@11)
 732:             3             72  jdk.internal.math.FloatingDecimal$ExceptionalBinaryToASCIIBuffer (java.base@11)
 733:             3             72  jdk.internal.misc.Signal (java.base@11)
 734:             3             72  jdk.internal.module.IllegalAccessLogger$Mode (java.base@11)
 735:             3             72  org.apache.http.HttpVersion
 736:             3             72  org.apache.http.conn.util.DomainType
 737:             3             72  org.apache.http.impl.cookie.PublicSuffixDomainFilter
 738:             3             72  org.apache.http.impl.cookie.RFC6265CookieSpecProvider$CompatibilityLevel
 739:             3             72  org.apache.http.impl.nio.client.CloseableHttpAsyncClientBase$Status
 740:             1             72  org.apache.http.impl.nio.client.InternalHttpAsyncClient
 741:             1             72  org.apache.maven.execution.SettingsAdapter
 742:             3             72  org.apache.maven.model.building.ModelProblem$Severity
 743:             1             72  org.apache.maven.project.DefaultProjectBuildingRequest
 744:             3             72  org.apache.maven.session.scope.internal.SessionScope$2
 745:             3             72  org.eclipse.sisu.space.LoadedClass
 746:             3             72  sun.reflect.generics.scope.MethodScope (java.base@11)
 747:             3             72  sun.security.provider.NativePRNG$Variant (java.base@11)
 748:             2             64  [Ljava.lang.ThreadGroup; (java.base@11)
 749:             2             64  [Ljava.lang.annotation.RetentionPolicy; (java.base@11)
 750:             1             64  [Ljava.lang.invoke.MethodHandleImpl$Intrinsic; (java.base@11)
 751:             2             64  [Ljava.nio.charset.CoderResult; (java.base@11)
 752:             2             64  [Ljava.util.stream.Collector$Characteristics; (java.base@11)
 753:             2             64  [Lorg.apache.maven.model.building.ModelProblem$Severity;
 754:             2             64  [Lsun.nio.fs.NativeBuffer; (java.base@11)
 755:             1             64  com.google.common.cache.CacheStats
 756:             2             64  com.google.common.cache.LocalCache$WeakValueReference
 757:             4             64  com.google.inject.internal.FailableCache$1
 758:             2             64  com.google.inject.internal.Initializer
 759:             4             64  com.google.inject.matcher.Matchers$Only
 760:             4             64  com.sun.proxy.$Proxy21
 761:             4             64  com.sun.proxy.$Proxy3
 762:             2             64  java.io.BufferedOutputStream (java.base@11)
 763:             1             64  java.lang.ClassValue$ClassValueMap (java.base@11)
 764:             2             64  java.lang.ref.ReferenceQueue$Null (java.base@11)
 765:             2             64  java.security.MessageDigest$Delegate (java.base@11)
 766:             2             64  java.util.concurrent.CountDownLatch$Sync (java.base@11)
 767:             1             64  java.util.logging.LogManager$RootLogger (java.logging@11)
 768:             2             64  java.util.regex.Pattern$BnM (java.base@11)
 769:             2             64  java.util.stream.FindOps$FindOp (java.base@11)
 770:             2             64  jdk.internal.reflect.UnsafeQualifiedObjectFieldAccessorImpl (java.base@11)
 771:             1             64  org.apache.http.impl.nio.reactor.IOReactorConfig
 772:             2             64  org.apache.maven.model.Extension
 773:             1             64  org.apache.maven.plugin.internal.DefaultMavenPluginManager
 774:             2             64  org.apache.maven.project.ReactorModelCache$CacheKey
 775:             2             64  org.eclipse.sisu.inject.MildConcurrentKeys
 776:             2             64  org.eclipse.sisu.wire.MergedProperties
 777:             2             64  sun.nio.fs.LinuxFileSystem (java.base@11)
 778:             2             64  sun.nio.fs.NativeBuffer (java.base@11)
 779:             2             64  sun.security.provider.FileInputStreamPool$StreamRef (java.base@11)
 780:             1             64  sun.security.provider.SHA2$SHA256 (java.base@11)
 781:             2             64  sun.security.ssl.EphemeralKeyManager$EphemeralKeyPair (java.base@11)
 782:             4             64  sun.security.ssl.SSLCipher$T11BlockReadCipherGenerator (java.base@11)
 783:             4             64  sun.security.ssl.SSLCipher$T11BlockWriteCipherGenerator (java.base@11)
 784:             2             64  sun.security.ssl.SSLSessionContextImpl (java.base@11)
 785:             1             56  [Ljava.lang.Runnable; (java.base@11)
 786:             1             56  [Ljava.nio.file.StandardOpenOption; (java.base@11)
 787:             1             56  [Ljava.util.logging.Level; (java.logging@11)
 788:             1             56  [Lorg.apache.maven.shared.utils.logging.Style;
 789:             2             56  [Lorg.eclipse.sisu.plexus.PlexusBeanSource;
 790:             1             56  [Lorg.fusesource.jansi.Ansi$Color;
 791:             1             56  [[I (java.base@11)
 792:             1             56  com.google.common.collect.RegularImmutableBiMap
 793:             1             56  java.lang.invoke.BoundMethodHandle$Specializer (java.base@11)
 794:             1             56  java.lang.invoke.LambdaFormEditor$Transform (java.base@11)
 795:             1             56  java.net.SocketPermission (java.base@11)
 796:             1             56  java.util.ServiceLoader (java.base@11)
 797:             1             56  java.util.logging.LogManager (java.logging@11)
 798:             1             56  jdk.internal.ref.CleanerImpl$SoftCleanableRef (java.base@11)
 799:             1             56  org.apache.commons.logging.impl.WeakHashtable
 800:             1             56  org.apache.http.client.config.RequestConfig
 801:             1             56  org.apache.http.impl.nio.client.MainClientExec
 802:             1             56  org.apache.maven.cli.MavenCli
 803:             1             56  org.apache.maven.project.artifact.DefaultProjectArtifactsCache$CacheKey
 804:             1             56  org.codehaus.mojo.exec.ExecJavaMojo$IsolatedThreadGroup
 805:             1             56  org.eclipse.aether.resolution.ArtifactDescriptorResult
 806:             1             56  sun.security.provider.SHA (java.base@11)
 807:             3             48  [Ljava.lang.StackTraceElement; (java.base@11)
 808:             3             48  [Ljava.lang.annotation.Annotation; (java.base@11)
 809:             1             48  [Ljava.math.RoundingMode; (java.base@11)
 810:             2             48  [Ljava.util.Map; (java.base@11)
 811:             1             48  [Ljava.util.concurrent.TimeUnit; (java.base@11)
 812:             1             48  [Lorg.apache.http.impl.nio.reactor.AbstractMultiworkerIOReactor$Worker;
 813:             1             48  [Lorg.apache.http.impl.nio.reactor.BaseIOReactor;
 814:             1             48  [Lsun.security.x509.NetscapeCertTypeExtension$MapEntry; (java.base@11)
 815:             2             48  com.google.common.base.Joiner$MapJoiner
 816:             1             48  com.google.common.collect.EmptyImmutableListMultimap
 817:             1             48  com.google.common.collect.LinkedHashMultimap
 818:             1             48  com.google.common.collect.LinkedHashMultimap$ValueEntry
 819:             2             48  com.google.inject.internal.Annotations$AnnotationChecker
 820:             2             48  com.google.inject.internal.ConstructorInjectorStore
 821:             2             48  com.google.inject.internal.ConstructorInjectorStore$1
 822:             2             48  com.google.inject.internal.InjectorImpl$1
 823:             2             48  com.google.inject.internal.InjectorImpl$InjectorOptions
 824:             2             48  com.google.inject.internal.InternalFlags$CustomClassLoadingOption
 825:             2             48  com.google.inject.internal.MembersInjectorStore
 826:             2             48  com.google.inject.internal.MembersInjectorStore$1
 827:             2             48  com.google.inject.internal.ProvisionListenerCallbackStore
 828:             2             48  com.google.inject.internal.WeakKeySet
 829:             3             48  com.google.inject.internal.cglib.core.$AbstractClassGenerator$ClassLoaderData$1
 830:             3             48  com.google.inject.internal.cglib.core.$AbstractClassGenerator$ClassLoaderData$3
 831:             2             48  com.google.inject.spi.ProvisionListenerBinding
 832:             2             48  com.google.inject.spi.TypeListenerBinding
 833:             3             48  com.sun.proxy.$Proxy17
 834:             3             48  com.sun.proxy.$Proxy19
 835:             2             48  java.io.File$PathStatus (java.base@11)
 836:             2             48  java.lang.ClassValue$Version (java.base@11)
 837:             2             48  java.lang.StringCoding$Result (java.base@11)
 838:             1             48  java.lang.invoke.BoundMethodHandle$Specializer$Factory (java.base@11)
 839:             2             48  java.lang.reflect.ReflectPermission (java.base@11)
 840:             2             48  java.net.StandardProtocolFamily (java.base@11)
 841:             3             48  java.nio.charset.CodingErrorAction (java.base@11)
 842:             3             48  java.text.AttributedCharacterIterator$Attribute (java.base@11)
 843:             3             48  java.util.Collections$UnmodifiableCollection (java.base@11)
 844:             3             48  java.util.IdentityHashMap$Values (java.base@11)
 845:             3             48  java.util.ResourceBundle$NoFallbackControl (java.base@11)
 846:             1             48  java.util.concurrent.ConcurrentSkipListMap (java.base@11)
 847:             2             48  java.util.concurrent.LinkedBlockingQueue$Node (java.base@11)
 848:             1             48  java.util.concurrent.locks.ReentrantReadWriteLock$NonfairSync (java.base@11)
 849:             2             48  java.util.logging.Logger$LoggerBundle (java.logging@11)
 850:             2             48  java.util.logging.LoggingPermission (java.logging@11)
 851:             2             48  javax.crypto.CryptoPermissions (java.base@11)
 852:             1             48  jdk.internal.jimage.ImageHeader (java.base@11)
 853:             2             48  jdk.internal.loader.URLClassPath$FileLoader (java.base@11)
 854:             2             48  jdk.internal.misc.Signal$NativeHandler (java.base@11)
 855:             3             48  jdk.internal.module.ServicesCatalog (java.base@11)
 856:             1             48  jdk.internal.ref.CleanerImpl$WeakCleanableRef (java.base@11)
 857:             1             48  org.apache.commons.logging.impl.LogFactoryImpl
 858:             3             48  org.apache.http.config.Registry
 859:             2             48  org.apache.http.conn.routing.RouteInfo$LayerType
 860:             2             48  org.apache.http.conn.routing.RouteInfo$TunnelType
 861:             3             48  org.apache.http.impl.cookie.BasicCommentHandler
 862:             3             48  org.apache.http.impl.cookie.BasicPathHandler
 863:             3             48  org.apache.http.impl.cookie.BasicSecureHandler
 864:             2             48  org.apache.http.impl.cookie.DefaultCookieSpecProvider$CompatibilityLevel
 865:             2             48  org.apache.http.impl.cookie.RFC6265CookieSpecProvider
 866:             2             48  org.apache.http.protocol.ImmutableHttpProcessor
 867:             1             48  org.apache.maven.DefaultMaven
 868:             1             48  org.apache.maven.artifact.resolver.DefaultArtifactResolver
 869:             1             48  org.apache.maven.cli.CliRequest
 870:             1             48  org.apache.maven.internal.aether.DefaultRepositorySystemSessionFactory
 871:             1             48  org.apache.maven.lifecycle.internal.DefaultLifecycleExecutionPlanCalculator
 872:             1             48  org.apache.maven.lifecycle.internal.LifecycleStarter
 873:             2             48  org.apache.maven.lifecycle.mapping.Lifecycle
 874:             1             48  org.apache.maven.plugin.DefaultPluginRealmCache$CacheKey
 875:             1             48  org.apache.maven.plugin.MojoExecution
 876:             2             48  org.apache.maven.plugin.MojoExecution$Source
 877:             1             48  org.apache.maven.project.DefaultProjectBuilder
 878:             2             48  org.apache.maven.project.ProjectBuildingRequest$RepositoryMerging
 879:             1             48  org.apache.maven.repository.legacy.LegacyRepositorySystem
 880:             2             48  org.apache.maven.session.scope.internal.SessionScope$ScopeState
 881:             3             48  org.codehaus.plexus.classworlds.strategy.SelfFirstStrategy
 882:             2             48  org.eclipse.aether.util.version.GenericVersion$Item
 883:             2             48  org.eclipse.sisu.inject.Guice4$1
 884:             2             48  org.eclipse.sisu.inject.InjectorBindings
 885:             2             48  org.eclipse.sisu.plexus.PlexusBeanBinder
 886:             2             48  org.eclipse.sisu.space.IndexedClassFinder
 887:             2             48  org.eclipse.sisu.space.URLClassSpace
 888:             2             48  org.eclipse.sisu.wire.BeanProviders$3
 889:             2             48  org.fusesource.jansi.AnsiConsole$1
 890:             1             48  org.slf4j.impl.SimpleLoggerConfiguration
 891:             2             48  sun.nio.fs.NativeBuffer$Deallocator (java.base@11)
 892:             2             48  sun.security.jca.ProviderList (java.base@11)
 893:             2             48  sun.security.jca.ProviderList$3 (java.base@11)
 894:             2             48  sun.security.rsa.RSAUtil$KeyType (java.base@11)
 895:             2             48  sun.security.ssl.SSLAlgorithmConstraints (java.base@11)
 896:             3             48  sun.security.ssl.SSLCipher$StreamReadCipherGenerator (java.base@11)
 897:             3             48  sun.security.ssl.SSLCipher$StreamWriteCipherGenerator (java.base@11)
 898:             1             48  sun.security.ssl.SSLContextImpl$TLSContext (java.base@11)
 899:             2             48  sun.security.util.DisabledAlgorithmConstraints (java.base@11)
 900:             2             40  [Lcom.google.inject.Module;
 901:             2             40  [Lcom.google.inject.internal.asm.$Type;
 902:             1             40  [Ljava.lang.invoke.StringConcatFactory$Strategy; (java.base@11)
 903:             1             40  [Ljava.lang.invoke.VarHandle$AccessType; (java.base@11)
 904:             1             40  [Ljava.util.stream.StreamOpFlag; (java.base@11)
 905:             2             40  [Lorg.apache.http.HttpResponseInterceptor;
 906:             1             40  [Lorg.apache.http.auth.AuthProtocolState;
 907:             1             40  [Lorg.apache.http.nio.reactor.IOReactorStatus;
 908:             1             40  [Lorg.eclipse.sisu.inject.QualifyingStrategy;
 909:             1             40  [Lorg.eclipse.sisu.space.BeanScanning;
 910:             1             40  [Lorg.eclipse.sisu.space.GlobberStrategy;
 911:             1             40  [Lorg.slf4j.impl.OutputChoice$OutputChoiceType;
 912:             1             40  [Lsun.security.ssl.CipherSuite$MacAlg; (java.base@11)
 913:             1             40  [Lsun.security.ssl.SupportedGroupsExtension$NamedGroupType; (java.base@11)
 914:             1             40  [Lsun.security.util.DisabledAlgorithmConstraints$Constraint$Operator; (java.base@11)
 915:             1             40  [Lsun.util.locale.provider.LocaleProviderAdapter$Type; (java.base@11)
 916:             1             40  [[Ljava.lang.invoke.LambdaForm$Name; (java.base@11)
 917:             1             40  com.google.common.collect.AbstractMapBasedMultimap$AsMap
 918:             1             40  com.google.common.collect.RegularImmutableMap
 919:             1             40  com.google.inject.internal.InjectorImpl$ProviderBindingImpl
 920:             1             40  com.google.inject.internal.UntargettedBindingImpl
 921:             1             40  com.google.inject.internal.cglib.core.$ClassNameReader$EarlyExitException
 922:             1             40  java.io.BufferedInputStream (java.base@11)
 923:             1             40  java.lang.ArithmeticException (java.base@11)
 924:             1             40  java.lang.NullPointerException (java.base@11)
 925:             1             40  java.lang.invoke.MethodHandleImpl$IntrinsicMethodHandle (java.base@11)
 926:             1             40  java.lang.invoke.VarHandleObjects$Array (java.base@11)
 927:             1             40  java.util.ResourceBundle$2 (java.base@11)
 928:             1             40  java.util.ServiceLoader$LazyClassPathLookupIterator (java.base@11)
 929:             1             40  javax.crypto.CryptoAllPermission (java.base@11)
 930:             1             40  jdk.internal.ref.Cleaner (java.base@11)
 931:             1             40  jdk.internal.ref.CleanerImpl$CleanerCleanable (java.base@11)
 932:             1             40  org.apache.http.impl.nio.conn.ManagedNHttpClientConnectionFactory
 933:             1             40  org.apache.maven.artifact.handler.DefaultArtifactHandler$__sisu2
 934:             1             40  org.apache.maven.artifact.handler.DefaultArtifactHandler$__sisu5
 935:             1             40  org.apache.maven.artifact.handler.DefaultArtifactHandler$__sisu6
 936:             1             40  org.apache.maven.classrealm.DefaultClassRealmManager
 937:             1             40  org.apache.maven.lifecycle.internal.DependencyContext
 938:             1             40  org.apache.maven.lifecycle.internal.LifecycleModuleBuilder
 939:             1             40  org.apache.maven.plugin.DefaultPluginDescriptorCache$CacheKey
 940:             1             40  org.apache.maven.project.DefaultProjectBuildingHelper
 941:             1             40  org.apache.maven.project.artifact.DefaultMetadataSource
 942:             1             40  org.apache.maven.repository.internal.DefaultArtifactDescriptorReader
 943:             1             40  org.codehaus.plexus.interpolation.StringSearchInterpolator
 944:             1             40  org.eclipse.aether.util.graph.manager.ClassicDependencyManager
 945:             1             40  org.eclipse.sisu.plexus.PlexusLifecycleManager
 946:             1             40  sun.nio.cs.StandardCharsets$Aliases (java.base@11)
 947:             1             40  sun.nio.cs.StandardCharsets$Cache (java.base@11)
 948:             1             40  sun.nio.cs.UTF_8$Decoder (java.base@11)
 949:             1             40  sun.security.ssl.TrustStoreManager$TrustStoreDescriptor (java.base@11)
 950:             1             40  sun.util.resources.Bundles$1 (java.base@11)
 951:             1             32  [Lcom.google.common.cache.LocalCache$Strength;
 952:             1             32  [Lcom.google.inject.Stage;
 953:             1             32  [Lcom.google.inject.internal.InjectorImpl$JitLimitation;
 954:             1             32  [Lcom.google.inject.internal.InternalFlags$IncludeStackTraceOption;
 955:             1             32  [Lcom.google.inject.internal.InternalFlags$NullableProvidesOption;
 956:             1             32  [Lcom.google.inject.spi.InjectionPoint$Position;
 957:             1             32  [Ljava.lang.OutOfMemoryError; (java.base@11)
 958:             1             32  [Ljava.lang.invoke.StringConcatFactory$Mode; (java.base@11)
 959:             1             32  [Ljava.lang.module.ModuleDescriptor$Modifier; (java.base@11)
 960:             1             32  [Ljava.lang.module.ModuleDescriptor$Requires$Modifier; (java.base@11)
 961:             1             32  [Ljava.nio.file.AccessMode; (java.base@11)
 962:             1             32  [Ljava.text.DateFormat; (java.base@11)
 963:             1             32  [Ljava.util.regex.Pattern$Qtype; (java.base@11)
 964:             1             32  [Ljava.util.stream.StreamShape; (java.base@11)
 965:             1             32  [Ljdk.internal.logger.BootstrapLogger$LoggingBackend; (java.base@11)
 966:             1             32  [Ljdk.internal.module.IllegalAccessLogger$Mode; (java.base@11)
 967:             1             32  [Lorg.apache.http.conn.util.DomainType;
 968:             1             32  [Lorg.apache.http.impl.cookie.RFC6265CookieSpecProvider$CompatibilityLevel;
 969:             1             32  [Lorg.apache.http.impl.nio.client.CloseableHttpAsyncClientBase$Status;
 970:             1             32  [Lorg.apache.maven.classrealm.ClassRealmRequest$RealmType;
 971:             1             32  [Lorg.apache.maven.model.building.ModelProblem$Version;
 972:             1             32  [Lorg.eclipse.sisu.bean.DeclaredMembers$View;
 973:             1             32  [Lsun.security.provider.NativePRNG$Variant; (java.base@11)
 974:             1             32  [Lsun.security.ssl.CipherSuite$HashAlg; (java.base@11)
 975:             1             32  [Lsun.security.ssl.CipherType; (java.base@11)
 976:             2             32  com.google.common.base.Joiner
 977:             2             32  com.google.common.cache.LocalCache$LocalManualCache
 978:             2             32  com.google.inject.internal.Annotations$AnnotationChecker$1
 979:             1             32  com.google.inject.internal.BoundProviderFactory
 980:             2             32  com.google.inject.internal.Initializables$1
 981:             2             32  com.google.inject.internal.InjectorImpl$BindingsMultimap
 982:             2             32  com.google.inject.internal.InjectorShell$InjectorFactory
 983:             2             32  com.google.inject.internal.InjectorShell$LoggerFactory
 984:             2             32  com.google.inject.internal.ProvisionListenerCallbackStore$1
 985:             2             32  com.google.inject.internal.TypeConverterBindingProcessor$1
 986:             2             32  com.google.inject.internal.TypeConverterBindingProcessor$2
 987:             2             32  com.google.inject.internal.TypeConverterBindingProcessor$3
 988:             2             32  com.google.inject.internal.TypeConverterBindingProcessor$4
 989:             2             32  com.google.inject.internal.WeakKeySet$1
 990:             2             32  com.google.inject.internal.cglib.core.$AbstractClassGenerator$Source
 991:             2             32  com.google.inject.matcher.Matchers$SubclassesOf
 992:             2             32  com.sun.proxy.$Proxy15
 993:             1             32  java.io.UnixFileSystem (java.base@11)
 994:             2             32  java.lang.Boolean (java.base@11)
 995:             2             32  java.lang.ClassValue$Identity (java.base@11)
 996:             2             32  java.lang.InheritableThreadLocal (java.base@11)
 997:             2             32  java.lang.Shutdown$Lock (java.base@11)
 998:             1             32  java.lang.module.ModuleDescriptor$Version (java.base@11)
 999:             2             32  java.nio.ByteOrder (java.base@11)
1000:             1             32  java.nio.DirectByteBuffer$Deallocator (java.base@11)
1001:             1             32  java.text.DontCareFieldPosition (java.base@11)
1002:             2             32  java.util.IdentityHashMap$KeySet (java.base@11)
1003:             1             32  java.util.LinkedHashMap$LinkedKeyIterator (java.base@11)
1004:             2             32  java.util.Optional (java.base@11)
1005:             2             32  java.util.ResourceBundle$SingleFormatControl (java.base@11)
1006:             1             32  java.util.ServiceLoader$ModuleServicesLookupIterator (java.base@11)
1007:             1             32  java.util.Stack (java.base@11)
1008:             2             32  java.util.concurrent.CountDownLatch (java.base@11)
1009:             1             32  java.util.concurrent.atomic.AtomicReferenceFieldUpdater$AtomicReferenceFieldUpdaterImpl (java.base@11)
1010:             1             32  java.util.logging.LogManager$SystemLoggerContext (java.logging@11)
1011:             2             32  java.util.regex.Pattern$Begin (java.base@11)
1012:             1             32  java.util.regex.Pattern$NotBehind (java.base@11)
1013:             1             32  jdk.internal.ref.CleanerImpl (java.base@11)
1014:             1             32  org.apache.commons.logging.impl.WeakHashtable$WeakKey
1015:             2             32  org.apache.http.client.protocol.RequestClientConnControl
1016:             2             32  org.apache.http.conn.ssl.AllowAllHostnameVerifier
1017:             2             32  org.apache.http.conn.ssl.BrowserCompatHostnameVerifier
1018:             2             32  org.apache.http.conn.ssl.StrictHostnameVerifier
1019:             2             32  org.apache.http.impl.cookie.BasicMaxAgeHandler
1020:             1             32  org.apache.http.impl.cookie.DefaultCookieSpecProvider
1021:             1             32  org.apache.http.impl.nio.conn.PoolingNHttpClientConnectionManager
1022:             2             32  org.apache.http.message.BasicLineFormatter
1023:             2             32  org.apache.http.message.BasicLineParser
1024:             1             32  org.apache.http.nio.conn.ssl.SSLIOSessionStrategy
1025:             1             32  org.apache.http.nio.pool.AbstractNIOConnPool$2
1026:             2             32  org.apache.http.protocol.RequestTargetHost
1027:             1             32  org.apache.maven.cli.transfer.ConsoleMavenTransferListener
1028:             1             32  org.apache.maven.execution.DefaultMavenExecutionResult
1029:             1             32  org.apache.maven.execution.MojoExecutionEvent
1030:             1             32  org.apache.maven.lifecycle.internal.LifecycleDependencyResolver
1031:             1             32  org.apache.maven.lifecycle.internal.MojoDescriptorCreator
1032:             1             32  org.apache.maven.lifecycle.internal.MojoExecutor
1033:             1             32  org.apache.maven.lifecycle.internal.ProjectSegment
1034:             1             32  org.apache.maven.lifecycle.internal.ReactorContext
1035:             1             32  org.apache.maven.lifecycle.internal.builder.BuilderCommon
1036:             1             32  org.apache.maven.model.interpolation.StringSearchModelInterpolator
1037:             1             32  org.apache.maven.plugin.DefaultBuildPluginManager
1038:             1             32  org.apache.maven.plugin.prefix.internal.DefaultPluginPrefixResolver
1039:             1             32  org.apache.maven.plugin.version.internal.DefaultPluginVersionResolver
1040:             2             32  org.apache.maven.project.ExtensionDescriptorBuilder
1041:             1             32  org.apache.maven.project.ProjectSorter
1042:             1             32  org.apache.maven.repository.legacy.DefaultWagonManager
1043:             1             32  org.apache.maven.settings.building.DefaultSettingsBuilder
1044:             1             32  org.codehaus.plexus.classworlds.launcher.Launcher
1045:             2             32  org.eclipse.aether.internal.impl.SimpleLocalRepositoryManagerFactory
1046:             2             32  org.eclipse.aether.internal.impl.collect.ObjectPool
1047:             1             32  org.eclipse.aether.resolution.ArtifactDescriptorRequest
1048:             1             32  org.eclipse.aether.util.graph.transformer.ConflictResolver
1049:             2             32  org.eclipse.sisu.bean.BeanListener
1050:             1             32  org.eclipse.sisu.inject.DefaultBeanLocator
1051:             2             32  org.eclipse.sisu.inject.DefaultBeanLocator$$FastClassByGuice$$5c8e0cfd
1052:             2             32  org.eclipse.sisu.inject.DefaultRankingFunction
1053:             1             32  org.eclipse.sisu.inject.MildConcurrentValues
1054:             1             32  org.eclipse.sisu.plexus.ComponentImpl
1055:             2             32  org.eclipse.sisu.plexus.PlexusAnnotatedBeanModule$PlexusAnnotatedBeanSource
1056:             2             32  org.eclipse.sisu.plexus.PlexusAnnotatedMetadata
1057:             2             32  org.eclipse.sisu.plexus.PlexusDateTypeConverter
1058:             2             32  org.eclipse.sisu.plexus.PlexusXmlBeanModule$PlexusXmlBeanSource
1059:             1             32  org.eclipse.sisu.space.CloningClassSpace
1060:             1             32  org.sonatype.plexus.components.sec.dispatcher.DefaultSecDispatcher$__sisu14
1061:             1             32  sun.nio.cs.StandardCharsets (java.base@11)
1062:             2             32  sun.nio.fs.LinuxFileSystemProvider (java.base@11)
1063:             2             32  sun.security.provider.FileInputStreamPool$UnclosableInputStream (java.base@11)
1064:             2             32  sun.security.provider.NativePRNG (java.base@11)
1065:             1             32  sun.security.provider.SecureRandom (java.base@11)
1066:             2             32  sun.security.ssl.SSLAlgorithmDecomposer (java.base@11)
1067:             2             32  sun.security.ssl.SSLCipher$NullReadCipherGenerator (java.base@11)
1068:             2             32  sun.security.ssl.SSLCipher$NullWriteCipherGenerator (java.base@11)
1069:             2             32  sun.security.ssl.SSLCipher$T12GcmReadCipherGenerator (java.base@11)
1070:             2             32  sun.security.ssl.SSLCipher$T12GcmWriteCipherGenerator (java.base@11)
1071:             2             32  sun.security.ssl.SSLCipher$T13GcmReadCipherGenerator (java.base@11)
1072:             2             32  sun.security.ssl.SSLCipher$T13GcmWriteCipherGenerator (java.base@11)
1073:             1             32  sun.security.ssl.X509TrustManagerImpl (java.base@11)
1074:             2             32  sun.security.util.DisabledAlgorithmConstraints$Constraints (java.base@11)
1075:             1             32  sun.security.x509.AuthorityInfoAccessExtension (java.base@11)
1076:             1             32  sun.security.x509.IssuerAlternativeNameExtension (java.base@11)
1077:             1             32  sun.security.x509.PrivateKeyUsageExtension (java.base@11)
1078:             2             32  sun.security.x509.RFC822Name (java.base@11)
1079:             1             32  sun.security.x509.SubjectAlternativeNameExtension (java.base@11)
1080:             2             32  sun.util.resources.LocaleData (java.base@11)
1081:             1             24  [Lcom.google.common.cache.CacheBuilder$NullListener;
1082:             1             24  [Lcom.google.common.cache.CacheBuilder$OneWeigher;
1083:             1             24  [Lcom.google.common.collect.Maps$EntryFunction;
1084:             1             24  [Lcom.google.inject.Key$NullAnnotationStrategy;
1085:             1             24  [Lcom.google.inject.internal.BytecodeGen$Visibility;
1086:             1             24  [Lcom.google.inject.internal.InternalFlags$CustomClassLoadingOption;
1087:             1             24  [Ljava.io.File$PathStatus; (java.base@11)
1088:             1             24  [Ljava.net.StandardProtocolFamily; (java.base@11)
1089:             1             24  [Ljava.util.Locale$Category; (java.base@11)
1090:             1             24  [Lorg.apache.http.conn.routing.RouteInfo$LayerType;
1091:             1             24  [Lorg.apache.http.conn.routing.RouteInfo$TunnelType;
1092:             1             24  [Lorg.apache.http.impl.cookie.DefaultCookieSpecProvider$CompatibilityLevel;
1093:             1             24  [Lorg.apache.maven.plugin.MojoExecution$Source;
1094:             1             24  [Lorg.apache.maven.project.ProjectBuildingRequest$RepositoryMerging;
1095:             1             24  [Lsun.security.rsa.RSAUtil$KeyType; (java.base@11)
1096:             1             24  [Lsun.security.ssl.EphemeralKeyManager$EphemeralKeyPair; (java.base@11)
1097:             1             24  [Lsun.security.util.ObjectIdentifier; (java.base@11)
1098:             1             24  com.google.common.base.Joiner$1
1099:             1             24  com.google.common.cache.CacheBuilder$NullListener
1100:             1             24  com.google.common.cache.CacheBuilder$OneWeigher
1101:             1             24  com.google.common.cache.LocalCache$EntryFactory$1
1102:             1             24  com.google.common.cache.LocalCache$EntryFactory$2
1103:             1             24  com.google.common.cache.LocalCache$EntryFactory$3
1104:             1             24  com.google.common.cache.LocalCache$EntryFactory$4
1105:             1             24  com.google.common.cache.LocalCache$EntryFactory$5
1106:             1             24  com.google.common.cache.LocalCache$EntryFactory$6
1107:             1             24  com.google.common.cache.LocalCache$EntryFactory$7
1108:             1             24  com.google.common.cache.LocalCache$EntryFactory$8
1109:             1             24  com.google.common.cache.LocalCache$Strength$1
1110:             1             24  com.google.common.cache.LocalCache$Strength$2
1111:             1             24  com.google.common.cache.LocalCache$Strength$3
1112:             1             24  com.google.common.collect.Maps$EntryFunction$1
1113:             1             24  com.google.common.collect.Maps$EntryFunction$2
1114:             1             24  com.google.common.util.concurrent.AbstractFuture$Listener
1115:             1             24  com.google.common.util.concurrent.AbstractFuture$Waiter
1116:             1             24  com.google.inject.Key$NullAnnotationStrategy
1117:             1             24  com.google.inject.internal.BytecodeGen$Visibility$1
1118:             1             24  com.google.inject.internal.BytecodeGen$Visibility$2
1119:             1             24  com.google.inject.internal.CycleDetectingLock$CycleDetectingLockFactory
1120:             1             24  com.google.inject.internal.DelegatingInvocationHandler
1121:             1             24  com.google.inject.internal.cglib.core.$EmitUtils$ArrayDelimiters
1122:             1             24  com.google.inject.internal.cglib.core.$MethodWrapper$MethodWrapperKey$$$KeyFactoryByCGLIB$$e23ecb5d
1123:             1             24  com.google.inject.internal.util.SourceProvider
1124:             1             24  java.lang.Double (java.base@11)
1125:             1             24  java.lang.ProcessEnvironment$StringEnvironment (java.base@11)
1126:             1             24  java.lang.StringBuilder (java.base@11)
1127:             1             24  java.lang.invoke.MethodType$ConcurrentWeakInternSet (java.base@11)
1128:             1             24  java.lang.invoke.StringConcatFactory$Stringifiers$StringifierAny (java.base@11)
1129:             1             24  java.lang.invoke.StringConcatFactory$Stringifiers$StringifierMost (java.base@11)
1130:             1             24  java.math.MutableBigInteger (java.base@11)
1131:             1             24  java.net.Inet6AddressImpl (java.base@11)
1132:             1             24  java.security.AllPermissionCollection (java.base@11)
1133:             1             24  java.util.Collections$3 (java.base@11)
1134:             1             24  java.util.Collections$EmptyMap (java.base@11)
1135:             1             24  java.util.Collections$SynchronizedCollection (java.base@11)
1136:             1             24  java.util.Collections$UnmodifiableCollection$1 (java.base@11)
1137:             1             24  java.util.Locale$Cache (java.base@11)
1138:             1             24  java.util.ResourceBundle$Control$CandidateListCache (java.base@11)
1139:             1             24  java.util.ServiceLoader$2 (java.base@11)
1140:             1             24  java.util.concurrent.CopyOnWriteArrayList$COWIterator (java.base@11)
1141:             1             24  java.util.concurrent.locks.ReentrantReadWriteLock (java.base@11)
1142:             1             24  java.util.logging.LogManager$LoggerContext (java.logging@11)
1143:             1             24  java.util.regex.Pattern$CharPredicate$$Lambda$7/0x00000001000b0040 (java.base@11)
1144:             1             24  java.util.regex.Pattern$Pos (java.base@11)
1145:             1             24  java.util.regex.Pattern$Ques (java.base@11)
1146:             1             24  java.util.zip.ZipCoder$UTF8 (java.base@11)
1147:             1             24  javax.crypto.CryptoAllPermissionCollection (java.base@11)
1148:             1             24  javax.net.ssl.SSLContext (java.base@11)
1149:             1             24  jdk.internal.jimage.ImageReader (java.base@11)
1150:             1             24  jdk.internal.logger.BootstrapLogger$RedirectedLoggers (java.base@11)
1151:             1             24  jdk.internal.module.ModuleHashes (java.base@11)
1152:             1             24  org.apache.commons.cli.CommandLine
1153:             1             24  org.apache.commons.logging.impl.WeakHashtable$Referenced
1154:             1             24  org.apache.http.conn.ssl.DefaultHostnameVerifier
1155:             1             24  org.apache.http.conn.util.PublicSuffixMatcher
1156:             1             24  org.apache.http.impl.client.BasicCookieStore
1157:             1             24  org.apache.http.impl.client.ProxyAuthenticationStrategy
1158:             1             24  org.apache.http.impl.client.TargetAuthenticationStrategy
1159:             1             24  org.apache.http.impl.cookie.DefaultCookieSpec
1160:             1             24  org.apache.http.impl.cookie.NetscapeDraftSpecProvider
1161:             1             24  org.apache.http.impl.cookie.RFC2109Spec
1162:             1             24  org.apache.http.impl.cookie.RFC2965Spec
1163:             1             24  org.apache.http.impl.nio.client.CloseableHttpAsyncClientBase$1
1164:             1             24  org.apache.http.impl.nio.client.InternalIODispatch
1165:             1             24  org.apache.http.impl.nio.codecs.DefaultHttpResponseParserFactory
1166:             1             24  org.apache.http.impl.nio.conn.PoolingNHttpClientConnectionManager$ConfigData
1167:             1             24  org.apache.http.impl.nio.conn.PoolingNHttpClientConnectionManager$InternalAddressResolver
1168:             1             24  org.apache.http.impl.nio.conn.PoolingNHttpClientConnectionManager$InternalConnectionFactory
1169:             1             24  org.apache.http.nio.protocol.HttpAsyncRequestExecutor
1170:             1             24  org.apache.maven.ReactorReader
1171:             1             24  org.apache.maven.artifact.handler.manager.DefaultArtifactHandlerManager
1172:             1             24  org.apache.maven.artifact.repository.metadata.DefaultRepositoryMetadataManager
1173:             1             24  org.apache.maven.artifact.resolver.DefaultArtifactCollector
1174:             1             24  org.apache.maven.artifact.resolver.filter.CumulativeScopeArtifactFilter
1175:             1             24  org.apache.maven.artifact.versioning.Restriction
1176:             1             24  org.apache.maven.bridge.MavenRepositorySystem
1177:             1             24  org.apache.maven.cli.configuration.SettingsXmlConfigurationProcessor
1178:             1             24  org.apache.maven.cli.event.ExecutionEventLogger
1179:             1             24  org.apache.maven.eventspy.internal.EventSpyDispatcher
1180:             1             24  org.apache.maven.execution.scope.internal.MojoExecutionScope$ScopeState
1181:             1             24  org.apache.maven.extension.internal.CoreExports
1182:             1             24  org.apache.maven.graph.DefaultGraphBuilder
1183:             1             24  org.apache.maven.graph.DefaultProjectDependencyGraph
1184:             1             24  org.apache.maven.lifecycle.DefaultLifecycles
1185:             1             24  org.apache.maven.lifecycle.Lifecycle
1186:             1             24  org.apache.maven.lifecycle.Lifecycle$__sisu12
1187:             1             24  org.apache.maven.lifecycle.Lifecycle$__sisu13
1188:             1             24  org.apache.maven.lifecycle.MavenExecutionPlan
1189:             1             24  org.apache.maven.lifecycle.internal.DefaultLifecyclePluginAnalyzer
1190:             1             24  org.apache.maven.lifecycle.internal.DefaultLifecycleTaskSegmentCalculator
1191:             1             24  org.apache.maven.lifecycle.internal.PhaseRecorder
1192:             1             24  org.apache.maven.lifecycle.internal.ProjectIndex
1193:             1             24  org.apache.maven.lifecycle.internal.ReactorBuildStatus
1194:             1             24  org.apache.maven.lifecycle.internal.TaskSegment
1195:             1             24  org.apache.maven.lifecycle.mapping.DefaultLifecycleMapping
1196:             1             24  org.apache.maven.lifecycle.mapping.DefaultLifecycleMapping$__sisu15
1197:             1             24  org.apache.maven.model.building.DefaultModelProcessor
1198:             1             24  org.apache.maven.model.building.Result
1199:             1             24  org.apache.maven.model.plugin.DefaultLifecycleBindingsInjector
1200:             1             24  org.apache.maven.model.superpom.DefaultSuperPomProvider
1201:             1             24  org.apache.maven.plugin.PluginRealmCache$CacheRecord
1202:             1             24  org.apache.maven.plugin.internal.DefaultPluginDependenciesResolver
1203:             1             24  org.apache.maven.project.DefaultMavenProjectBuilder
1204:             1             24  org.apache.maven.project.DefaultProjectDependenciesResolver
1205:             1             24  org.apache.maven.project.artifact.ProjectArtifactsCache$CacheRecord
1206:             1             24  org.apache.maven.repository.internal.DefaultVersionRangeResolver
1207:             1             24  org.apache.maven.repository.internal.DefaultVersionResolver
1208:             1             24  org.apache.maven.repository.legacy.repository.DefaultArtifactRepositoryFactory
1209:             1             24  org.apache.maven.rtinfo.internal.DefaultRuntimeInformation
1210:             1             24  org.apache.maven.toolchain.building.DefaultToolchainsBuilder
1211:             1             24  org.codehaus.plexus.DefaultPlexusContainer$DefaultsModule
1212:             1             24  org.codehaus.plexus.classworlds.ClassWorld
1213:             1             24  org.codehaus.plexus.component.configurator.converters.lookup.DefaultConverterLookup
1214:             1             24  org.codehaus.plexus.interpolation.PrefixAwareRecursionInterceptor
1215:             1             24  org.codehaus.plexus.logging.console.ConsoleLogger
1216:             1             24  org.codehaus.plexus.util.dag.DAG
1217:             1             24  org.codehaus.plexus.util.dag.Vertex
1218:             1             24  org.eclipse.aether.internal.impl.EnhancedLocalRepositoryManager
1219:             1             24  org.eclipse.aether.repository.LocalRepository
1220:             1             24  org.eclipse.aether.repository.WorkspaceRepository
1221:             1             24  org.eclipse.aether.util.graph.selector.AndDependencySelector
1222:             1             24  org.eclipse.aether.util.graph.selector.ExclusionDependencySelector
1223:             1             24  org.eclipse.aether.util.graph.selector.ScopeDependencySelector
1224:             1             24  org.eclipse.aether.util.repository.SimpleResolutionErrorPolicy
1225:             1             24  org.eclipse.sisu.bean.BeanLifecycle
1226:             1             24  org.eclipse.sisu.bean.DeclaredMembers$View$1
1227:             1             24  org.eclipse.sisu.bean.DeclaredMembers$View$2
1228:             1             24  org.eclipse.sisu.bean.DeclaredMembers$View$3
1229:             1             24  org.eclipse.sisu.bean.LifecycleBuilder
1230:             1             24  org.eclipse.sisu.bean.LifecycleManager
1231:             1             24  org.eclipse.sisu.inject.MildValues
1232:             1             24  org.eclipse.sisu.inject.QualifyingStrategy$1
1233:             1             24  org.eclipse.sisu.inject.QualifyingStrategy$2
1234:             1             24  org.eclipse.sisu.inject.QualifyingStrategy$3
1235:             1             24  org.eclipse.sisu.inject.QualifyingStrategy$4
1236:             1             24  org.eclipse.sisu.inject.QualifyingStrategy$5
1237:             1             24  org.eclipse.sisu.plexus.ClassRealmManager
1238:             1             24  org.eclipse.sisu.plexus.DefaultPlexusBeanLocator
1239:             1             24  org.eclipse.sisu.plexus.OptionalPropertyBinding
1240:             1             24  org.eclipse.sisu.plexus.PlexusLifecycleManager$1
1241:             1             24  org.eclipse.sisu.space.DefaultClassFinder
1242:             1             24  org.eclipse.sisu.space.GlobberStrategy$1
1243:             1             24  org.eclipse.sisu.space.GlobberStrategy$2
1244:             1             24  org.eclipse.sisu.space.GlobberStrategy$3
1245:             1             24  org.eclipse.sisu.space.GlobberStrategy$4
1246:             1             24  org.eclipse.sisu.space.GlobberStrategy$5
1247:             1             24  org.eclipse.sisu.wire.TypeConverterCache
1248:             1             24  org.slf4j.helpers.SubstituteLoggerFactory
1249:             1             24  org.slf4j.impl.OutputChoice
1250:             1             24  org.sonatype.plexus.components.cipher.PBECipher
1251:             1             24  sun.net.ProgressMonitor (java.base@11)
1252:             1             24  sun.net.sdp.SdpProvider (java.base@11)
1253:             1             24  sun.net.www.protocol.http.Handler (java.base@11)
1254:             1             24  sun.nio.ch.Util$BufferCache (java.base@11)
1255:             1             24  sun.nio.cs.ISO_8859_1 (java.base@11)
1256:             1             24  sun.nio.cs.ThreadLocalCoders$1 (java.base@11)
1257:             1             24  sun.nio.cs.ThreadLocalCoders$2 (java.base@11)
1258:             1             24  sun.nio.cs.US_ASCII (java.base@11)
1259:             1             24  sun.nio.cs.UTF_16 (java.base@11)
1260:             1             24  sun.nio.cs.UTF_16BE (java.base@11)
1261:             1             24  sun.nio.cs.UTF_16LE (java.base@11)
1262:             1             24  sun.nio.cs.UTF_8 (java.base@11)
1263:             1             24  sun.reflect.generics.reflectiveObjects.WildcardTypeImpl (java.base@11)
1264:             1             24  sun.reflect.generics.tree.Wildcard (java.base@11)
1265:             1             24  sun.security.ssl.TrustStoreManager$TrustAnchorManager (java.base@11)
1266:             1             24  sun.security.util.DisabledAlgorithmConstraints$UsageConstraint (java.base@11)
1267:             1             24  sun.security.util.DisabledAlgorithmConstraints$jdkCAConstraint (java.base@11)
1268:             1             24  sun.security.x509.AccessDescription (java.base@11)
1269:             1             24  sun.util.cldr.CLDRCalendarDataProviderImpl (java.base@11)
1270:             1             24  sun.util.locale.BaseLocale$Cache (java.base@11)
1271:             1             24  sun.util.locale.provider.CalendarProviderImpl (java.base@11)
1272:             1             24  sun.util.locale.provider.DateFormatSymbolsProviderImpl (java.base@11)
1273:             1             24  sun.util.locale.provider.DecimalFormatSymbolsProviderImpl (java.base@11)
1274:             1             24  sun.util.locale.provider.LocaleServiceProviderPool (java.base@11)
1275:             1             24  sun.util.locale.provider.NumberFormatProviderImpl (java.base@11)
1276:             1             16  [Lcom.google.inject.TypeLiteral;
1277:             1             16  [Lcom.google.inject.internal.util.StackTraceElements$InMemoryStackTraceElement;
1278:             1             16  [Ljava.lang.Throwable; (java.base@11)
1279:             1             16  [Ljava.lang.reflect.Member; (java.base@11)
1280:             1             16  [Ljava.lang.reflect.Method; (java.base@11)
1281:             1             16  [Ljava.nio.file.attribute.FileAttribute; (java.base@11)
1282:             1             16  [Ljava.security.Provider; (java.base@11)
1283:             1             16  [Ljava.security.cert.Certificate; (java.base@11)
1284:             1             16  [Ljava.text.FieldPosition; (java.base@11)
1285:             1             16  [Ljava.util.logging.Handler; (java.logging@11)
1286:             1             16  [Lorg.apache.http.HeaderElement;
1287:             1             16  [Lorg.codehaus.plexus.configuration.PlexusConfiguration;
1288:             1             16  [Lorg.codehaus.plexus.util.xml.Xpp3Dom;
1289:             1             16  com.google.common.base.Absent
1290:             1             16  com.google.common.base.Equivalence$Equals
1291:             1             16  com.google.common.base.Equivalence$Identity
1292:             1             16  com.google.common.base.Suppliers$SupplierOfInstance
1293:             1             16  com.google.common.base.Ticker$1
1294:             1             16  com.google.common.cache.CacheBuilder$1
1295:             1             16  com.google.common.cache.CacheBuilder$2
1296:             1             16  com.google.common.cache.CacheBuilder$3
1297:             1             16  com.google.common.cache.LocalCache$1
1298:             1             16  com.google.common.cache.LocalCache$2
1299:             1             16  com.google.common.collect.AbstractMapBasedMultimap$AsMap$AsMapEntries
1300:             1             16  com.google.common.collect.AbstractMultimap$Values
1301:             1             16  com.google.common.collect.Iterators$1
1302:             1             16  com.google.common.collect.Iterators$2
1303:             1             16  com.google.common.collect.Maps$Values
1304:             1             16  com.google.common.util.concurrent.AbstractFuture$UnsafeAtomicHelper
1305:             1             16  com.google.inject.Scopes$1
1306:             1             16  com.google.inject.Scopes$2
1307:             1             16  com.google.inject.internal.Annotations$1
1308:             1             16  com.google.inject.internal.Annotations$3
1309:             1             16  com.google.inject.internal.BytecodeGen$1
1310:             1             16  com.google.inject.internal.BytecodeGen$2
1311:             1             16  com.google.inject.internal.BytecodeGen$3
1312:             1             16  com.google.inject.internal.Errors$2
1313:             1             16  com.google.inject.internal.Errors$3
1314:             1             16  com.google.inject.internal.Errors$4
1315:             1             16  com.google.inject.internal.InjectorImpl$ProviderBindingImpl$1
1316:             1             16  com.google.inject.internal.MoreTypes$GenericArrayTypeImpl
1317:             1             16  com.google.inject.internal.ProviderMethodsModule$1
1318:             1             16  com.google.inject.internal.Scoping$1
1319:             1             16  com.google.inject.internal.Scoping$2
1320:             1             16  com.google.inject.internal.Scoping$3
1321:             1             16  com.google.inject.internal.Scoping$4
1322:             1             16  com.google.inject.internal.SingletonScope
1323:             1             16  com.google.inject.internal.State$1
1324:             1             16  com.google.inject.internal.cglib.core.$AbstractClassGenerator$ClassLoaderData$2
1325:             1             16  com.google.inject.internal.cglib.core.$DefaultGeneratorStrategy
1326:             1             16  com.google.inject.internal.cglib.core.$DefaultNamingPolicy
1327:             1             16  com.google.inject.internal.cglib.core.$KeyFactory$1
1328:             1             16  com.google.inject.internal.cglib.core.$KeyFactory$2
1329:             1             16  com.google.inject.internal.cglib.core.$KeyFactory$3
1330:             1             16  com.google.inject.internal.cglib.core.$KeyFactory$4
1331:             1             16  com.google.inject.internal.cglib.core.$MethodInfoTransformer
1332:             1             16  com.google.inject.internal.cglib.core.internal.$LoadingCache$1
1333:             1             16  com.google.inject.internal.util.StackTraceElements$1
1334:             1             16  com.google.inject.matcher.Matchers$Any
1335:             1             16  com.google.inject.spi.Elements$1
1336:             1             16  com.google.inject.util.Modules$EmptyModule
1337:             1             16  com.sun.proxy.$Proxy10
1338:             1             16  com.sun.proxy.$Proxy11
1339:             1             16  com.sun.proxy.$Proxy16
1340:             1             16  com.sun.proxy.$Proxy18
1341:             1             16  com.sun.proxy.$Proxy22
1342:             1             16  com.sun.proxy.$Proxy5
1343:             1             16  com.sun.proxy.$Proxy8
1344:             1             16  com.sun.proxy.$Proxy9
1345:             1             16  huaminglin.demo.tool.memory.leak.MemoryLeakDemo
1346:             1             16  java.io.FileDescriptor$1 (java.base@11)
1347:             1             16  java.io.FilePermission$1 (java.base@11)
1348:             1             16  java.io.RandomAccessFile$2 (java.base@11)
1349:             1             16  java.lang.ApplicationShutdownHooks$1 (java.base@11)
1350:             1             16  java.lang.CharacterDataLatin1 (java.base@11)
1351:             1             16  java.lang.Float (java.base@11)
1352:             1             16  java.lang.ProcessEnvironment$StringEntrySet (java.base@11)
1353:             1             16  java.lang.ProcessEnvironment$StringKeySet (java.base@11)
1354:             1             16  java.lang.Runtime (java.base@11)
1355:             1             16  java.lang.SecurityManager$$Lambda$32/0x0000000100297840 (java.base@11)
1356:             1             16  java.lang.SecurityManager$$Lambda$34/0x0000000100297440 (java.base@11)
1357:             1             16  java.lang.SecurityManager$$Lambda$35/0x0000000100296840 (java.base@11)
1358:             1             16  java.lang.SecurityManager$$Lambda$36/0x0000000100296040 (java.base@11)
1359:             1             16  java.lang.SecurityManager$$Lambda$37/0x0000000100295840 (java.base@11)
1360:             1             16  java.lang.SecurityManager$$Lambda$38/0x0000000100295c40 (java.base@11)
1361:             1             16  java.lang.SecurityManager$$Lambda$40/0x0000000100295440 (java.base@11)
1362:             1             16  java.lang.SecurityManager$$Lambda$41/0x0000000100294840 (java.base@11)
1363:             1             16  java.lang.String$CaseInsensitiveComparator (java.base@11)
1364:             1             16  java.lang.StringCoding$1 (java.base@11)
1365:             1             16  java.lang.System$2 (java.base@11)
1366:             1             16  java.lang.Terminator$1 (java.base@11)
1367:             1             16  java.lang.invoke.ClassSpecializer$1 (java.base@11)
1368:             1             16  java.lang.invoke.MemberName$Factory (java.base@11)
1369:             1             16  java.lang.invoke.MethodHandleImpl$1 (java.base@11)
1370:             1             16  java.lang.invoke.StringConcatFactory$MethodHandleInlineCopyStrategy$1 (java.base@11)
1371:             1             16  java.lang.invoke.StringConcatFactory$MethodHandleInlineCopyStrategy$2 (java.base@11)
1372:             1             16  java.lang.invoke.StringConcatFactory$MethodHandleInlineCopyStrategy$3 (java.base@11)
1373:             1             16  java.lang.invoke.VarHandle$1 (java.base@11)
1374:             1             16  java.lang.module.ModuleDescriptor$1 (java.base@11)
1375:             1             16  java.lang.ref.Cleaner (java.base@11)
1376:             1             16  java.lang.ref.Cleaner$1 (java.base@11)
1377:             1             16  java.lang.ref.Reference$1 (java.base@11)
1378:             1             16  java.lang.reflect.Proxy$$Lambda$24/0x0000000100138040 (java.base@11)
1379:             1             16  java.lang.reflect.Proxy$$Lambda$31/0x000000010013a040 (java.base@11)
1380:             1             16  java.lang.reflect.ReflectAccess (java.base@11)
1381:             1             16  java.net.InetAddress$2 (java.base@11)
1382:             1             16  java.net.InetAddress$PlatformNameService (java.base@11)
1383:             1             16  java.net.URI$1 (java.base@11)
1384:             1             16  java.net.URL$3 (java.base@11)
1385:             1             16  java.net.URL$DefaultFactory (java.base@11)
1386:             1             16  java.net.URLClassLoader$7 (java.base@11)
1387:             1             16  java.nio.Bits$1 (java.base@11)
1388:             1             16  java.nio.Buffer$1 (java.base@11)
1389:             1             16  java.security.AllPermission (java.base@11)
1390:             1             16  java.security.ProtectionDomain$JavaSecurityAccessImpl (java.base@11)
1391:             1             16  java.text.DontCareFieldPosition$1 (java.base@11)
1392:             1             16  java.util.Collections$EmptyEnumeration (java.base@11)
1393:             1             16  java.util.Collections$EmptyIterator (java.base@11)
1394:             1             16  java.util.Collections$EmptyList (java.base@11)
1395:             1             16  java.util.Collections$EmptySet (java.base@11)
1396:             1             16  java.util.Collections$SingletonSet (java.base@11)
1397:             1             16  java.util.EnumMap$1 (java.base@11)
1398:             1             16  java.util.ResourceBundle$1 (java.base@11)
1399:             1             16  java.util.ResourceBundle$Control (java.base@11)
1400:             1             16  java.util.Spliterators$EmptySpliterator$OfDouble (java.base@11)
1401:             1             16  java.util.Spliterators$EmptySpliterator$OfInt (java.base@11)
1402:             1             16  java.util.Spliterators$EmptySpliterator$OfLong (java.base@11)
1403:             1             16  java.util.Spliterators$EmptySpliterator$OfRef (java.base@11)
1404:             1             16  java.util.concurrent.ConcurrentSkipListSet (java.base@11)
1405:             1             16  java.util.concurrent.ThreadPoolExecutor$AbortPolicy (java.base@11)
1406:             1             16  java.util.concurrent.locks.ReentrantReadWriteLock$ReadLock (java.base@11)
1407:             1             16  java.util.concurrent.locks.ReentrantReadWriteLock$Sync$ThreadLocalHoldCounter (java.base@11)
1408:             1             16  java.util.concurrent.locks.ReentrantReadWriteLock$WriteLock (java.base@11)
1409:             1             16  java.util.jar.JavaUtilJarAccessImpl (java.base@11)
1410:             1             16  java.util.logging.Level$$Lambda$17/0x00000001000b2c40 (java.logging@11)
1411:             1             16  java.util.logging.Level$KnownLevel$$Lambda$18/0x00000001000b2040 (java.logging@11)
1412:             1             16  java.util.logging.LogManager$LoggingProviderAccess (java.logging@11)
1413:             1             16  java.util.logging.LogManager$VisitedLoggers (java.logging@11)
1414:             1             16  java.util.regex.CharPredicates$$Lambda$3/0x0000000100063040 (java.base@11)
1415:             1             16  java.util.regex.CharPredicates$$Lambda$9/0x00000001000b0840 (java.base@11)
1416:             1             16  java.util.regex.Pattern$$Lambda$8/0x00000001000b0440 (java.base@11)
1417:             1             16  java.util.regex.Pattern$1 (java.base@11)
1418:             1             16  java.util.regex.Pattern$LastNode (java.base@11)
1419:             1             16  java.util.regex.Pattern$Node (java.base@11)
1420:             1             16  java.util.stream.Collectors$$Lambda$46/0x0000000100292440 (java.base@11)
1421:             1             16  java.util.stream.Collectors$$Lambda$47/0x0000000100291840 (java.base@11)
1422:             1             16  java.util.stream.Collectors$$Lambda$48/0x0000000100291c40 (java.base@11)
1423:             1             16  java.util.stream.Collectors$$Lambda$49/0x0000000100291040 (java.base@11)
1424:             1             16  java.util.stream.FindOps$FindSink$OfRef$$Lambda$19/0x00000001000b2440 (java.base@11)
1425:             1             16  java.util.stream.FindOps$FindSink$OfRef$$Lambda$20/0x00000001000b1840 (java.base@11)
1426:             1             16  java.util.stream.FindOps$FindSink$OfRef$$Lambda$21/0x00000001000b1c40 (java.base@11)
1427:             1             16  java.util.stream.FindOps$FindSink$OfRef$$Lambda$22/0x00000001000b1040 (java.base@11)
1428:             1             16  java.util.zip.ZipFile$1 (java.base@11)
1429:             1             16  javax.crypto.JceSecurityManager (java.base@11)
1430:             1             16  jdk.internal.jimage.ImageReaderFactory$1 (java.base@11)
1431:             1             16  jdk.internal.jimage.ImageStringsReader (java.base@11)
1432:             1             16  jdk.internal.jimage.decompressor.Decompressor (java.base@11)
1433:             1             16  jdk.internal.math.FloatingDecimal$1 (java.base@11)
1434:             1             16  jdk.internal.misc.TerminatingThreadLocal$1 (java.base@11)
1435:             1             16  jdk.internal.misc.Unsafe (java.base@11)
1436:             1             16  jdk.internal.module.ModulePatcher (java.base@11)
1437:             1             16  jdk.internal.module.ModuleTarget (java.base@11)
1438:             1             16  jdk.internal.perf.Perf (java.base@11)
1439:             1             16  jdk.internal.reflect.GeneratedConstructorAccessor1
1440:             1             16  jdk.internal.reflect.GeneratedConstructorAccessor10
1441:             1             16  jdk.internal.reflect.GeneratedConstructorAccessor16
1442:             1             16  jdk.internal.reflect.GeneratedConstructorAccessor2 (java.base@11)
1443:             1             16  jdk.internal.reflect.GeneratedConstructorAccessor3
1444:             1             16  jdk.internal.reflect.GeneratedConstructorAccessor4
1445:             1             16  jdk.internal.reflect.GeneratedConstructorAccessor5 (java.base@11)
1446:             1             16  jdk.internal.reflect.GeneratedConstructorAccessor6
1447:             1             16  jdk.internal.reflect.GeneratedConstructorAccessor7
1448:             1             16  jdk.internal.reflect.GeneratedConstructorAccessor8
1449:             1             16  jdk.internal.reflect.GeneratedConstructorAccessor9
1450:             1             16  jdk.internal.reflect.GeneratedMethodAccessor1 (java.base@11)
1451:             1             16  jdk.internal.reflect.ReflectionFactory (java.base@11)
1452:             1             16  jdk.internal.util.Preconditions$1 (java.base@11)
1453:             1             16  jdk.net.ExtendedSocketOptions$1 (jdk.net@11)
1454:             1             16  jdk.net.LinuxSocketOptions (jdk.net@11)
1455:             1             16  jdk.net.LinuxSocketOptions$$Lambda$44/0x0000000100292c40 (jdk.net@11)
1456:             1             16  org.apache.commons.cli.OptionBuilder
1457:             1             16  org.apache.http.ExceptionLogger$1
1458:             1             16  org.apache.http.ExceptionLogger$2
1459:             1             16  org.apache.http.client.protocol.RequestAddCookies
1460:             1             16  org.apache.http.client.protocol.RequestAuthCache
1461:             1             16  org.apache.http.client.protocol.RequestDefaultHeaders
1462:             1             16  org.apache.http.client.protocol.RequestExpectContinue
1463:             1             16  org.apache.http.client.protocol.ResponseProcessCookies
1464:             1             16  org.apache.http.conn.routing.BasicRouteDirector
1465:             1             16  org.apache.http.cookie.CookieIdentityComparator
1466:             1             16  org.apache.http.impl.DefaultConnectionReuseStrategy
1467:             1             16  org.apache.http.impl.DefaultHttpResponseFactory
1468:             1             16  org.apache.http.impl.EnglishReasonPhraseCatalog
1469:             1             16  org.apache.http.impl.auth.BasicSchemeFactory
1470:             1             16  org.apache.http.impl.auth.DigestSchemeFactory
1471:             1             16  org.apache.http.impl.auth.HttpAuthenticator
1472:             1             16  org.apache.http.impl.auth.KerberosSchemeFactory
1473:             1             16  org.apache.http.impl.auth.NTLMSchemeFactory
1474:             1             16  org.apache.http.impl.auth.SPNegoSchemeFactory
1475:             1             16  org.apache.http.impl.client.BasicCredentialsProvider
1476:             1             16  org.apache.http.impl.client.DefaultConnectionKeepAliveStrategy
1477:             1             16  org.apache.http.impl.client.DefaultRedirectStrategy
1478:             1             16  org.apache.http.impl.conn.DefaultRoutePlanner
1479:             1             16  org.apache.http.impl.conn.DefaultSchemePortResolver
1480:             1             16  org.apache.http.impl.conn.SystemDefaultDnsResolver
1481:             1             16  org.apache.http.impl.cookie.BasicDomainHandler
1482:             1             16  org.apache.http.impl.cookie.BasicExpiresHandler
1483:             1             16  org.apache.http.impl.cookie.IgnoreSpecProvider
1484:             1             16  org.apache.http.impl.cookie.NetscapeDraftSpec
1485:             1             16  org.apache.http.impl.cookie.RFC2109DomainHandler
1486:             1             16  org.apache.http.impl.cookie.RFC2109VersionHandler
1487:             1             16  org.apache.http.impl.cookie.RFC2965CommentUrlAttributeHandler
1488:             1             16  org.apache.http.impl.cookie.RFC2965DiscardAttributeHandler
1489:             1             16  org.apache.http.impl.cookie.RFC2965DomainAttributeHandler
1490:             1             16  org.apache.http.impl.cookie.RFC2965PortAttributeHandler
1491:             1             16  org.apache.http.impl.cookie.RFC2965VersionAttributeHandler
1492:             1             16  org.apache.http.impl.nio.client.DefaultAsyncUserTokenHandler
1493:             1             16  org.apache.http.impl.nio.codecs.DefaultHttpRequestWriterFactory
1494:             1             16  org.apache.http.impl.nio.reactor.AbstractMultiworkerIOReactor$DefaultThreadFactory
1495:             1             16  org.apache.http.message.TokenParser
1496:             1             16  org.apache.http.nio.conn.NoopIOSessionStrategy
1497:             1             16  org.apache.http.nio.pool.AbstractNIOConnPool$InternalSessionRequestCallback
1498:             1             16  org.apache.http.nio.util.HeapByteBufferAllocator
1499:             1             16  org.apache.http.protocol.RequestContent
1500:             1             16  org.apache.http.protocol.RequestUserAgent
1501:             1             16  org.apache.maven.DefaultArtifactFilterManager$$FastClassByGuice$$4e2acc5b
1502:             1             16  org.apache.maven.DefaultMaven$$FastClassByGuice$$f49f6983
1503:             1             16  org.apache.maven.RepositoryUtils$MavenArtifactTypeRegistry
1504:             1             16  org.apache.maven.artifact.factory.DefaultArtifactFactory
1505:             1             16  org.apache.maven.artifact.factory.DefaultArtifactFactory$$FastClassByGuice$$2fc52e3e
1506:             1             16  org.apache.maven.artifact.handler.DefaultArtifactHandler$$FastClassByGuice$$bf5e263e
1507:             1             16  org.apache.maven.artifact.handler.DefaultArtifactHandler$__sisu2$$FastClassByGuice$$7827bfb4
1508:             1             16  org.apache.maven.artifact.handler.DefaultArtifactHandler$__sisu5$$FastClassByGuice$$7827bfb7
1509:             1             16  org.apache.maven.artifact.handler.DefaultArtifactHandler$__sisu6$$FastClassByGuice$$7827bfb8
1510:             1             16  org.apache.maven.artifact.handler.manager.DefaultArtifactHandlerManager$$FastClassByGuice$$cc76f00e
1511:             1             16  org.apache.maven.artifact.repository.layout.DefaultRepositoryLayout
1512:             1             16  org.apache.maven.artifact.repository.layout.DefaultRepositoryLayout$$FastClassByGuice$$3915dd72
1513:             1             16  org.apache.maven.artifact.repository.metadata.DefaultRepositoryMetadataManager$$FastClassByGuice$$22c07911
1514:             1             16  org.apache.maven.artifact.repository.metadata.io.DefaultMetadataReader
1515:             1             16  org.apache.maven.artifact.repository.metadata.io.DefaultMetadataReader$$FastClassByGuice$$d51407e9
1516:             1             16  org.apache.maven.artifact.resolver.DefaultArtifactCollector$$FastClassByGuice$$cd770e5f
1517:             1             16  org.apache.maven.artifact.resolver.DefaultArtifactResolver$$FastClassByGuice$$38fbf7f4
1518:             1             16  org.apache.maven.artifact.resolver.DefaultArtifactResolver$DaemonThreadCreator
1519:             1             16  org.apache.maven.artifact.resolver.DefaultResolutionErrorHandler
1520:             1             16  org.apache.maven.artifact.resolver.DefaultResolutionErrorHandler$$FastClassByGuice$$618745ea
1521:             1             16  org.apache.maven.bridge.MavenRepositorySystem$$FastClassByGuice$$2e9af098
1522:             1             16  org.apache.maven.classrealm.DefaultClassRealmManager$$FastClassByGuice$$6c5f5bd3
1523:             1             16  org.apache.maven.cli.configuration.SettingsXmlConfigurationProcessor$$FastClassByGuice$$ee2ad6b1
1524:             1             16  org.apache.maven.cli.internal.BootstrapCoreExtensionManager$$FastClassByGuice$$ae21e091
1525:             1             16  org.apache.maven.cli.logging.Slf4jLoggerManager
1526:             1             16  org.apache.maven.eventspy.internal.EventSpyDispatcher$$FastClassByGuice$$b0516387
1527:             1             16  org.apache.maven.execution.DefaultMavenExecutionRequestPopulator
1528:             1             16  org.apache.maven.execution.DefaultMavenExecutionRequestPopulator$$FastClassByGuice$$fb5f740e
1529:             1             16  org.apache.maven.execution.scope.internal.MojoExecutionScope
1530:             1             16  org.apache.maven.execution.scope.internal.MojoExecutionScope$1
1531:             1             16  org.apache.maven.extension.internal.CoreExportsProvider
1532:             1             16  org.apache.maven.extension.internal.CoreExportsProvider$$FastClassByGuice$$eac71388
1533:             1             16  org.apache.maven.graph.DefaultGraphBuilder$$FastClassByGuice$$424e6595
1534:             1             16  org.apache.maven.internal.aether.DefaultRepositorySystemSessionFactory$$FastClassByGuice$$6642f5bd
1535:             1             16  org.apache.maven.internal.aether.LoggingRepositoryListener
1536:             1             16  org.apache.maven.lifecycle.DefaultLifecycles$$FastClassByGuice$$57b45f0d
1537:             1             16  org.apache.maven.lifecycle.Lifecycle$$FastClassByGuice$$ca8cfe0d
1538:             1             16  org.apache.maven.lifecycle.Lifecycle$__sisu12$$FastClassByGuice$$6ac5b7f0
1539:             1             16  org.apache.maven.lifecycle.Lifecycle$__sisu13$$FastClassByGuice$$6ac5b7f1
1540:             1             16  org.apache.maven.lifecycle.internal.BuildListCalculator
1541:             1             16  org.apache.maven.lifecycle.internal.BuildListCalculator$$FastClassByGuice$$1a6ebda
1542:             1             16  org.apache.maven.lifecycle.internal.CompoundProjectExecutionListener
1543:             1             16  org.apache.maven.lifecycle.internal.DefaultExecutionEventCatapult
1544:             1             16  org.apache.maven.lifecycle.internal.DefaultExecutionEventCatapult$$FastClassByGuice$$7cce8c7
1545:             1             16  org.apache.maven.lifecycle.internal.DefaultLifecycleExecutionPlanCalculator$$FastClassByGuice$$3ea2b966
1546:             1             16  org.apache.maven.lifecycle.internal.DefaultLifecycleMappingDelegate
1547:             1             16  org.apache.maven.lifecycle.internal.DefaultLifecycleMappingDelegate$$FastClassByGuice$$b6edf896
1548:             1             16  org.apache.maven.lifecycle.internal.DefaultLifecyclePluginAnalyzer$$FastClassByGuice$$9d816076
1549:             1             16  org.apache.maven.lifecycle.internal.DefaultLifecycleTaskSegmentCalculator$$FastClassByGuice$$e7014d73
1550:             1             16  org.apache.maven.lifecycle.internal.DefaultMojoExecutionConfigurator
1551:             1             16  org.apache.maven.lifecycle.internal.DefaultMojoExecutionConfigurator$$FastClassByGuice$$480ae2f9
1552:             1             16  org.apache.maven.lifecycle.internal.DefaultProjectArtifactFactory
1553:             1             16  org.apache.maven.lifecycle.internal.DefaultProjectArtifactFactory$$FastClassByGuice$$87047eac
1554:             1             16  org.apache.maven.lifecycle.internal.ExecutionPlanItem
1555:             1             16  org.apache.maven.lifecycle.internal.GoalTask
1556:             1             16  org.apache.maven.lifecycle.internal.LifecycleDebugLogger
1557:             1             16  org.apache.maven.lifecycle.internal.LifecycleDebugLogger$$FastClassByGuice$$8dc111ed
1558:             1             16  org.apache.maven.lifecycle.internal.LifecycleDependencyResolver$$FastClassByGuice$$3eec7107
1559:             1             16  org.apache.maven.lifecycle.internal.LifecycleModuleBuilder$$FastClassByGuice$$d0f79139
1560:             1             16  org.apache.maven.lifecycle.internal.LifecyclePluginResolver
1561:             1             16  org.apache.maven.lifecycle.internal.LifecyclePluginResolver$$FastClassByGuice$$20ce5fef
1562:             1             16  org.apache.maven.lifecycle.internal.LifecycleStarter$$FastClassByGuice$$da3ec9b9
1563:             1             16  org.apache.maven.lifecycle.internal.MojoDescriptorCreator$$FastClassByGuice$$c460cea2
1564:             1             16  org.apache.maven.lifecycle.internal.MojoExecutor$$FastClassByGuice$$8c957e4e
1565:             1             16  org.apache.maven.lifecycle.internal.ProjectBuildList
1566:             1             16  org.apache.maven.lifecycle.internal.builder.BuilderCommon$$FastClassByGuice$$c846f8df
1567:             1             16  org.apache.maven.lifecycle.internal.builder.singlethreaded.SingleThreadedBuilder
1568:             1             16  org.apache.maven.lifecycle.internal.builder.singlethreaded.SingleThreadedBuilder$$FastClassByGuice$$b166ec34
1569:             1             16  org.apache.maven.lifecycle.mapping.DefaultLifecycleMapping$$FastClassByGuice$$a233bba8
1570:             1             16  org.apache.maven.lifecycle.mapping.DefaultLifecycleMapping$__sisu15$$FastClassByGuice$$eedb18b8
1571:             1             16  org.apache.maven.model.building.DefaultModelBuilder$$FastClassByGuice$$a531ac37
1572:             1             16  org.apache.maven.model.building.DefaultModelProcessor$$FastClassByGuice$$31b0522e
1573:             1             16  org.apache.maven.model.building.ModelBuildingEventCatapult$1
1574:             1             16  org.apache.maven.model.building.ModelCacheTag$1
1575:             1             16  org.apache.maven.model.building.ModelCacheTag$2
1576:             1             16  org.apache.maven.model.composition.DefaultDependencyManagementImporter
1577:             1             16  org.apache.maven.model.composition.DefaultDependencyManagementImporter$$FastClassByGuice$$cac0fd5f
1578:             1             16  org.apache.maven.model.inheritance.DefaultInheritanceAssembler
1579:             1             16  org.apache.maven.model.inheritance.DefaultInheritanceAssembler$$FastClassByGuice$$29e48b95
1580:             1             16  org.apache.maven.model.inheritance.DefaultInheritanceAssembler$InheritanceModelMerger
1581:             1             16  org.apache.maven.model.interpolation.StringSearchModelInterpolator$$FastClassByGuice$$9c4c124f
1582:             1             16  org.apache.maven.model.io.DefaultModelReader
1583:             1             16  org.apache.maven.model.io.DefaultModelReader$$FastClassByGuice$$42558e75
1584:             1             16  org.apache.maven.model.locator.DefaultModelLocator
1585:             1             16  org.apache.maven.model.locator.DefaultModelLocator$$FastClassByGuice$$ea777358
1586:             1             16  org.apache.maven.model.management.DefaultDependencyManagementInjector
1587:             1             16  org.apache.maven.model.management.DefaultDependencyManagementInjector$$FastClassByGuice$$d8d53bd6
1588:             1             16  org.apache.maven.model.management.DefaultDependencyManagementInjector$ManagementModelMerger
1589:             1             16  org.apache.maven.model.management.DefaultPluginManagementInjector
1590:             1             16  org.apache.maven.model.management.DefaultPluginManagementInjector$$FastClassByGuice$$884917be
1591:             1             16  org.apache.maven.model.management.DefaultPluginManagementInjector$ManagementModelMerger
1592:             1             16  org.apache.maven.model.normalization.DefaultModelNormalizer
1593:             1             16  org.apache.maven.model.normalization.DefaultModelNormalizer$$FastClassByGuice$$c457059c
1594:             1             16  org.apache.maven.model.normalization.DefaultModelNormalizer$DuplicateMerger
1595:             1             16  org.apache.maven.model.path.DefaultModelPathTranslator
1596:             1             16  org.apache.maven.model.path.DefaultModelPathTranslator$$FastClassByGuice$$9eae6cf2
1597:             1             16  org.apache.maven.model.path.DefaultModelUrlNormalizer
1598:             1             16  org.apache.maven.model.path.DefaultModelUrlNormalizer$$FastClassByGuice$$8fc1e2a1
1599:             1             16  org.apache.maven.model.path.DefaultPathTranslator
1600:             1             16  org.apache.maven.model.path.DefaultPathTranslator$$FastClassByGuice$$10ee9895
1601:             1             16  org.apache.maven.model.path.DefaultUrlNormalizer
1602:             1             16  org.apache.maven.model.path.DefaultUrlNormalizer$$FastClassByGuice$$fecc369e
1603:             1             16  org.apache.maven.model.plugin.DefaultLifecycleBindingsInjector$$FastClassByGuice$$8e76bf68
1604:             1             16  org.apache.maven.model.plugin.DefaultLifecycleBindingsInjector$LifecycleBindingsMerger
1605:             1             16  org.apache.maven.model.plugin.DefaultPluginConfigurationExpander
1606:             1             16  org.apache.maven.model.plugin.DefaultPluginConfigurationExpander$$FastClassByGuice$$db838766
1607:             1             16  org.apache.maven.model.plugin.DefaultReportConfigurationExpander
1608:             1             16  org.apache.maven.model.plugin.DefaultReportConfigurationExpander$$FastClassByGuice$$4f301c05
1609:             1             16  org.apache.maven.model.plugin.DefaultReportingConverter
1610:             1             16  org.apache.maven.model.plugin.DefaultReportingConverter$$FastClassByGuice$$227ac296
1611:             1             16  org.apache.maven.model.profile.DefaultProfileInjector
1612:             1             16  org.apache.maven.model.profile.DefaultProfileInjector$$FastClassByGuice$$a8223b7f
1613:             1             16  org.apache.maven.model.profile.DefaultProfileInjector$ProfileModelMerger
1614:             1             16  org.apache.maven.model.profile.DefaultProfileSelector
1615:             1             16  org.apache.maven.model.profile.DefaultProfileSelector$$FastClassByGuice$$de3f982a
1616:             1             16  org.apache.maven.model.profile.activation.FileProfileActivator
1617:             1             16  org.apache.maven.model.profile.activation.FileProfileActivator$$FastClassByGuice$$611ace7d
1618:             1             16  org.apache.maven.model.profile.activation.JdkVersionProfileActivator
1619:             1             16  org.apache.maven.model.profile.activation.JdkVersionProfileActivator$$FastClassByGuice$$216b2068
1620:             1             16  org.apache.maven.model.profile.activation.OperatingSystemProfileActivator
1621:             1             16  org.apache.maven.model.profile.activation.OperatingSystemProfileActivator$$FastClassByGuice$$fb25e9c7
1622:             1             16  org.apache.maven.model.profile.activation.PropertyProfileActivator
1623:             1             16  org.apache.maven.model.profile.activation.PropertyProfileActivator$$FastClassByGuice$$30b12256
1624:             1             16  org.apache.maven.model.superpom.DefaultSuperPomProvider$$FastClassByGuice$$644baea8
1625:             1             16  org.apache.maven.model.validation.DefaultModelValidator
1626:             1             16  org.apache.maven.model.validation.DefaultModelValidator$$FastClassByGuice$$ca7eed73
1627:             1             16  org.apache.maven.monitor.logging.DefaultLog
1628:             1             16  org.apache.maven.plugin.CompoundMojoExecutionListener
1629:             1             16  org.apache.maven.plugin.DefaultBuildPluginManager$$FastClassByGuice$$6a02c14b
1630:             1             16  org.apache.maven.plugin.DefaultExtensionRealmCache
1631:             1             16  org.apache.maven.plugin.DefaultExtensionRealmCache$$FastClassByGuice$$8ce8f393
1632:             1             16  org.apache.maven.plugin.DefaultPluginArtifactsCache
1633:             1             16  org.apache.maven.plugin.DefaultPluginArtifactsCache$$FastClassByGuice$$bc733593
1634:             1             16  org.apache.maven.plugin.DefaultPluginDescriptorCache
1635:             1             16  org.apache.maven.plugin.DefaultPluginDescriptorCache$$FastClassByGuice$$ea064121
1636:             1             16  org.apache.maven.plugin.DefaultPluginRealmCache
1637:             1             16  org.apache.maven.plugin.DefaultPluginRealmCache$$FastClassByGuice$$9b8f75a5
1638:             1             16  org.apache.maven.plugin.descriptor.PluginDescriptorBuilder
1639:             1             16  org.apache.maven.plugin.internal.DefaultLegacySupport
1640:             1             16  org.apache.maven.plugin.internal.DefaultLegacySupport$$FastClassByGuice$$88a186d4
1641:             1             16  org.apache.maven.plugin.internal.DefaultMavenPluginManager$$FastClassByGuice$$5e2262e1
1642:             1             16  org.apache.maven.plugin.internal.DefaultPluginDependenciesResolver$$FastClassByGuice$$b5c1cfd4
1643:             1             16  org.apache.maven.plugin.prefix.internal.DefaultPluginPrefixResolver$$FastClassByGuice$$5b621955
1644:             1             16  org.apache.maven.plugin.version.internal.DefaultPluginVersionResolver$$FastClassByGuice$$4ebdfbc3
1645:             1             16  org.apache.maven.project.DefaultMavenProjectBuilder$$FastClassByGuice$$8d9db99a
1646:             1             16  org.apache.maven.project.DefaultProjectBuilder$$FastClassByGuice$$2dd54135
1647:             1             16  org.apache.maven.project.DefaultProjectBuildingHelper$$FastClassByGuice$$b15bc4a8
1648:             1             16  org.apache.maven.project.DefaultProjectDependenciesResolver$$FastClassByGuice$$57f77cf5
1649:             1             16  org.apache.maven.project.DefaultProjectRealmCache
1650:             1             16  org.apache.maven.project.DefaultProjectRealmCache$$FastClassByGuice$$726c3659
1651:             1             16  org.apache.maven.project.ReactorModelCache
1652:             1             16  org.apache.maven.project.artifact.DefaultMavenMetadataCache
1653:             1             16  org.apache.maven.project.artifact.DefaultMavenMetadataCache$$FastClassByGuice$$65dafb7b
1654:             1             16  org.apache.maven.project.artifact.DefaultMetadataSource$$FastClassByGuice$$2514eb5d
1655:             1             16  org.apache.maven.project.artifact.DefaultProjectArtifactsCache
1656:             1             16  org.apache.maven.project.artifact.DefaultProjectArtifactsCache$$FastClassByGuice$$359d3c07
1657:             1             16  org.apache.maven.repository.DefaultMirrorSelector
1658:             1             16  org.apache.maven.repository.DefaultMirrorSelector$$FastClassByGuice$$4dc3e4b4
1659:             1             16  org.apache.maven.repository.internal.SnapshotMetadataGeneratorFactory$$FastClassByGuice$$cf488210
1660:             1             16  org.apache.maven.repository.internal.VersionsMetadataGeneratorFactory$$FastClassByGuice$$d614d5e7
1661:             1             16  org.apache.maven.repository.legacy.DefaultUpdateCheckManager
1662:             1             16  org.apache.maven.repository.legacy.DefaultUpdateCheckManager$$FastClassByGuice$$2b949075
1663:             1             16  org.apache.maven.repository.legacy.DefaultWagonManager$$FastClassByGuice$$32cc7f58
1664:             1             16  org.apache.maven.repository.legacy.LegacyRepositorySystem$$FastClassByGuice$$87cf4e5c
1665:             1             16  org.apache.maven.repository.legacy.repository.DefaultArtifactRepositoryFactory$$FastClassByGuice$$7a50cbb7
1666:             1             16  org.apache.maven.repository.legacy.resolver.conflict.NearestConflictResolver
1667:             1             16  org.apache.maven.repository.legacy.resolver.conflict.NearestConflictResolver$$FastClassByGuice$$30bea0a8
1668:             1             16  org.apache.maven.rtinfo.internal.DefaultRuntimeInformation$$FastClassByGuice$$e2bc7409
1669:             1             16  org.apache.maven.session.scope.internal.SessionScope
1670:             1             16  org.apache.maven.session.scope.internal.SessionScope$1
1671:             1             16  org.apache.maven.session.scope.internal.SessionScope$Memento
1672:             1             16  org.apache.maven.settings.RuntimeInfo
1673:             1             16  org.apache.maven.settings.building.DefaultSettingsBuilder$$FastClassByGuice$$d4ee725f
1674:             1             16  org.apache.maven.settings.crypto.DefaultSettingsDecrypter
1675:             1             16  org.apache.maven.settings.crypto.DefaultSettingsDecrypter$$FastClassByGuice$$60fc0ed1
1676:             1             16  org.apache.maven.settings.io.DefaultSettingsReader
1677:             1             16  org.apache.maven.settings.io.DefaultSettingsReader$$FastClassByGuice$$1ae503f1
1678:             1             16  org.apache.maven.settings.io.DefaultSettingsWriter
1679:             1             16  org.apache.maven.settings.io.DefaultSettingsWriter$$FastClassByGuice$$24284fa1
1680:             1             16  org.apache.maven.settings.merge.MavenSettingsMerger
1681:             1             16  org.apache.maven.settings.validation.DefaultSettingsValidator
1682:             1             16  org.apache.maven.settings.validation.DefaultSettingsValidator$$FastClassByGuice$$3ee15371
1683:             1             16  org.apache.maven.toolchain.building.DefaultToolchainsBuilder$$FastClassByGuice$$7bac36c
1684:             1             16  org.apache.maven.toolchain.io.DefaultToolchainsReader
1685:             1             16  org.apache.maven.toolchain.io.DefaultToolchainsReader$$FastClassByGuice$$7c93a1c4
1686:             1             16  org.apache.maven.toolchain.merge.MavenToolchainMerger
1687:             1             16  org.codehaus.mojo.exec.ExecJavaMojo$$FastClassByGuice$$3473f350
1688:             1             16  org.codehaus.mojo.exec.ExecJavaMojo$1
1689:             1             16  org.codehaus.plexus.DefaultPlexusContainer$$FastClassByGuice$$bf3ba334
1690:             1             16  org.codehaus.plexus.DefaultPlexusContainer$ContainerModule
1691:             1             16  org.codehaus.plexus.DefaultPlexusContainer$LoggerManagerProvider
1692:             1             16  org.codehaus.plexus.DefaultPlexusContainer$LoggerProvider
1693:             1             16  org.codehaus.plexus.DefaultPlexusContainer$SLF4JLoggerFactoryProvider
1694:             1             16  org.codehaus.plexus.component.configurator.BasicComponentConfigurator
1695:             1             16  org.codehaus.plexus.component.configurator.BasicComponentConfigurator$$FastClassByGuice$$a85c300b
1696:             1             16  org.codehaus.plexus.component.configurator.converters.basic.BooleanConverter
1697:             1             16  org.codehaus.plexus.component.configurator.converters.basic.ByteConverter
1698:             1             16  org.codehaus.plexus.component.configurator.converters.basic.CharConverter
1699:             1             16  org.codehaus.plexus.component.configurator.converters.basic.DateConverter
1700:             1             16  org.codehaus.plexus.component.configurator.converters.basic.DoubleConverter
1701:             1             16  org.codehaus.plexus.component.configurator.converters.basic.EnumConverter
1702:             1             16  org.codehaus.plexus.component.configurator.converters.basic.FileConverter
1703:             1             16  org.codehaus.plexus.component.configurator.converters.basic.FloatConverter
1704:             1             16  org.codehaus.plexus.component.configurator.converters.basic.IntConverter
1705:             1             16  org.codehaus.plexus.component.configurator.converters.basic.LongConverter
1706:             1             16  org.codehaus.plexus.component.configurator.converters.basic.ShortConverter
1707:             1             16  org.codehaus.plexus.component.configurator.converters.basic.StringBufferConverter
1708:             1             16  org.codehaus.plexus.component.configurator.converters.basic.StringBuilderConverter
1709:             1             16  org.codehaus.plexus.component.configurator.converters.basic.StringConverter
1710:             1             16  org.codehaus.plexus.component.configurator.converters.basic.UriConverter
1711:             1             16  org.codehaus.plexus.component.configurator.converters.basic.UrlConverter
1712:             1             16  org.codehaus.plexus.component.configurator.converters.composite.ArrayConverter
1713:             1             16  org.codehaus.plexus.component.configurator.converters.composite.CollectionConverter
1714:             1             16  org.codehaus.plexus.component.configurator.converters.composite.MapConverter
1715:             1             16  org.codehaus.plexus.component.configurator.converters.composite.ObjectWithFieldsConverter
1716:             1             16  org.codehaus.plexus.component.configurator.converters.composite.PlexusConfigurationConverter
1717:             1             16  org.codehaus.plexus.component.configurator.converters.composite.PropertiesConverter
1718:             1             16  org.codehaus.plexus.component.configurator.converters.special.ClassRealmConverter
1719:             1             16  org.codehaus.plexus.component.configurator.expression.DefaultExpressionEvaluator
1720:             1             16  org.codehaus.plexus.context.ContextMapAdapter
1721:             1             16  org.codehaus.plexus.context.DefaultContext
1722:             1             16  org.codehaus.plexus.interpolation.reflection.ClassMap$CacheMiss
1723:             1             16  org.codehaus.plexus.util.introspection.ClassMap$CacheMiss
1724:             1             16  org.eclipse.aether.DefaultRepositoryCache
1725:             1             16  org.eclipse.aether.DefaultRepositorySystemSession$NullArtifactTypeRegistry
1726:             1             16  org.eclipse.aether.DefaultRepositorySystemSession$NullAuthenticationSelector
1727:             1             16  org.eclipse.aether.DefaultRepositorySystemSession$NullFileTransformerManager
1728:             1             16  org.eclipse.aether.DefaultRepositorySystemSession$NullMirrorSelector
1729:             1             16  org.eclipse.aether.DefaultRepositorySystemSession$NullProxySelector
1730:             1             16  org.eclipse.aether.DefaultSessionData
1731:             1             16  org.eclipse.aether.internal.impl.DefaultChecksumPolicyProvider$$FastClassByGuice$$e82c992
1732:             1             16  org.eclipse.aether.internal.impl.DefaultFileProcessor$$FastClassByGuice$$e5df0bca
1733:             1             16  org.eclipse.aether.internal.impl.DefaultOfflineController$$FastClassByGuice$$96eaed33
1734:             1             16  org.eclipse.aether.internal.impl.DefaultSyncContextFactory$$FastClassByGuice$$75a6e702
1735:             1             16  org.eclipse.aether.internal.impl.DefaultUpdatePolicyAnalyzer$$FastClassByGuice$$6cf7e54d
1736:             1             16  org.eclipse.aether.internal.impl.EnhancedLocalRepositoryManagerFactory
1737:             1             16  org.eclipse.aether.internal.impl.EnhancedLocalRepositoryManagerFactory$$FastClassByGuice$$d2cdc3c7
1738:             1             16  org.eclipse.aether.internal.impl.LoggerFactoryProvider$$FastClassByGuice$$296fc5f6
1739:             1             16  org.eclipse.aether.internal.impl.Maven2RepositoryLayoutFactory$$FastClassByGuice$$4bf9e0da
1740:             1             16  org.eclipse.aether.internal.impl.SimpleLocalRepositoryManagerFactory$$FastClassByGuice$$5bf145cb
1741:             1             16  org.eclipse.aether.internal.impl.TrackingFileManager
1742:             1             16  org.eclipse.aether.internal.transport.wagon.PlexusWagonConfigurator$$FastClassByGuice$$5cf7cbd4
1743:             1             16  org.eclipse.aether.internal.transport.wagon.PlexusWagonProvider$$FastClassByGuice$$43eb1e10
1744:             1             16  org.eclipse.aether.util.graph.selector.ExclusionDependencySelector$ExclusionComparator
1745:             1             16  org.eclipse.aether.util.graph.selector.OptionalDependencySelector
1746:             1             16  org.eclipse.aether.util.graph.transformer.JavaScopeDeriver
1747:             1             16  org.eclipse.aether.util.graph.transformer.JavaScopeSelector
1748:             1             16  org.eclipse.aether.util.graph.transformer.NearestVersionSelector
1749:             1             16  org.eclipse.aether.util.graph.transformer.SimpleOptionalitySelector
1750:             1             16  org.eclipse.aether.util.graph.traverser.FatArtifactTraverser
1751:             1             16  org.eclipse.aether.util.repository.DefaultAuthenticationSelector
1752:             1             16  org.eclipse.aether.util.repository.DefaultMirrorSelector
1753:             1             16  org.eclipse.aether.util.repository.DefaultProxySelector
1754:             1             16  org.eclipse.aether.util.repository.SimpleArtifactDescriptorPolicy
1755:             1             16  org.eclipse.sisu.bean.BeanScheduler$1
1756:             1             16  org.eclipse.sisu.bean.BeanScheduler$Activator
1757:             1             16  org.eclipse.sisu.bean.PropertyBinder$1
1758:             1             16  org.eclipse.sisu.inject.HiddenSource
1759:             1             16  org.eclipse.sisu.inject.Implementations$ClassFinder
1760:             1             16  org.eclipse.sisu.inject.ImplicitBindings
1761:             1             16  org.eclipse.sisu.inject.Logs$SLF4JSink
1762:             1             16  org.eclipse.sisu.plexus.ComponentDescriptorBeanModule$ComponentMetadata
1763:             1             16  org.eclipse.sisu.plexus.ComponentDescriptorBeanModule$PlexusDescriptorBeanSource
1764:             1             16  org.eclipse.sisu.plexus.PlexusAnnotatedBeanModule$1
1765:             1             16  org.eclipse.sisu.plexus.PlexusXmlBeanConverter
1766:             1             16  org.eclipse.sisu.space.SpaceModule$Strategy$1
1767:             1             16  org.eclipse.sisu.wire.BeanProviders
1768:             1             16  org.eclipse.sisu.wire.FileTypeConverter
1769:             1             16  org.eclipse.sisu.wire.URLTypeConverter
1770:             1             16  org.eclipse.sisu.wire.WireModule$Strategy$1
1771:             1             16  org.fusesource.jansi.Ansi$1
1772:             1             16  org.fusesource.jansi.Ansi$2
1773:             1             16  org.slf4j.helpers.NOPLoggerFactory
1774:             1             16  org.slf4j.impl.MavenSimpleLoggerFactory
1775:             1             16  org.slf4j.impl.StaticLoggerBinder
1776:             1             16  org.sonatype.plexus.components.cipher.DefaultPlexusCipher
1777:             1             16  org.sonatype.plexus.components.cipher.DefaultPlexusCipher$$FastClassByGuice$$f9038c08
1778:             1             16  org.sonatype.plexus.components.sec.dispatcher.DefaultSecDispatcher$__sisu14$$FastClassByGuice$$6869d830
1779:             1             16  sun.misc.Unsafe (jdk.unsupported@11)
1780:             1             16  sun.net.DefaultProgressMeteringPolicy (java.base@11)
1781:             1             16  sun.net.ext.ExtendedSocketOptions$$Lambda$45/0x0000000100292040 (java.base@11)
1782:             1             16  sun.net.www.protocol.file.Handler (java.base@11)
1783:             1             16  sun.net.www.protocol.jar.Handler (java.base@11)
1784:             1             16  sun.net.www.protocol.jar.JarFileFactory (java.base@11)
1785:             1             16  sun.net.www.protocol.jrt.Handler (java.base@11)
1786:             1             16  sun.nio.ch.EPollSelectorProvider (java.base@11)
1787:             1             16  sun.nio.ch.ExtendedSocketOption$1 (java.base@11)
1788:             1             16  sun.nio.ch.Net$1 (java.base@11)
1789:             1             16  sun.nio.ch.SocketDispatcher (java.base@11)
1790:             1             16  sun.nio.ch.Util$1 (java.base@11)
1791:             1             16  sun.nio.fs.NativeBuffers$1 (java.base@11)
1792:             1             16  sun.reflect.generics.tree.BooleanSignature (java.base@11)
1793:             1             16  sun.reflect.generics.tree.BottomSignature (java.base@11)
1794:             1             16  sun.reflect.generics.tree.VoidDescriptor (java.base@11)
1795:             1             16  sun.security.jca.ProviderConfig$ProviderLoader (java.base@11)
1796:             1             16  sun.security.ssl.DummyX509KeyManager (java.base@11)
1797:             1             16  sun.security.ssl.EphemeralKeyManager (java.base@11)
1798:             1             16  sun.security.util.ByteArrayLexOrder (java.base@11)
1799:             1             16  sun.security.util.ByteArrayTagOrder (java.base@11)
1800:             1             16  sun.security.util.KeyStoreDelegator$$Lambda$43/0x0000000100294040 (java.base@11)
1801:             1             16  sun.util.calendar.Gregorian (java.base@11)
1802:             1             16  sun.util.cldr.CLDRBaseLocaleDataMetaInfo (java.base@11)
1803:             1             16  sun.util.locale.InternalLocaleBuilder$CaseInsensitiveChar (java.base@11)
1804:             1             16  sun.util.locale.provider.CalendarDataUtility$CalendarWeekParameterGetter (java.base@11)
1805:             1             16  sun.util.resources.LocaleData$LocaleDataStrategy (java.base@11)
1806:             1             16  sun.util.resources.cldr.provider.CLDRLocaleDataMetaInfo (jdk.localedata@11)
Total       3501437      123420432
